Component: ARM Compiler 5.06 update 7 (build 960) Tool: armlink [4d3601]

==============================================================================

Section Cross References

    main.o(i.adv_updata_timeout_handle) refers to main.o(.data) for app_process_events
    main.o(i.advertising_init) refers to memseta.o(.text) for __aeabi_memclr4
    main.o(i.advertising_init) refers to ble_advertising.o(i.ble_advertising_init) for ble_advertising_init
    main.o(i.advertising_init) refers to app_error.o(i.app_error_handler_bare) for app_error_handler_bare
    main.o(i.advertising_init) refers to ble_advertising.o(i.ble_advertising_conn_cfg_tag_set) for ble_advertising_conn_cfg_tag_set
    main.o(i.advertising_init) refers to main.o(.data) for m_beacon_info
    main.o(i.advertising_init) refers to main.o(i.on_adv_evt) for on_adv_evt
    main.o(i.advertising_init) refers to main.o(.bss) for m_advertising
    main.o(i.advertising_start) refers to ble_advertising.o(i.ble_advertising_start) for ble_advertising_start
    main.o(i.advertising_start) refers to app_error.o(i.app_error_handler_bare) for app_error_handler_bare
    main.o(i.advertising_start) refers to main.o(.bss) for m_advertising
    main.o(i.app_advertising_data_update) refers to memseta.o(.text) for __aeabi_memclr4
    main.o(i.app_advertising_data_update) refers to ble_advertising.o(i.ble_advertising_modes_config_set) for ble_advertising_modes_config_set
    main.o(i.app_advertising_data_update) refers to ble_advertising.o(i.ble_advertising_advdata_update) for ble_advertising_advdata_update
    main.o(i.app_advertising_data_update) refers to app_error.o(i.app_error_handler_bare) for app_error_handler_bare
    main.o(i.app_advertising_data_update) refers to ble_advertising.o(i.ble_advertising_start) for ble_advertising_start
    main.o(i.app_advertising_data_update) refers to main.o(.data) for seq_count
    main.o(i.app_advertising_data_update) refers to main.o(.bss) for m_advertising
    main.o(i.app_sys_event_handle) refers to main.o(i.app_advertising_data_update) for app_advertising_data_update
    main.o(i.app_sys_event_handle) refers to main.o(.data) for app_process_events
    main.o(i.assert_nrf_callback) refers to app_error_handler_keil.o(.emb_text) for app_error_handler
    main.o(i.ble_evt_handler) refers to bsp.o(i.bsp_indication_set) for bsp_indication_set
    main.o(i.ble_evt_handler) refers to app_error.o(i.app_error_handler_bare) for app_error_handler_bare
    main.o(i.ble_evt_handler) refers to nrf_ble_qwr.o(i.nrf_ble_qwr_conn_handle_assign) for nrf_ble_qwr_conn_handle_assign
    main.o(i.ble_evt_handler) refers to ble_diy_inf.o(i.set_wattr_flg) for set_wattr_flg
    main.o(i.ble_evt_handler) refers to ble_diy_inf.o(i.get_wattr_flg) for get_wattr_flg
    main.o(i.ble_evt_handler) refers to memseta.o(.text) for __aeabi_memclr
    main.o(i.ble_evt_handler) refers to memcpya.o(.text) for __aeabi_memcpy
    main.o(i.ble_evt_handler) refers to crc.o(i.crc8) for crc8
    main.o(i.ble_evt_handler) refers to nvram.o(i.nvram_block_write) for nvram_block_write
    main.o(i.ble_evt_handler) refers to main.o(i.NVIC_SystemReset) for NVIC_SystemReset
    main.o(i.ble_evt_handler) refers to main.o(.data) for m_conn_handle
    main.o(i.ble_evt_handler) refers to main.o(.bss) for m_qwr
    main.o(i.ble_stack_init) refers to nrf_sdh.o(i.nrf_sdh_enable_request) for nrf_sdh_enable_request
    main.o(i.ble_stack_init) refers to app_error.o(i.app_error_handler_bare) for app_error_handler_bare
    main.o(i.ble_stack_init) refers to nrf_sdh_ble.o(i.nrf_sdh_ble_default_cfg_set) for nrf_sdh_ble_default_cfg_set
    main.o(i.ble_stack_init) refers to nrf_sdh_ble.o(i.nrf_sdh_ble_enable) for nrf_sdh_ble_enable
    main.o(i.bsp_event_handler) refers to app_error.o(i.app_error_handler_bare) for app_error_handler_bare
    main.o(i.bsp_event_handler) refers to ble_advertising.o(i.ble_advertising_restart_without_whitelist) for ble_advertising_restart_without_whitelist
    main.o(i.bsp_event_handler) refers to main.o(.data) for m_conn_handle
    main.o(i.bsp_event_handler) refers to main.o(.bss) for m_advertising
    main.o(i.conn_params_error_handler) refers to app_error.o(i.app_error_handler_bare) for app_error_handler_bare
    main.o(i.conn_params_init) refers to memseta.o(.text) for __aeabi_memclr4
    main.o(i.conn_params_init) refers to ble_conn_params.o(i.ble_conn_params_init) for ble_conn_params_init
    main.o(i.conn_params_init) refers to app_error.o(i.app_error_handler_bare) for app_error_handler_bare
    main.o(i.conn_params_init) refers to main.o(i.on_conn_params_evt) for on_conn_params_evt
    main.o(i.conn_params_init) refers to main.o(i.conn_params_error_handler) for conn_params_error_handler
    main.o(i.gap_params_init) refers to app_error.o(i.app_error_handler_bare) for app_error_handler_bare
    main.o(i.gatt_init) refers to nrf_ble_gatt.o(i.nrf_ble_gatt_init) for nrf_ble_gatt_init
[...]
    i.tx_power_level_encode                  0x0001ea7c   Section        0  ble_advdata.o(i.tx_power_level_encode)
    tx_power_level_encode                    0x0001ea7d   Thumb Code    54  ble_advdata.o(i.tx_power_level_encode)
    i.uint16_decode                          0x0001eab2   Section        0  ble_srv_common.o(i.uint16_decode)
    uint16_decode                            0x0001eab3   Thumb Code    12  ble_srv_common.o(i.uint16_decode)
    i.uint16_encode                          0x0001eabe   Section        0  ble_advdata.o(i.uint16_encode)
    uint16_encode                            0x0001eabf   Thumb Code    12  ble_advdata.o(i.uint16_encode)
    i.use_whitelist                          0x0001eaca   Section        0  ble_advertising.o(i.use_whitelist)
    use_whitelist                            0x0001eacb   Thumb Code    30  ble_advertising.o(i.use_whitelist)
    i.user_mem_reply                         0x0001eae8   Section        0  nrf_ble_qwr.o(i.user_mem_reply)
    user_mem_reply                           0x0001eae9   Thumb Code    44  nrf_ble_qwr.o(i.user_mem_reply)
    i.uuid_list_encode                       0x0001eb14   Section        0  ble_advdata.o(i.uuid_list_encode)
    uuid_list_encode                         0x0001eb15   Thumb Code    78  ble_advdata.o(i.uuid_list_encode)
    i.uuid_list_sized_encode                 0x0001eb62   Section        0  ble_advdata.o(i.uuid_list_sized_encode)
    uuid_list_sized_encode                   0x0001eb63   Thumb Code   214  ble_advdata.o(i.uuid_list_sized_encode)
    i.vbat_init                              0x0001ec38   Section        0  vbat.o(i.vbat_init)
    i.vbat_read_value                        0x0001ec7c   Section        0  vbat.o(i.vbat_read_value)
    i.whitelist_has_entries                  0x0001ed0c   Section        0  ble_advertising.o(i.whitelist_has_entries)
    whitelist_has_entries                    0x0001ed0d   Thumb Code     8  ble_advertising.o(i.whitelist_has_entries)
    .constdata                               0x0001ed20   Section      176  main.o(.constdata)
    adv_updata_id                            0x0001ed20   Data           4  main.o(.constdata)
    sys_restart_timeout_id                   0x0001ed24   Data           4  main.o(.constdata)
    delay_machine_code                       0x0001edb0   Data           6  main.o(.constdata)
    .constdata                               0x0001edd0   Section       20  nvram.o(.constdata)
    .constdata                               0x0001ede4   Section        8  boards.o(.constdata)
    m_board_led_list                         0x0001ede4   Data           4  boards.o(.constdata)
    m_board_btn_list                         0x0001ede8   Data           4  boards.o(.constdata)
    .constdata                               0x0001edec   Section       44  bsp.o(.constdata)
    m_bsp_leds_tmr                           0x0001edec   Data           4  bsp.o(.constdata)
    m_bsp_alert_tmr                          0x0001edf0   Data           4  bsp.o(.constdata)
    m_bsp_button_tmr                         0x0001edf4   Data           4  bsp.o(.constdata)
    app_buttons                              0x0001edf8   Data          32  bsp.o(.constdata)
    .constdata                               0x0001ee18   Section       14  nrf_ble_gatt.o(.constdata)
    .constdata                               0x0001ee28   Section       62  nrfx_gpiote.o(.constdata)
    __func__                                 0x0001ee2c   Data          17  nrfx_gpiote.o(.constdata)
    __func__                                 0x0001ee3d   Data          21  nrfx_gpiote.o(.constdata)
    __func__                                 0x0001ee52   Data          20  nrfx_gpiote.o(.constdata)
    .constdata                               0x0001ee70   Section      170  nrfx_saadc.o(.constdata)
    delay_machine_code                       0x0001ee70   Data           6  nrfx_saadc.o(.constdata)
    __func__                                 0x0001ee76   Data          16  nrfx_saadc.o(.constdata)
    __func__                                 0x0001ee86   Data          24  nrfx_saadc.o(.constdata)
    __func__                                 0x0001ee9e   Data          26  nrfx_saadc.o(.constdata)
    __func__                                 0x0001eeb8   Data          26  nrfx_saadc.o(.constdata)
    __func__                                 0x0001eed2   Data          26  nrfx_saadc.o(.constdata)
    __func__                                 0x0001eeec   Data          18  nrfx_saadc.o(.constdata)
    __func__                                 0x0001eefe   Data          28  nrfx_saadc.o(.constdata)
    .constdata                               0x0001ef1c   Section       20  app_timer2.o(.constdata)
    m_req_fifo                               0x0001ef1c   Data           4  app_timer2.o(.constdata)
    m_app_timer_sortlist                     0x0001ef20   Data          12  app_timer2.o(.constdata)
    .constdata                               0x0001ef30   Section        6  drv_rtc.o(.constdata)
    delay_machine_code                       0x0001ef30   Data           6  drv_rtc.o(.constdata)
    .constdata                               0x0001ef38   Section       36  nrf_pwr_mgmt.o(.constdata)
    pwr_mgmt_data_array                      0x0001ef38   Data          24  nrf_pwr_mgmt.o(.constdata)
    pwr_mgmt_data                            0x0001ef50   Data          12  nrf_pwr_mgmt.o(.constdata)
    .constdata                               0x0001ef5c   Section       88  nrf_sdh.o(.constdata)
    sdh_req_observers_array                  0x0001ef5c   Data          16  nrf_sdh.o(.constdata)
    sdh_req_observers                        0x0001ef6c   Data          12  nrf_sdh.o(.constdata)
    sdh_state_observers_array                0x0001ef78   Data          16  nrf_sdh.o(.constdata)
    sdh_state_observers                      0x0001ef88   Data          12  nrf_sdh.o(.constdata)
    sdh_stack_observers_array                0x0001ef94   Data          16  nrf_sdh.o(.constdata)
    sdh_stack_observers                      0x0001efa4   Data          12  nrf_sdh.o(.constdata)
    .constdata                               0x0001efb4   Section       48  nrf_sdh_ble.o(.constdata)
    sdh_ble_observers_array                  0x0001efb4   Data          32  nrf_sdh_ble.o(.constdata)
    sdh_ble_observers                        0x0001efd4   Data          12  nrf_sdh_ble.o(.constdata)
    .constdata                               0x0001efe4   Section       28  nrf_sdh_soc.o(.constdata)
    sdh_soc_observers_array                  0x0001efe4   Data          16  nrf_sdh_soc.o(.constdata)
    sdh_soc_observers                        0x0001eff4   Data          12  nrf_sdh_soc.o(.constdata)
    sdh_ble_observers0                       0x0001f020   Section        8  ble_conn_state.o(sdh_ble_observers0)
    __tagsym$$used                           0x0001f020   Number         0  ble_conn_state.o(sdh_ble_observers0)
    m_ble_evt_observer                       0x0001f020   Data           8  ble_conn_state.o(sdh_ble_observers0)
    sdh_ble_observers1                       0x0001f028   Section       16  main.o(sdh_ble_observers1)
    __tagsym$$used                           0x0001f028   Number         0  main.o(sdh_ble_observers1)
    m_gatt_obs                               0x0001f028   Data           8  main.o(sdh_ble_observers1)
    __tagsym$$used                           0x0001f030   Number         0  main.o(sdh_ble_observers1)
    m_advertising_ble_obs                    0x0001f030   Data           8  main.o(sdh_ble_observers1)
    sdh_ble_observers1                       0x0001f038   Section        8  ble_conn_params.o(sdh_ble_observers1)
    __tagsym$$used                           0x0001f038   Number         0  ble_conn_params.o(sdh_ble_observers1)
    m_ble_observer                           0x0001f038   Data           8  ble_conn_params.o(sdh_ble_observers1)
    sdh_ble_observers1                       0x0001f040   Section        8  ble_diy_inf.o(sdh_ble_observers1)
    __tagsym$$used                           0x0001f040   Number         0  ble_diy_inf.o(sdh_ble_observers1)
    m_diy_obs                                0x0001f040   Data           8  ble_diy_inf.o(sdh_ble_observers1)
    sdh_ble_observers2                       0x0001f048   Section        8  main.o(sdh_ble_observers2)
    __tagsym$$used                           0x0001f048   Number         0  main.o(sdh_ble_observers2)
    m_qwr_obs                                0x0001f048   Data           8  main.o(sdh_ble_observers2)
    sdh_ble_observers3                       0x0001f050   Section        8  main.o(sdh_ble_observers3)
    __tagsym$$used                           0x0001f050   Number         0  main.o(sdh_ble_observers3)
    m_ble_observer                           0x0001f050   Data           8  main.o(sdh_ble_observers3)
    sdh_soc_observers0                       0x0001f058   Section        8  nrf_drv_clock.o(sdh_soc_observers0)
    __tagsym$$used                           0x0001f058   Number         0  nrf_drv_clock.o(sdh_soc_observers0)
    m_soc_evt_observer                       0x0001f058   Data           8  nrf_drv_clock.o(sdh_soc_observers0)
    sdh_stack_observers0                     0x0001f060   Section        8  nrf_sdh_ble.o(sdh_stack_observers0)
    __tagsym$$used                           0x0001f060   Number         0  nrf_sdh_ble.o(sdh_stack_observers0)
    m_nrf_sdh_ble_evts_poll                  0x0001f060   Data           8  nrf_sdh_ble.o(sdh_stack_observers0)
    sdh_stack_observers0                     0x0001f068   Section        8  nrf_sdh_soc.o(sdh_stack_observers0)
    __tagsym$$used                           0x0001f068   Number         0  nrf_sdh_soc.o(sdh_stack_observers0)
    m_nrf_sdh_soc_evts_poll                  0x0001f068   Data           8  nrf_sdh_soc.o(sdh_stack_observers0)
    sdh_state_observers0                     0x0001f070   Section        8  nrf_drv_clock.o(sdh_state_observers0)
    __tagsym$$used                           0x0001f070   Number         0  nrf_drv_clock.o(sdh_state_observers0)
    m_sd_state_observer                      0x0001f070   Data           8  nrf_drv_clock.o(sdh_state_observers0)
    .data                                    0x200022c8   Section       49  main.o(.data)
    vbat                                     0x200022ca   Data           2  main.o(.data)
    m_conn_handle                            0x200022cc   Data           2  main.o(.data)
    seq_count                                0x200022ce   Data           1  main.o(.data)
    vol_16                                   0x200022d0   Data           2  main.o(.data)
    m_beacon_info                            0x200022d2   Data          27  main.o(.data)
    .data                                    0x200022f9   Section       13  vbat.o(.data)
    .data                                    0x20002308   Section       21  bsp.o(.data)
    m_stable_state                           0x20002308   Data           1  bsp.o(.data)
    m_leds_clear                             0x20002309   Data           1  bsp.o(.data)
    m_indication_type                        0x2000230c   Data           4  bsp.o(.data)
    m_alert_on                               0x20002310   Data           1  bsp.o(.data)
    m_registered_callback                    0x20002314   Data           4  bsp.o(.data)
    current_long_push_pin_no                 0x20002318   Data           1  bsp.o(.data)
    release_event_at_push                    0x20002319   Data           4  bsp.o(.data)
    .data                                    0x2000231e   Section        8  ble_conn_params.o(.data)
    m_preferred_conn_params                  0x2000231e   Data           8  ble_conn_params.o(.data)
    .data                                    0x20002326   Section       69  ble_dev_inf.o(.data)
    mac_address                              0x20002326   Data           6  ble_dev_inf.o(.data)
    fw_release_time                          0x2000232c   Data          10  ble_dev_inf.o(.data)
    serial_number                            0x20002336   Data          13  ble_dev_inf.o(.data)
    firmware_rev                             0x20002343   Data          15  ble_dev_inf.o(.data)
    hardware_rev                             0x20002352   Data          15  ble_dev_inf.o(.data)
    manufacture_date                         0x20002361   Data          10  ble_dev_inf.o(.data)
    .data                                    0x2000236c   Section       52  ble_diy_inf.o(.data)
    char1                                    0x2000236c   Data           2  ble_diy_inf.o(.data)
    char3                                    0x2000236e   Data           1  ble_diy_inf.o(.data)
    char4                                    0x2000236f   Data           2  ble_diy_inf.o(.data)
    char5                                    0x20002371   Data           2  ble_diy_inf.o(.data)
    char6                                    0x20002373   Data           2  ble_diy_inf.o(.data)
    char7                                    0x20002375   Data           1  ble_diy_inf.o(.data)
    char60                                   0x20002376   Data           1  ble_diy_inf.o(.data)
    key_done                                 0x20002377   Data           1  ble_diy_inf.o(.data)
    w_attr                                   0x20002378   Data           1  ble_diy_inf.o(.data)
    m_diy_link_ctx_storage_ctx_data_pool     0x2000237c   Data           4  ble_diy_inf.o(.data)
    m_diy_link_ctx_storage                   0x20002380   Data           8  ble_diy_inf.o(.data)
    m_diy                                    0x20002388   Data          24  ble_diy_inf.o(.data)
    .data                                    0x200023a0   Section        8  nrfx_clock.o(.data)
    m_clock_cb                               0x200023a0   Data           8  nrfx_clock.o(.data)
    .data                                    0x200023a8   Section        8  nrfx_prs.o(.data)
    m_prs_box_2                              0x200023a8   Data           8  nrfx_prs.o(.data)
    .data                                    0x200023b0   Section        2  nrfx_wdt.o(.data)
    m_state                                  0x200023b0   Data           1  nrfx_wdt.o(.data)
    m_alloc_index                            0x200023b1   Data           1  nrfx_wdt.o(.data)
    .data                                    0x200023b8   Section       36  app_timer2.o(.data)
    m_rtc_inst                               0x200023b8   Data           8  app_timer2.o(.data)
    mp_active_timer                          0x200023c0   Data           4  app_timer2.o(.data)
    m_global_active                          0x200023c4   Data           1  app_timer2.o(.data)
    m_base_counter                           0x200023c8   Data           8  app_timer2.o(.data)
    m_stamp64                                0x200023d0   Data           8  app_timer2.o(.data)
    m_app_timer_sortlist_sortlist_cb         0x200023d8   Data           4  app_timer2.o(.data)
    .data                                    0x200023dc   Section       12  drv_rtc.o(.data)
    m_handlers                               0x200023dc   Data           4  drv_rtc.o(.data)
    m_cb                                     0x200023e0   Data           8  drv_rtc.o(.data)
    .data                                    0x200023e8   Section        9  nrf_pwr_mgmt.o(.data)
    m_pwr_mgmt_evt                           0x200023e8   Data           1  nrf_pwr_mgmt.o(.data)
    m_sysoff_mtx                             0x200023ec   Data           4  nrf_pwr_mgmt.o(.data)
    m_shutdown_started                       0x200023f0   Data           1  nrf_pwr_mgmt.o(.data)
    .data                                    0x200023f1   Section        3  nrf_sdh.o(.data)
    m_nrf_sdh_enabled                        0x200023f1   Data           1  nrf_sdh.o(.data)
    m_nrf_sdh_suspended                      0x200023f2   Data           1  nrf_sdh.o(.data)
    m_nrf_sdh_continue                       0x200023f3   Data           1  nrf_sdh.o(.data)
    .data                                    0x200023f4   Section        1  nrf_sdh_ble.o(.data)
    m_stack_is_enabled                       0x200023f4   Data           1  nrf_sdh_ble.o(.data)
    .data                                    0x200023f8   Section        4  system_nrf52810.o(.data)
    __tagsym$$used                           0x200023f8   Number         0  system_nrf52810.o(.data)
    .bss                                     0x20002400   Section     1143  main.o(.bss)
    m_gatt                                   0x20002400   Data          16  main.o(.bss)
    m_qwr                                    0x20002410   Data          12  main.o(.bss)
    m_advertising                            0x2000241c   Data         248  main.o(.bss)
    adv_updata_id_data                       0x20002518   Data          32  main.o(.bss)
    sys_restart_timeout_id_data              0x20002538   Data          32  main.o(.bss)
    data_array                               0x2000257e   Data         200  main.o(.bss)
    data_res                                 0x20002646   Data          49  main.o(.bss)
    rx_buf                                   0x20002677   Data         256  main.o(.bss)
    tx_buf                                   0x20002777   Data         256  main.o(.bss)
    .bss                                     0x20002878   Section      112  bsp.o(.bss)
    m_bsp_leds_tmr_data                      0x20002878   Data          32  bsp.o(.bss)
    m_bsp_alert_tmr_data                     0x20002898   Data          32  bsp.o(.bss)
    m_events_list                            0x200028b8   Data          12  bsp.o(.bss)
    m_bsp_button_tmr_data                    0x200028c8   Data          32  bsp.o(.bss)
    .bss                                     0x200028e8   Section       80  ble_conn_params.o(.bss)
    m_timer_data                             0x200028e8   Data          32  ble_conn_params.o(.bss)
    m_conn_params_instances                  0x20002908   Data          20  ble_conn_params.o(.bss)
    m_conn_params_config                     0x2000291c   Data          28  ble_conn_params.o(.bss)
    .bss                                     0x20002938   Section      124  ble_conn_state.o(.bss)
    m_bcs                                    0x20002938   Data         124  ble_conn_state.o(.bss)
    .bss                                     0x200029b4   Section       16  ble_diy_inf.o(.bss)
    char2                                    0x200029b4   Data          16  ble_diy_inf.o(.bss)
    .bss                                     0x200029c4   Section       20  nrf_drv_clock.o(.bss)
    m_clock_cb                               0x200029c4   Data          20  nrf_drv_clock.o(.bss)
    .bss                                     0x200029d8   Section       92  nrfx_gpiote.o(.bss)
    m_cb                                     0x200029d8   Data          92  nrfx_gpiote.o(.bss)
    .bss                                     0x20002a34   Section       48  nrfx_saadc.o(.bss)
    m_cb                                     0x20002a34   Data          48  nrfx_saadc.o(.bss)
    .bss                                     0x20002a64   Section      104  app_timer2.o(.bss)
    m_req_fifo_data                          0x20002a64   Data          88  app_timer2.o(.bss)
    m_req_fifo_inst                          0x20002abc   Data          16  app_timer2.o(.bss)
    .bss                                     0x20002acc   Section       12  app_util_platform.o(.bss)
    .bss                                     0x20002ad8   Section       12  nrf_pwr_mgmt.o(.bss)
    m_handlers_iter                          0x20002ad8   Data          12  nrf_pwr_mgmt.o(.bss)
    STACK                                    0x20002ae8   Section     2048  arm_startup_nrf52810.o(STACK)

    Global Symbols

    Symbol Name                              Value     Ov Type        Size  Object(Section)

    BuildAttributes$$THM_ISAv4$E$P$D$K$B$S$7EM$PE$A:L22UL41UL21$X:L11$S22US41US21$IEEE1$IW$USESV6$~STKCKD$USESV7$~SHL$OTIME$ROPI$EBA8$MICROLIB$REQ8$EABIv2 0x00000000   Number         0  anon$$obj.o ABSOLUTE
    __ARM_use_no_argv                        0x00000000   Number         0  main.o ABSOLUTE
    __arm_fini_                               - Undefined Weak Reference
    __cpp_initialize__aeabi_                  - Undefined Weak Reference
    __cxa_finalize                            - Undefined Weak Reference
    _clock_init                               - Undefined Weak Reference
    _microlib_exit                            - Undefined Weak Reference
    pwr_mgmt_data0$$Base                      - Undefined Reference
    pwr_mgmt_data0$$Limit                     - Undefined Reference
    pwr_mgmt_data1$$Base                      - Undefined Reference
    pwr_mgmt_data1$$Limit                     - Undefined Reference
    pwr_mgmt_data2$$Base                      - Undefined Reference
    pwr_mgmt_data2$$Limit                     - Undefined Reference
    sdh_req_observers0$$Base                  - Undefined Reference
    sdh_req_observers0$$Limit                 - Undefined Reference
    sdh_req_observers1$$Base                  - Undefined Reference
    sdh_req_observers1$$Limit                 - Undefined Reference
    sdh_soc_observers1$$Base                  - Undefined Reference
    sdh_soc_observers1$$Limit                 - Undefined Reference
    sdh_stack_observers1$$Base                - Undefined Reference
    sdh_stack_observers1$$Limit               - Undefined Reference
    sdh_state_observers1$$Base                - Undefined Reference
    sdh_state_observers1$$Limit               - Undefined Reference
    __Vectors_Size                           0x00000200   Number         0  arm_startup_nrf52810.o ABSOLUTE
    __Vectors                                0x00019000   Data           4  arm_startup_nrf52810.o(RESET)
    __Vectors_End                            0x00019200   Data           0  arm_startup_nrf52810.o(RESET)
    __main                                   0x00019201   Thumb Code     0  entry.o(.ARM.Collect$$$$00000000)
    _main_stk                                0x00019201   Thumb Code     0  entry2.o(.ARM.Collect$$$$00000001)
    _main_scatterload                        0x00019205   Thumb Code     0  entry5.o(.ARM.Collect$$$$00000004)
    __main_after_scatterload                 0x00019209   Thumb Code     0  entry5.o(.ARM.Collect$$$$00000004)
    _main_clock                              0x00019209   Thumb Code     0  entry7b.o(.ARM.Collect$$$$00000008)
    _main_cpp_init                           0x00019209   Thumb Code     0  entry8b.o(.ARM.Collect$$$$0000000A)
    _main_init                               0x00019209   Thumb Code     0  entry9a.o(.ARM.Collect$$$$0000000B)
    __rt_lib_shutdown_fini                   0x00019211   Thumb Code     0  entry12b.o(.ARM.Collect$$$$0000000E)
    __rt_final_cpp                           0x00019215   Thumb Code     0  entry10a.o(.ARM.Collect$$$$0000000F)
    __rt_final_exit                          0x00019215   Thumb Code     0  entry11a.o(.ARM.Collect$$$$00000011)
    __asm___12_nrf_atfifo_c_51f461e1__nrf_atfifo_wspace_req 0x00019219   Thumb Code    56  nrf_atfifo.o(.emb_text)
    __asm___12_nrf_atfifo_c_51f461e1__nrf_atfifo_wspace_close 0x00019251   Thumb Code    18  nrf_atfifo.o(.emb_text)
    __asm___12_nrf_atfifo_c_51f461e1__nrf_atfifo_rspace_req 0x00019263   Thumb Code    58  nrf_atfifo.o(.emb_text)
    __asm___12_nrf_atfifo_c_51f461e1__nrf_atfifo_rspace_close 0x0001929d   Thumb Code    18  nrf_atfifo.o(.emb_text)
    __asm___12_nrf_atfifo_c_51f461e1__nrf_atfifo_space_clear 0x000192af   Thumb Code    50  nrf_atfifo.o(.emb_text)
    __asm___12_nrf_atomic_c_85ca2469__nrf_atomic_internal_mov 0x000192e1   Thumb Code    24  nrf_atomic.o(.emb_text)
    __asm___12_nrf_atomic_c_85ca2469__nrf_atomic_internal_orr 0x000192f9   Thumb Code    26  nrf_atomic.o(.emb_text)
    __asm___12_nrf_atomic_c_85ca2469__nrf_atomic_internal_and 0x00019313   Thumb Code    26  nrf_atomic.o(.emb_text)
    __asm___12_nrf_atomic_c_85ca2469__nrf_atomic_internal_eor 0x0001932d   Thumb Code    26  nrf_atomic.o(.emb_text)
    __asm___12_nrf_atomic_c_85ca2469__nrf_atomic_internal_add 0x00019347   Thumb Code    26  nrf_atomic.o(.emb_text)
    __asm___12_nrf_atomic_c_85ca2469__nrf_atomic_internal_sub 0x00019361   Thumb Code    26  nrf_atomic.o(.emb_text)
    __asm___12_nrf_atomic_c_85ca2469__nrf_atomic_internal_cmp_exch 0x0001937b   Thumb Code    42  nrf_atomic.o(.emb_text)
    __asm___12_nrf_atomic_c_85ca2469__nrf_atomic_internal_sub_hs 0x000193a5   Thumb Code    30  nrf_atomic.o(.emb_text)
    Reset_Handler                            0x000193c5   Thumb Code    42  arm_startup_nrf52810.o(.text)
    NMI_Handler                              0x000193ef   Thumb Code     2  arm_startup_nrf52810.o(.text)
    HardFault_Handler                        0x000193f1   Thumb Code     2  arm_startup_nrf52810.o(.text)
    MemoryManagement_Handler                 0x000193f3   Thumb Code     2  arm_startup_nrf52810.o(.text)
    BusFault_Handler                         0x000193f5   Thumb Code     2  arm_startup_nrf52810.o(.text)
    UsageFault_Handler                       0x000193f7   Thumb Code     2  arm_startup_nrf52810.o(.text)
    SVC_Handler                              0x000193f9   Thumb Code     2  arm_startup_nrf52810.o(.text)
    DebugMon_Handler                         0x000193fb   Thumb Code     2  arm_startup_nrf52810.o(.text)
    PendSV_Handler                           0x000193fd   Thumb Code     2  arm_startup_nrf52810.o(.text)
    SysTick_Handler                          0x000193ff   Thumb Code     2  arm_startup_nrf52810.o(.text)
    CCM_AAR_IRQHandler                       0x00019401   Thumb Code     0  arm_startup_nrf52810.o(.text)
    COMP_IRQHandler                          0x00019401   Thumb Code     0  arm_startup_nrf52810.o(.text)
    ECB_IRQHandler                           0x00019401   Thumb Code     0  arm_startup_nrf52810.o(.text)
    PDM_IRQHandler                           0x00019401   Thumb Code     0  arm_startup_nrf52810.o(.text)
    PWM0_IRQHandler                          0x00019401   Thumb Code     0  arm_startup_nrf52810.o(.text)
    QDEC_IRQHandler                          0x00019401   Thumb Code     0  arm_startup_nrf52810.o(.text)
    RADIO_IRQHandler                         0x00019401   Thumb Code     0  arm_startup_nrf52810.o(.text)
    RNG_IRQHandler                           0x00019401   Thumb Code     0  arm_startup_nrf52810.o(.text)
    RTC0_IRQHandler                          0x00019401   Thumb Code     0  arm_startup_nrf52810.o(.text)
    SPIM0_SPIS0_SPI0_IRQHandler              0x00019401   Thumb Code     0  arm_startup_nrf52810.o(.text)
    SWI0_EGU0_IRQHandler                     0x00019401   Thumb Code     0  arm_startup_nrf52810.o(.text)
    SWI1_EGU1_IRQHandler                     0x00019401   Thumb Code     0  arm_startup_nrf52810.o(.text)
    SWI3_IRQHandler                          0x00019401   Thumb Code     0  arm_startup_nrf52810.o(.text)
    SWI4_IRQHandler                          0x00019401   Thumb Code     0  arm_startup_nrf52810.o(.text)
    SWI5_IRQHandler                          0x00019401   Thumb Code     0  arm_startup_nrf52810.o(.text)
    TEMP_IRQHandler                          0x00019401   Thumb Code     0  arm_startup_nrf52810.o(.text)
    TIMER0_IRQHandler                        0x00019401   Thumb Code     0  arm_startup_nrf52810.o(.text)
    TIMER1_IRQHandler                        0x00019401   Thumb Code     0  arm_startup_nrf52810.o(.text)
    TIMER2_IRQHandler                        0x00019401   Thumb Code     0  arm_startup_nrf52810.o(.text)
    TWIM0_TWIS0_TWI0_IRQHandler              0x00019401   Thumb Code     0  arm_startup_nrf52810.o(.text)
    WDT_IRQHandler                           0x00019401   Thumb Code     0  arm_startup_nrf52810.o(.text)
    __aeabi_uldivmod                         0x00019419   Thumb Code    98  uldiv.o(.text)
    __aeabi_llsl                             0x0001947b   Thumb Code    30  llshl.o(.text)
    _ll_shift_l                              0x0001947b   Thumb Code     0  llshl.o(.text)
    __aeabi_memcpy                           0x00019499   Thumb Code    36  memcpya.o(.text)
    __aeabi_memcpy4                          0x00019499   Thumb Code     0  memcpya.o(.text)
    __aeabi_memcpy8                          0x00019499   Thumb Code     0  memcpya.o(.text)
    __aeabi_memset                           0x000194bd   Thumb Code    14  memseta.o(.text)
    __aeabi_memset4                          0x000194bd   Thumb Code     0  memseta.o(.text)
    __aeabi_memset8                          0x000194bd   Thumb Code     0  memseta.o(.text)
    __aeabi_memclr                           0x000194cb   Thumb Code     4  memseta.o(.text)
    __aeabi_memclr4                          0x000194cb   Thumb Code     0  memseta.o(.text)
    __aeabi_memclr8                          0x000194cb   Thumb Code     0  memseta.o(.text)
    _memset$wrapper                          0x000194cf   Thumb Code    18  memseta.o(.text)
    __aeabi_dadd                             0x000194e1   Thumb Code   322  dadd.o(.text)
    __aeabi_dsub                             0x00019623   Thumb Code     6  dadd.o(.text)
    __aeabi_drsub                            0x00019629   Thumb Code     6  dadd.o(.text)
    __aeabi_dmul                             0x0001962f   Thumb Code   228  dmul.o(.text)
    __aeabi_ddiv                             0x00019713   Thumb Code   222  ddiv.o(.text)
    __aeabi_i2d                              0x000197f1   Thumb Code    34  dflti.o(.text)
    __aeabi_f2uiz                            0x00019813   Thumb Code    40  ffixui.o(.text)
    __aeabi_d2uiz                            0x0001983b   Thumb Code    50  dfixui.o(.text)
    __aeabi_d2f                              0x0001986d   Thumb Code    56  d2f.o(.text)
    __aeabi_llsr                             0x000198a5   Thumb Code    32  llushr.o(.text)
    _ll_ushift_r                             0x000198a5   Thumb Code     0  llushr.o(.text)
    __aeabi_lasr                             0x000198c5   Thumb Code    36  llsshr.o(.text)
    _ll_sshift_r                             0x000198c5   Thumb Code     0  llsshr.o(.text)
    __I$use$fp                               0x000198e9   Thumb Code     0  iusefp.o(.text)
    _float_round                             0x000198e9   Thumb Code    18  fepilogue.o(.text)
    _float_epilogue                          0x000198fb   Thumb Code    92  fepilogue.o(.text)
    _double_round                            0x00019957   Thumb Code    30  depilogue.o(.text)
    _double_epilogue                         0x00019975   Thumb Code   156  depilogue.o(.text)
    __scatterload                            0x00019a11   Thumb Code    28  init.o(.text)
    __scatterload_rt2                        0x00019a11   Thumb Code     0  init.o(.text)
    __decompress                             0x00019a35   Thumb Code     0  __dczerorl2.o(.text)
    __decompress1                            0x00019a35   Thumb Code    86  __dczerorl2.o(.text)
    GPIOTE_IRQHandler                        0x00019a8d   Thumb Code   528  nrfx_gpiote.o(i.GPIOTE_IRQHandler)
    POWER_CLOCK_IRQHandler                   0x00019ce9   Thumb Code    80  nrfx_clock.o(i.POWER_CLOCK_IRQHandler)
    RTC1_IRQHandler                          0x00019d3d   Thumb Code    14  drv_rtc.o(i.RTC1_IRQHandler)
    SAADC_IRQHandler                         0x00019d55   Thumb Code   456  nrfx_saadc.o(i.SAADC_IRQHandler)
    SWI2_IRQHandler                          0x00019f21   Thumb Code     8  nrf_sdh.o(i.SWI2_IRQHandler)
    SystemCoreClockUpdate                    0x00019f29   Thumb Code     8  system_nrf52810.o(i.SystemCoreClockUpdate)
    SystemInit                               0x00019f39   Thumb Code   578  system_nrf52810.o(i.SystemInit)
    UARTE0_UART0_IRQHandler                  0x0001a1c5   Thumb Code    10  nrfx_prs.o(i.UARTE0_UART0_IRQHandler)
    __scatterload_copy                       0x0001a1d5   Thumb Code    14  handlers.o(i.__scatterload_copy)
    __scatterload_null                       0x0001a1e3   Thumb Code     2  handlers.o(i.__scatterload_null)
    __scatterload_zeroinit                   0x0001a1e5   Thumb Code    14  handlers.o(i.__scatterload_zeroinit)
    adv_updata_timeout_handle                0x0001a2cd   Thumb Code     8  main.o(i.adv_updata_timeout_handle)
    app_error_fault_handler                  0x0001a485   Thumb Code    82  app_error_weak.o(i.app_error_fault_handler)
    app_error_handler_bare                   0x0001a4e1   Thumb Code    28  app_error.o(i.app_error_handler_bare)
    app_timer_cnt_get                        0x0001a525   Thumb Code    10  app_timer2.o(i.app_timer_cnt_get)
    app_timer_create                         0x0001a535   Thumb Code    32  app_timer2.o(i.app_timer_create)
    app_timer_init                           0x0001a555   Thumb Code    78  app_timer2.o(i.app_timer_init)
    app_timer_start                          0x0001a5c1   Thumb Code    54  app_timer2.o(i.app_timer_start)
    app_timer_stop                           0x0001a5f7   Thumb Code    20  app_timer2.o(i.app_timer_stop)
    app_util_critical_region_enter           0x0001a60b   Thumb Code    12  app_util_platform.o(i.app_util_critical_region_enter)
    app_util_critical_region_exit            0x0001a619   Thumb Code    62  app_util_platform.o(i.app_util_critical_region_exit)
    ble_advdata_encode                       0x0001a6b3   Thumb Code   364  ble_advdata.o(i.ble_advdata_encode)
    ble_advdata_parse                        0x0001a81f   Thumb Code    40  ble_advdata.o(i.ble_advdata_parse)
    ble_advdata_search                       0x0001a847   Thumb Code    78  ble_advdata.o(i.ble_advdata_search)
    ble_advertising_advdata_update           0x0001a895   Thumb Code   196  ble_advertising.o(i.ble_advertising_advdata_update)
    ble_advertising_conn_cfg_tag_set         0x0001a959   Thumb Code     6  ble_advertising.o(i.ble_advertising_conn_cfg_tag_set)
    ble_advertising_init                     0x0001a95f   Thumb Code   256  ble_advertising.o(i.ble_advertising_init)
    ble_advertising_modes_config_set         0x0001aa5f   Thumb Code    18  ble_advertising.o(i.ble_advertising_modes_config_set)
    ble_advertising_on_ble_evt               0x0001aa71   Thumb Code    60  ble_advertising.o(i.ble_advertising_on_ble_evt)
    ble_advertising_start                    0x0001aaad   Thumb Code   382  ble_advertising.o(i.ble_advertising_start)
    ble_dev_inf_init                         0x0001ac2d   Thumb Code   512  ble_dev_inf.o(i.ble_dev_inf_init)
    ble_dev_inf_set_parameter                0x0001ae45   Thumb Code   198  ble_dev_inf.o(i.ble_dev_inf_set_parameter)
    ble_diy_inf_init                         0x0001af9d   Thumb Code   756  ble_diy_inf.o(i.ble_diy_inf_init)
    ble_diy_inf_on_ble_evt                   0x0001b2b5   Thumb Code    36  ble_diy_inf.o(i.ble_diy_inf_on_ble_evt)
    ble_diy_inf_set_parameter                0x0001b2d9   Thumb Code   208  ble_diy_inf.o(i.ble_diy_inf_set_parameter)
    ble_srv_is_notification_enabled          0x0001b79d   Thumb Code    18  ble_srv_common.o(i.ble_srv_is_notification_enabled)
    bsp_board_led_invert                     0x0001b805   Thumb Code    44  boards.o(i.bsp_board_led_invert)
    bsp_board_led_off                        0x0001b835   Thumb Code    16  boards.o(i.bsp_board_led_off)
    bsp_board_led_on                         0x0001b849   Thumb Code    16  boards.o(i.bsp_board_led_on)
    bsp_board_led_state_get                  0x0001b85d   Thumb Code    44  boards.o(i.bsp_board_led_state_get)
    bsp_board_leds_off                       0x0001b88d   Thumb Code    20  boards.o(i.bsp_board_leds_off)
    bsp_board_leds_on                        0x0001b8a1   Thumb Code    20  boards.o(i.bsp_board_leds_on)
    bsp_board_pin_to_button_idx              0x0001b8b5   Thumb Code    32  boards.o(i.bsp_board_pin_to_button_idx)
    bsp_indication_set                       0x0001b99d   Thumb Code    28  bsp.o(i.bsp_indication_set)
    characteristic_add                       0x0001bd61   Thumb Code   456  ble_srv_common.o(i.characteristic_add)
    conn_handle_list_get                     0x0001bfcf   Thumb Code    60  ble_conn_state.o(i.conn_handle_list_get)
    crc8                                     0x0001c121   Thumb Code    50  crc.o(i.crc8)
    drv_rtc_compare_disable                  0x0001c153   Thumb Code    22  drv_rtc.o(i.drv_rtc_compare_disable)
    drv_rtc_compare_pending                  0x0001c169   Thumb Code    26  drv_rtc.o(i.drv_rtc_compare_pending)
    drv_rtc_compare_set                      0x0001c183   Thumb Code    92  drv_rtc.o(i.drv_rtc_compare_set)
    drv_rtc_counter_get                      0x0001c1df   Thumb Code    12  drv_rtc.o(i.drv_rtc_counter_get)
    drv_rtc_init                             0x0001c1ed   Thumb Code   164  drv_rtc.o(i.drv_rtc_init)
    drv_rtc_irq_trigger                      0x0001c2a1   Thumb Code    28  drv_rtc.o(i.drv_rtc_irq_trigger)
    drv_rtc_overflow_enable                  0x0001c2c1   Thumb Code    18  drv_rtc.o(i.drv_rtc_overflow_enable)
    drv_rtc_overflow_pending                 0x0001c2d3   Thumb Code    16  drv_rtc.o(i.drv_rtc_overflow_pending)
    drv_rtc_start                            0x0001c2e3   Thumb Code    14  drv_rtc.o(i.drv_rtc_start)
    drv_rtc_stop                             0x0001c2f1   Thumb Code    14  drv_rtc.o(i.drv_rtc_stop)
    drv_rtc_windowed_compare_set             0x0001c2ff   Thumb Code   260  drv_rtc.o(i.drv_rtc_windowed_compare_set)
    get_current_handle                       0x0001c8f9   Thumb Code     6  main.o(i.get_current_handle)
    get_wattr_flg                            0x0001c941   Thumb Code     6  ble_diy_inf.o(i.get_wattr_flg)
    main                                     0x0001ca65   Thumb Code   234  main.o(i.main)
    nrf_atfifo_init                          0x0001ccd7   Thumb Code    40  nrf_atfifo.o(i.nrf_atfifo_init)
    nrf_atfifo_item_alloc                    0x0001ccff   Thumb Code    28  nrf_atfifo.o(i.nrf_atfifo_item_alloc)
    nrf_atfifo_item_free                     0x0001cd1b   Thumb Code    28  nrf_atfifo.o(i.nrf_atfifo_item_free)
    nrf_atfifo_item_get                      0x0001cd37   Thumb Code    28  nrf_atfifo.o(i.nrf_atfifo_item_get)
    nrf_atfifo_item_put                      0x0001cd53   Thumb Code    28  nrf_atfifo.o(i.nrf_atfifo_item_put)
    nrf_atflags_clear                        0x0001cd6f   Thumb Code    30  nrf_atflags.o(i.nrf_atflags_clear)
    nrf_atflags_get                          0x0001cd8d   Thumb Code    30  nrf_atflags.o(i.nrf_atflags_get)
    nrf_atflags_set                          0x0001cdab   Thumb Code    30  nrf_atflags.o(i.nrf_atflags_set)
    nrf_atomic_u32_and                       0x0001cdc9   Thumb Code    22  nrf_atomic.o(i.nrf_atomic_u32_and)
    nrf_atomic_u32_or                        0x0001cddf   Thumb Code    22  nrf_atomic.o(i.nrf_atomic_u32_or)
    nrf_ble_gatt_on_ble_evt                  0x0001ce21   Thumb Code   158  nrf_ble_gatt.o(i.nrf_ble_gatt_on_ble_evt)
    nrf_ble_qwr_conn_handle_assign           0x0001cebf   Thumb Code    32  nrf_ble_qwr.o(i.nrf_ble_qwr_conn_handle_assign)
    nrf_ble_qwr_init                         0x0001cedf   Thumb Code    50  nrf_ble_qwr.o(i.nrf_ble_qwr_init)
    nrf_ble_qwr_on_ble_evt                   0x0001cf11   Thumb Code   124  nrf_ble_qwr.o(i.nrf_ble_qwr_on_ble_evt)
    nrf_drv_clock_init                       0x0001cff5   Thumb Code    54  nrf_drv_clock.o(i.nrf_drv_clock_init)
    nrf_drv_clock_lfclk_release              0x0001d035   Thumb Code    42  nrf_drv_clock.o(i.nrf_drv_clock_lfclk_release)
    nrf_pwr_mgmt_init                        0x0001d149   Thumb Code    46  nrf_pwr_mgmt.o(i.nrf_pwr_mgmt_init)
    nrf_pwr_mgmt_run                         0x0001d189   Thumb Code    22  nrf_pwr_mgmt.o(i.nrf_pwr_mgmt_run)
    nrf_sdh_ble_app_ram_start_get            0x0001d265   Thumb Code    18  nrf_sdh_ble.o(i.nrf_sdh_ble_app_ram_start_get)
    nrf_sdh_ble_default_cfg_set              0x0001d27d   Thumb Code   178  nrf_sdh_ble.o(i.nrf_sdh_ble_default_cfg_set)
    nrf_sdh_ble_enable                       0x0001d331   Thumb Code    32  nrf_sdh_ble.o(i.nrf_sdh_ble_enable)
    nrf_sdh_enable_request                   0x0001d3c9   Thumb Code   112  nrf_sdh.o(i.nrf_sdh_enable_request)
    nrf_sdh_evts_poll                        0x0001d44d   Thumb Code    44  nrf_sdh.o(i.nrf_sdh_evts_poll)
    nrf_sdh_is_enabled                       0x0001d47d   Thumb Code     6  nrf_sdh.o(i.nrf_sdh_is_enabled)
    nrf_section_iter_init                    0x0001d4e3   Thumb Code    20  nrf_section_iter.o(i.nrf_section_iter_init)
    nrf_section_iter_next                    0x0001d525   Thumb Code    46  nrf_section_iter.o(i.nrf_section_iter_next)
    nrf_sortlist_add                         0x0001d553   Thumb Code    40  nrf_sortlist.o(i.nrf_sortlist_add)
    nrf_sortlist_peek                        0x0001d57b   Thumb Code     8  nrf_sortlist.o(i.nrf_sortlist_peek)
    nrf_sortlist_pop                         0x0001d583   Thumb Code    24  nrf_sortlist.o(i.nrf_sortlist_pop)
    nrf_sortlist_remove                      0x0001d59b   Thumb Code    38  nrf_sortlist.o(i.nrf_sortlist_remove)
    nrfx_clock_enable                        0x0001d5d5   Thumb Code    16  nrfx_clock.o(i.nrfx_clock_enable)
    nrfx_clock_init                          0x0001d5e9   Thumb Code    30  nrfx_clock.o(i.nrfx_clock_init)
    nrfx_clock_lfclk_stop                    0x0001d60d   Thumb Code    26  nrfx_clock.o(i.nrfx_clock_lfclk_stop)
    nrfx_nvmc_bytes_write                    0x0001d665   Thumb Code   124  nrfx_nvmc.o(i.nrfx_nvmc_bytes_write)
    nrfx_nvmc_page_erase                     0x0001d6e1   Thumb Code    48  nrfx_nvmc.o(i.nrfx_nvmc_page_erase)
    nrfx_saadc_channel_init                  0x0001d7bd   Thumb Code   208  nrfx_saadc.o(i.nrfx_saadc_channel_init)
    nrfx_saadc_init                          0x0001d895   Thumb Code   216  nrfx_saadc.o(i.nrfx_saadc_init)
    nrfx_saadc_sample_convert                0x0001d97d   Thumb Code   246  nrfx_saadc.o(i.nrfx_saadc_sample_convert)
    nrfx_wdt_channel_alloc                   0x0001da79   Thumb Code    74  nrfx_wdt.o(i.nrfx_wdt_channel_alloc)
    nrfx_wdt_enable                          0x0001dacd   Thumb Code    18  nrfx_wdt.o(i.nrfx_wdt_enable)
    nrfx_wdt_feed                            0x0001dae9   Thumb Code    26  nrfx_wdt.o(i.nrfx_wdt_feed)
    nrfx_wdt_init                            0x0001db09   Thumb Code    84  nrfx_wdt.o(i.nrfx_wdt_init)
    nvram_block_read                         0x0001dc0d   Thumb Code    44  nvram.o(i.nvram_block_read)
    nvram_block_write                        0x0001dcc1   Thumb Code   102  nvram.o(i.nvram_block_write)
    nvram_init                               0x0001dd27   Thumb Code    88  nvram.o(i.nvram_init)
    set_wattr_flg                            0x0001e89d   Thumb Code     6  ble_diy_inf.o(i.set_wattr_flg)
    sys_restart_timeout_handle               0x0001e911   Thumb Code     4  main.o(i.sys_restart_timeout_handle)
    vbat_init                                0x0001ec39   Thumb Code    60  vbat.o(i.vbat_init)
    vbat_read_value                          0x0001ec7d   Thumb Code   122  vbat.o(i.vbat_read_value)
    tx_power_table                           0x0001ed28   Data          16  main.o(.constdata)
    tx_interval_table                        0x0001ed38   Data          72  main.o(.constdata)
    D_FRT                                    0x0001ed80   Data          10  main.o(.constdata)
    D_FR                                     0x0001ed8a   Data          14  main.o(.constdata)
    D_CKey                                   0x0001ed98   Data          16  main.o(.constdata)
    major                                    0x0001edd0   Data           2  nvram.o(.constdata)
    minor                                    0x0001edd2   Data           2  nvram.o(.constdata)
    uuid                                     0x0001edd4   Data          16  nvram.o(.constdata)
    m_ram_start                              0x0001efe0   Data           4  nrf_sdh_ble.o(.constdata)
    Region$$Table$$Base                      0x0001f000   Number         0  anon$$obj.o(Region$$Table)
    Region$$Table$$Limit                     0x0001f020   Number         0  anon$$obj.o(Region$$Table)
    sdh_ble_observers0$$Base                 0x0001f020   Number         0  ble_conn_state.o(sdh_ble_observers0)
    sdh_ble_observers0$$Limit                0x0001f028   Number         0  ble_conn_state.o(sdh_ble_observers0)
    sdh_ble_observers1$$Base                 0x0001f028   Number         0  main.o(sdh_ble_observers1)
    sdh_ble_observers1$$Limit                0x0001f048   Number         0  ble_diy_inf.o(sdh_ble_observers1)
    sdh_ble_observers2$$Base                 0x0001f048   Number         0  main.o(sdh_ble_observers2)
    sdh_ble_observers2$$Limit                0x0001f050   Number         0  main.o(sdh_ble_observers2)
    sdh_ble_observers3$$Base                 0x0001f050   Number         0  main.o(sdh_ble_observers3)
    sdh_ble_observers3$$Limit                0x0001f058   Number         0  main.o(sdh_ble_observers3)
    sdh_soc_observers0$$Base                 0x0001f058   Number         0  nrf_drv_clock.o(sdh_soc_observers0)
    sdh_soc_observers0$$Limit                0x0001f060   Number         0  nrf_drv_clock.o(sdh_soc_observers0)
    sdh_stack_observers0$$Base               0x0001f060   Number         0  nrf_sdh_ble.o(sdh_stack_observers0)
    sdh_stack_observers0$$Limit              0x0001f070   Number         0  nrf_sdh_soc.o(sdh_stack_observers0)
    sdh_state_observers0$$Base               0x0001f070   Number         0  nrf_drv_clock.o(sdh_state_observers0)
    sdh_state_observers0$$Limit              0x0001f078   Number         0  nrf_drv_clock.o(sdh_state_observers0)
    Image$$RW_IRAM1$$Base                    0x200022c8   Number         0  anon$$obj.o ABSOLUTE
    app_process_events                       0x200022c8   Data           1  main.o(.data)
    w_data_ptr                               0x200022ed   Data           1  main.o(.data)
    r_data_ptr                               0x200022ee   Data           1  main.o(.data)
    overflow                                 0x200022ef   Data           1  main.o(.data)
    wdt_config                               0x200022f0   Data           8  main.o(.data)
    wdt_channel_id                           0x200022f8   Data           1  main.o(.data)
    saadc_config                             0x200022f9   Data           4  vbat.o(.data)
    saadc_channel_config                     0x200022fd   Data           9  vbat.o(.data)
    SystemCoreClock                          0x200023f8   Data           4  system_nrf52810.o(.data)
    sys_inf                                  0x20002558   Data          38  main.o(.bss)
    nrf_nvic_state                           0x20002acc   Data          12  app_util_platform.o(.bss)
    __initial_sp                             0x200032e8   Data           0  arm_startup_nrf52810.o(STACK)



==============================================================================

Memory Map of the image

  Image Entry point : 0x00019201

  Load Region LR_IROM1 (Base: 0x00019000, Size: 0x000061ac, Max: 0x00017000, ABSOLUTE, COMPRESSED[0x000060f8])

    Execution Region ER_IROM1 (Exec base: 0x00019000, Load base: 0x00019000, Size: 0x00006078, Max: 0x00017000, ABSOLUTE)

    Exec Addr    Load Addr    Size         Type   Attr      Idx    E Section Name        Object

    0x00019000   0x00019000   0x00000200   Data   RO         6042    RESET               arm_startup_nrf52810.o
    0x00019200   0x00019200   0x00000000   Code   RO         6148  * .ARM.Collect$$$$00000000  mc_w.l(entry.o)
    0x00019200   0x00019200   0x00000004   Code   RO         6181    .ARM.Collect$$$$00000001  mc_w.l(entry2.o)
    0x00019204   0x00019204   0x00000004   Code   RO         6184    .ARM.Collect$$$$00000004  mc_w.l(entry5.o)
    0x00019208   0x00019208   0x00000000   Code   RO         6186    .ARM.Collect$$$$00000008  mc_w.l(entry7b.o)
    0x00019208   0x00019208   0x00000000   Code   RO         6188    .ARM.Collect$$$$0000000A  mc_w.l(entry8b.o)
    0x00019208   0x00019208   0x00000008   Code   RO         6189    .ARM.Collect$$$$0000000B  mc_w.l(entry9a.o)
    0x00019210   0x00019210   0x00000004   Code   RO         6196    .ARM.Collect$$$$0000000E  mc_w.l(entry12b.o)
    0x00019214   0x00019214   0x00000000   Code   RO         6191    .ARM.Collect$$$$0000000F  mc_w.l(entry10a.o)
    0x00019214   0x00019214   0x00000000   Code   RO         6193    .ARM.Collect$$$$00000011  mc_w.l(entry11a.o)
    0x00019214   0x00019214   0x00000004   Code   RO         6182    .ARM.Collect$$$$00002712  mc_w.l(entry2.o)
    0x00019218   0x00019218   0x000000c8   Code   RO         4657    .emb_text           nrf_atfifo.o
    0x000192e0   0x000192e0   0x000000e2   Code   RO         4796    .emb_text           nrf_atomic.o
    0x000193c2   0x000193c2   0x00000002   PAD
    0x000193c4   0x000193c4   0x00000054   Code   RO         6043    .text               arm_startup_nrf52810.o
    0x00019418   0x00019418   0x00000062   Code   RO         6151    .text               mc_w.l(uldiv.o)
    0x0001947a   0x0001947a   0x0000001e   Code   RO         6153    .text               mc_w.l(llshl.o)
    0x00019498   0x00019498   0x00000024   Code   RO         6155    .text               mc_w.l(memcpya.o)
    0x000194bc   0x000194bc   0x00000024   Code   RO         6157    .text               mc_w.l(memseta.o)
    0x000194e0   0x000194e0   0x0000014e   Code   RO         6167    .text               mf_w.l(dadd.o)
    0x0001962e   0x0001962e   0x000000e4   Code   RO         6169    .text               mf_w.l(dmul.o)
    0x00019712   0x00019712   0x000000de   Code   RO         6171    .text               mf_w.l(ddiv.o)
    0x000197f0   0x000197f0   0x00000022   Code   RO         6173    .text               mf_w.l(dflti.o)
    0x00019812   0x00019812   0x00000028   Code   RO         6175    .text               mf_w.l(ffixui.o)
    0x0001983a   0x0001983a   0x00000032   Code   RO         6177    .text               mf_w.l(dfixui.o)
    0x0001986c   0x0001986c   0x00000038   Code   RO         6179    .text               mf_w.l(d2f.o)
    0x000198a4   0x000198a4   0x00000020   Code   RO         6197    .text               mc_w.l(llushr.o)
    0x000198c4   0x000198c4   0x00000024   Code   RO         6199    .text               mc_w.l(llsshr.o)
    0x000198e8   0x000198e8   0x00000000   Code   RO         6201    .text               mc_w.l(iusefp.o)
    0x000198e8   0x000198e8   0x0000006e   Code   RO         6202    .text               mf_w.l(fepilogue.o)
    0x00019956   0x00019956   0x000000ba   Code   RO         6204    .text               mf_w.l(depilogue.o)
    0x00019a10   0x00019a10   0x00000024   Code   RO         6206    .text               mc_w.l(init.o)
    0x00019a34   0x00019a34   0x00000056   Code   RO         6216    .text               mc_w.l(__dczerorl2.o)
    0x00019a8a   0x00019a8a   0x00000002   PAD
    0x00019a8c   0x00019a8c   0x0000021c   Code   RO         2481    i.GPIOTE_IRQHandler  nrfx_gpiote.o
    0x00019ca8   0x00019ca8   0x00000040   Code   RO            4    i.NVIC_SystemReset  main.o
    0x00019ce8   0x00019ce8   0x00000054   Code   RO         2321    i.POWER_CLOCK_IRQHandler  nrfx_clock.o
    0x00019d3c   0x00019d3c   0x00000018   Code   RO         4408    i.RTC1_IRQHandler   drv_rtc.o
    0x00019d54   0x00019d54   0x000001cc   Code   RO         3550    i.SAADC_IRQHandler  nrfx_saadc.o
    0x00019f20   0x00019f20   0x00000008   Code   RO         5803    i.SWI2_IRQHandler   nrf_sdh.o
    0x00019f28   0x00019f28   0x00000010   Code   RO         6050    i.SystemCoreClockUpdate  system_nrf52810.o
    0x00019f38   0x00019f38   0x0000028c   Code   RO         6051    i.SystemInit        system_nrf52810.o
    0x0001a1c4   0x0001a1c4   0x00000010   Code   RO         2799    i.UARTE0_UART0_IRQHandler  nrfx_prs.o
    0x0001a1d4   0x0001a1d4   0x0000000e   Code   RO         6210    i.__scatterload_copy  mc_w.l(handlers.o)
    0x0001a1e2   0x0001a1e2   0x00000002   Code   RO         6211    i.__scatterload_null  mc_w.l(handlers.o)
    0x0001a1e4   0x0001a1e4   0x0000000e   Code   RO         6212    i.__scatterload_zeroinit  mc_w.l(handlers.o)
    0x0001a1f2   0x0001a1f2   0x00000002   PAD
    0x0001a1f4   0x0001a1f4   0x00000038   Code   RO         5804    i.__sd_nvic_app_accessible_irq  nrf_sdh.o
    0x0001a22c   0x0001a22c   0x0000000c   Code   RO         4330    i.__sd_nvic_irq_disable  app_util_platform.o
    0x0001a238   0x0001a238   0x00000018   Code   RO         1141    i.addr_is_valid     ble_advertising.o
    0x0001a250   0x0001a250   0x00000058   Code   RO         1142    i.adv_mode_next_avail_get  ble_advertising.o
    0x0001a2a8   0x0001a2a8   0x00000012   Code   RO         1143    i.adv_mode_next_get  ble_advertising.o
    0x0001a2ba   0x0001a2ba   0x00000012   Code   RO         1144    i.adv_set_data_size_max_get  ble_advertising.o
    0x0001a2cc   0x0001a2cc   0x0000000c   Code   RO            5    i.adv_updata_timeout_handle  main.o
    0x0001a2d8   0x0001a2d8   0x000000a0   Code   RO            6    i.advertising_init  main.o
    0x0001a378   0x0001a378   0x0000010c   Code   RO            8    i.app_advertising_data_update  main.o
    0x0001a484   0x0001a484   0x0000005c   Code   RO         3896    i.app_error_fault_handler  app_error_weak.o
    0x0001a4e0   0x0001a4e0   0x0000001c   Code   RO         3836    i.app_error_handler_bare  app_error.o
    0x0001a4fc   0x0001a4fc   0x00000028   Code   RO            9    i.app_sys_event_handle  main.o
    0x0001a524   0x0001a524   0x00000010   Code   RO         4083    i.app_timer_cnt_get  app_timer2.o
    0x0001a534   0x0001a534   0x00000020   Code   RO         4084    i.app_timer_create  app_timer2.o
    0x0001a554   0x0001a554   0x0000006c   Code   RO         4085    i.app_timer_init    app_timer2.o
    0x0001a5c0   0x0001a5c0   0x00000036   Code   RO         4088    i.app_timer_start   app_timer2.o
    0x0001a5f6   0x0001a5f6   0x00000014   Code   RO         4089    i.app_timer_stop    app_timer2.o
    0x0001a60a   0x0001a60a   0x0000000c   Code   RO         4331    i.app_util_critical_region_enter  app_util_platform.o
    0x0001a616   0x0001a616   0x00000002   PAD
    0x0001a618   0x0001a618   0x00000048   Code   RO         4332    i.app_util_critical_region_exit  app_util_platform.o
    0x0001a660   0x0001a660   0x00000052   Code   RO          990    i.appearance_encode  ble_advdata.o
    0x0001a6b2   0x0001a6b2   0x0000016c   Code   RO          992    i.ble_advdata_encode  ble_advdata.o
    0x0001a81e   0x0001a81e   0x00000028   Code   RO          994    i.ble_advdata_parse  ble_advdata.o
    0x0001a846   0x0001a846   0x0000004e   Code   RO          995    i.ble_advdata_search  ble_advdata.o
    0x0001a894   0x0001a894   0x000000c4   Code   RO         1145    i.ble_advertising_advdata_update  ble_advertising.o
    0x0001a958   0x0001a958   0x00000006   Code   RO         1146    i.ble_advertising_conn_cfg_tag_set  ble_advertising.o
    0x0001a95e   0x0001a95e   0x00000100   Code   RO         1147    i.ble_advertising_init  ble_advertising.o
    0x0001aa5e   0x0001aa5e   0x00000012   Code   RO         1148    i.ble_advertising_modes_config_set  ble_advertising.o
    0x0001aa70   0x0001aa70   0x0000003c   Code   RO         1149    i.ble_advertising_on_ble_evt  ble_advertising.o
    0x0001aaac   0x0001aaac   0x0000017e   Code   RO         1152    i.ble_advertising_start  ble_advertising.o
    0x0001ac2a   0x0001ac2a   0x00000002   PAD
    0x0001ac2c   0x0001ac2c   0x00000218   Code   RO         1859    i.ble_dev_inf_init  ble_dev_inf.o
    0x0001ae44   0x0001ae44   0x000000e0   Code   RO         1860    i.ble_dev_inf_set_parameter  ble_dev_inf.o
    0x0001af24   0x0001af24   0x00000076   Code   RO          998    i.ble_device_addr_encode  ble_advdata.o
    0x0001af9a   0x0001af9a   0x00000002   PAD
    0x0001af9c   0x0001af9c   0x00000318   Code   RO         1894    i.ble_diy_inf_init  ble_diy_inf.o
    0x0001b2b4   0x0001b2b4   0x00000024   Code   RO         1895    i.ble_diy_inf_on_ble_evt  ble_diy_inf.o
    0x0001b2d8   0x0001b2d8   0x000000f0   Code   RO         1896    i.ble_diy_inf_set_parameter  ble_diy_inf.o
    0x0001b3c8   0x0001b3c8   0x00000164   Code   RO           11    i.ble_evt_handler   main.o
    0x0001b52c   0x0001b52c   0x00000040   Code   RO         1318    i.ble_evt_handler   ble_conn_params.o
    0x0001b56c   0x0001b56c   0x000000b8   Code   RO         1443    i.ble_evt_handler   ble_conn_state.o
    0x0001b624   0x0001b624   0x00000178   Code   RO         1897    i.ble_gatts_evt_write_handler  ble_diy_inf.o
    0x0001b79c   0x0001b79c   0x00000012   Code   RO         1647    i.ble_srv_is_notification_enabled  ble_srv_common.o
    0x0001b7ae   0x0001b7ae   0x00000056   Code   RO           12    i.ble_stack_init    main.o
    0x0001b804   0x0001b804   0x00000030   Code   RO          693    i.bsp_board_led_invert  boards.o
    0x0001b834   0x0001b834   0x00000014   Code   RO          694    i.bsp_board_led_off  boards.o
    0x0001b848   0x0001b848   0x00000014   Code   RO          695    i.bsp_board_led_on  boards.o
    0x0001b85c   0x0001b85c   0x00000030   Code   RO          696    i.bsp_board_led_state_get  boards.o
    0x0001b88c   0x0001b88c   0x00000014   Code   RO          698    i.bsp_board_leds_off  boards.o
    0x0001b8a0   0x0001b8a0   0x00000014   Code   RO          699    i.bsp_board_leds_on  boards.o
    0x0001b8b4   0x0001b8b4   0x00000024   Code   RO          700    i.bsp_board_pin_to_button_idx  boards.o
    0x0001b8d8   0x0001b8d8   0x000000c4   Code   RO          804    i.bsp_button_event_handler  bsp.o
    0x0001b99c   0x0001b99c   0x00000020   Code   RO          809    i.bsp_indication_set  bsp.o
    0x0001b9bc   0x0001b9bc   0x00000388   Code   RO          811    i.bsp_led_indication  bsp.o
    0x0001bd44   0x0001bd44   0x00000010   Code   RO         2483    i.channel_handler_get  nrfx_gpiote.o
    0x0001bd54   0x0001bd54   0x0000000c   Code   RO         2485    i.channel_port_get  nrfx_gpiote.o
    0x0001bd60   0x0001bd60   0x000001c8   Code   RO         1649    i.characteristic_add  ble_srv_common.o
    0x0001bf28   0x0001bf28   0x00000030   Code   RO         1955    i.clock_clk_started_notify  nrf_drv_clock.o
    0x0001bf58   0x0001bf58   0x00000028   Code   RO         1956    i.clock_irq_handler  nrf_drv_clock.o
    0x0001bf80   0x0001bf80   0x00000026   Code   RO         4091    i.compare_func      app_timer2.o
    0x0001bfa6   0x0001bfa6   0x00000028   Code   RO         1154    i.config_is_valid   ble_advertising.o
    0x0001bfce   0x0001bfce   0x0000003c   Code   RO         1444    i.conn_handle_list_get  ble_conn_state.o
    0x0001c00a   0x0001c00a   0x0000005a   Code   RO          999    i.conn_int_check    ble_advdata.o
    0x0001c064   0x0001c064   0x00000068   Code   RO         1000    i.conn_int_encode   ble_advdata.o
    0x0001c0cc   0x0001c0cc   0x00000054   Code   RO         1319    i.conn_params_negotiation  ble_conn_params.o
    0x0001c120   0x0001c120   0x00000032   Code   RO         6013    i.crc8              crc.o
    0x0001c152   0x0001c152   0x00000016   Code   RO         4409    i.drv_rtc_compare_disable  drv_rtc.o
    0x0001c168   0x0001c168   0x0000001a   Code   RO         4411    i.drv_rtc_compare_pending  drv_rtc.o
    0x0001c182   0x0001c182   0x0000005c   Code   RO         4412    i.drv_rtc_compare_set  drv_rtc.o
    0x0001c1de   0x0001c1de   0x0000000c   Code   RO         4413    i.drv_rtc_counter_get  drv_rtc.o
    0x0001c1ea   0x0001c1ea   0x00000002   PAD
    0x0001c1ec   0x0001c1ec   0x000000b4   Code   RO         4414    i.drv_rtc_init      drv_rtc.o
    0x0001c2a0   0x0001c2a0   0x00000020   Code   RO         4415    i.drv_rtc_irq_trigger  drv_rtc.o
    0x0001c2c0   0x0001c2c0   0x00000012   Code   RO         4417    i.drv_rtc_overflow_enable  drv_rtc.o
    0x0001c2d2   0x0001c2d2   0x00000010   Code   RO         4418    i.drv_rtc_overflow_pending  drv_rtc.o
    0x0001c2e2   0x0001c2e2   0x0000000e   Code   RO         4419    i.drv_rtc_start     drv_rtc.o
    0x0001c2f0   0x0001c2f0   0x0000000e   Code   RO         4420    i.drv_rtc_stop      drv_rtc.o
    0x0001c2fe   0x0001c2fe   0x00000104   Code   RO         4425    i.drv_rtc_windowed_compare_set  drv_rtc.o
    0x0001c402   0x0001c402   0x00000002   PAD
    0x0001c404   0x0001c404   0x0000001c   Code   RO         6052    i.errata_103        system_nrf52810.o
    0x0001c420   0x0001c420   0x00000054   Code   RO         6053    i.errata_108        system_nrf52810.o
    0x0001c474   0x0001c474   0x00000054   Code   RO         6054    i.errata_12         system_nrf52810.o
    0x0001c4c8   0x0001c4c8   0x0000007c   Code   RO         6055    i.errata_136        system_nrf52810.o
    0x0001c544   0x0001c544   0x00000030   Code   RO         6056    i.errata_16         system_nrf52810.o
    0x0001c574   0x0001c574   0x00000020   Code   RO         6057    i.errata_182        system_nrf52810.o
    0x0001c594   0x0001c594   0x00000028   Code   RO         6058    i.errata_217        system_nrf52810.o
    0x0001c5bc   0x0001c5bc   0x0000007c   Code   RO         6059    i.errata_31         system_nrf52810.o
    0x0001c638   0x0001c638   0x00000030   Code   RO         6060    i.errata_32         system_nrf52810.o
    0x0001c668   0x0001c668   0x0000007c   Code   RO         6061    i.errata_36         system_nrf52810.o
    0x0001c6e4   0x0001c6e4   0x00000030   Code   RO         6062    i.errata_37         system_nrf52810.o
    0x0001c714   0x0001c714   0x00000030   Code   RO         6063    i.errata_57         system_nrf52810.o
    0x0001c744   0x0001c744   0x00000058   Code   RO         6064    i.errata_66         system_nrf52810.o
    0x0001c79c   0x0001c79c   0x00000018   Code   RO         4426    i.evt_disable       drv_rtc.o
    0x0001c7b4   0x0001c7b4   0x0000001c   Code   RO         4427    i.evt_enable        drv_rtc.o
    0x0001c7d0   0x0001c7d0   0x0000001c   Code   RO         4428    i.evt_pending       drv_rtc.o
    0x0001c7ec   0x0001c7ec   0x0000001e   Code   RO         1445    i.flag_toggle       ble_conn_state.o
    0x0001c80a   0x0001c80a   0x00000036   Code   RO         1001    i.flags_encode      ble_advdata.o
    0x0001c840   0x0001c840   0x0000002a   Code   RO         1155    i.flags_set         ble_advertising.o
    0x0001c86a   0x0001c86a   0x0000000e   Code   RO         3312    i.flash_page_size_get  nrfx_nvmc.o
    0x0001c878   0x0001c878   0x00000080   Code   RO           16    i.gap_params_init   main.o
    0x0001c8f8   0x0001c8f8   0x0000000c   Code   RO           19    i.get_current_handle  main.o
    0x0001c904   0x0001c904   0x0000003c   Code   RO         4092    i.get_now           app_timer2.o
    0x0001c940   0x0001c940   0x0000000c   Code   RO         1898    i.get_wattr_flg     ble_diy_inf.o
    0x0001c94c   0x0001c94c   0x00000008   Code   RO           20    i.idle_state_handle  main.o
    0x0001c954   0x0001c954   0x0000002c   Code   RO         1320    i.instance_get      ble_conn_params.o
    0x0001c980   0x0001c980   0x00000072   Code   RO         1321    i.is_conn_params_ok  ble_conn_params.o
    0x0001c9f2   0x0001c9f2   0x0000001a   Code   RO         3314    i.is_page_aligned_check  nrfx_nvmc.o
    0x0001ca0c   0x0001ca0c   0x0000000c   Code   RO         1959    i.item_dequeue      nrf_drv_clock.o
    0x0001ca18   0x0001ca18   0x00000028   Code   RO          815    i.leds_off          bsp.o
    0x0001ca40   0x0001ca40   0x00000014   Code   RO         1961    i.lfclk_stop        nrf_drv_clock.o
    0x0001ca54   0x0001ca54   0x00000010   Code   RO         1716    i.link_init         nrf_ble_gatt.o
    0x0001ca64   0x0001ca64   0x00000134   Code   RO           21    i.main              main.o
    0x0001cb98   0x0001cb98   0x00000076   Code   RO         1002    i.manuf_specific_data_encode  ble_advdata.o
    0x0001cc0e   0x0001cc0e   0x000000c8   Code   RO         1003    i.name_encode       ble_advdata.o
    0x0001ccd6   0x0001ccd6   0x00000028   Code   RO         4661    i.nrf_atfifo_init   nrf_atfifo.o
    0x0001ccfe   0x0001ccfe   0x0000001c   Code   RO         4662    i.nrf_atfifo_item_alloc  nrf_atfifo.o
    0x0001cd1a   0x0001cd1a   0x0000001c   Code   RO         4663    i.nrf_atfifo_item_free  nrf_atfifo.o
    0x0001cd36   0x0001cd36   0x0000001c   Code   RO         4664    i.nrf_atfifo_item_get  nrf_atfifo.o
    0x0001cd52   0x0001cd52   0x0000001c   Code   RO         4665    i.nrf_atfifo_item_put  nrf_atfifo.o
    0x0001cd6e   0x0001cd6e   0x0000001e   Code   RO         4730    i.nrf_atflags_clear  nrf_atflags.o
    0x0001cd8c   0x0001cd8c   0x0000001e   Code   RO         4735    i.nrf_atflags_get   nrf_atflags.o
    0x0001cdaa   0x0001cdaa   0x0000001e   Code   RO         4737    i.nrf_atflags_set   nrf_atflags.o
    0x0001cdc8   0x0001cdc8   0x00000016   Code   RO         4802    i.nrf_atomic_u32_and  nrf_atomic.o
    0x0001cdde   0x0001cdde   0x00000016   Code   RO         4811    i.nrf_atomic_u32_or  nrf_atomic.o
    0x0001cdf4   0x0001cdf4   0x00000016   Code   RO         2486    i.nrf_bitmask_bit_is_set  nrfx_gpiote.o
    0x0001ce0a   0x0001ce0a   0x00000016   Code   RO         2487    i.nrf_bitmask_bit_set  nrfx_gpiote.o
    0x0001ce20   0x0001ce20   0x0000009e   Code   RO         1721    i.nrf_ble_gatt_on_ble_evt  nrf_ble_gatt.o
    0x0001cebe   0x0001cebe   0x00000020   Code   RO         1800    i.nrf_ble_qwr_conn_handle_assign  nrf_ble_qwr.o
    0x0001cede   0x0001cede   0x00000032   Code   RO         1801    i.nrf_ble_qwr_init  nrf_ble_qwr.o
    0x0001cf10   0x0001cf10   0x0000007c   Code   RO         1802    i.nrf_ble_qwr_on_ble_evt  nrf_ble_qwr.o
    0x0001cf8c   0x0001cf8c   0x00000012   Code   RO         2322    i.nrf_clock_event_check  nrfx_clock.o
    0x0001cf9e   0x0001cf9e   0x00000012   Code   RO         2323    i.nrf_clock_event_clear  nrfx_clock.o
    0x0001cfb0   0x0001cfb0   0x0000000c   Code   RO         2324    i.nrf_clock_int_disable  nrfx_clock.o
    0x0001cfbc   0x0001cfbc   0x00000008   Code   RO         2326    i.nrf_clock_task_trigger  nrfx_clock.o
    0x0001cfc4   0x0001cfc4   0x00000030   Code   RO           22    i.nrf_delay_ms      main.o
    0x0001cff4   0x0001cff4   0x00000040   Code   RO         1967    i.nrf_drv_clock_init  nrf_drv_clock.o
    0x0001d034   0x0001d034   0x00000030   Code   RO         1971    i.nrf_drv_clock_lfclk_release  nrf_drv_clock.o
    0x0001d064   0x0001d064   0x00000032   Code   RO         2490    i.nrf_gpio_cfg_sense_set  nrfx_gpiote.o
    0x0001d096   0x0001d096   0x0000003a   Code   RO          703    i.nrf_gpio_pin_write  boards.o
    0x0001d0d0   0x0001d0d0   0x00000028   Code   RO         2494    i.nrf_gpio_ports_read  nrfx_gpiote.o
    0x0001d0f8   0x0001d0f8   0x0000000c   Code   RO         2495    i.nrf_gpiote_event_addr_get  nrfx_gpiote.o
    0x0001d104   0x0001d104   0x0000001c   Code   RO         2496    i.nrf_gpiote_event_clear  nrfx_gpiote.o
    0x0001d120   0x0001d120   0x00000016   Code   RO         2497    i.nrf_gpiote_event_is_set  nrfx_gpiote.o
    0x0001d136   0x0001d136   0x00000006   Code   RO         3315    i.nrf_nvmc_mode_set  nrfx_nvmc.o
    0x0001d13c   0x0001d13c   0x0000000c   Code   RO         3316    i.nrf_nvmc_ready_check  nrfx_nvmc.o
    0x0001d148   0x0001d148   0x00000040   Code   RO         5152    i.nrf_pwr_mgmt_init  nrf_pwr_mgmt.o
    0x0001d188   0x0001d188   0x00000016   Code   RO         5153    i.nrf_pwr_mgmt_run  nrf_pwr_mgmt.o
    0x0001d19e   0x0001d19e   0x00000010   Code   RO           23    i.nrf_qwr_error_handler  main.o
    0x0001d1ae   0x0001d1ae   0x0000000a   Code   RO         4429    i.nrf_rtc_cc_set    drv_rtc.o
    0x0001d1b8   0x0001d1b8   0x00000008   Code   RO         4430    i.nrf_rtc_counter_get  drv_rtc.o
    0x0001d1c0   0x0001d1c0   0x0000000e   Code   RO         4431    i.nrf_rtc_event_clear  drv_rtc.o
    0x0001d1ce   0x0001d1ce   0x00000006   Code   RO         4432    i.nrf_rtc_event_disable  drv_rtc.o
    0x0001d1d4   0x0001d1d4   0x00000006   Code   RO         4433    i.nrf_rtc_event_enable  drv_rtc.o
    0x0001d1da   0x0001d1da   0x00000006   Code   RO         4434    i.nrf_rtc_int_disable  drv_rtc.o
    0x0001d1e0   0x0001d1e0   0x00000006   Code   RO         4435    i.nrf_rtc_int_enable  drv_rtc.o
    0x0001d1e6   0x0001d1e6   0x00000006   Code   RO         4436    i.nrf_rtc_task_trigger  drv_rtc.o
    0x0001d1ec   0x0001d1ec   0x00000010   Code   RO         3551    i.nrf_saadc_buffer_init  nrfx_saadc.o
    0x0001d1fc   0x0001d1fc   0x00000018   Code   RO         3552    i.nrf_saadc_channel_input_set  nrfx_saadc.o
    0x0001d214   0x0001d214   0x00000014   Code   RO         3553    i.nrf_saadc_event_check  nrfx_saadc.o
    0x0001d228   0x0001d228   0x00000018   Code   RO         3554    i.nrf_saadc_event_clear  nrfx_saadc.o
    0x0001d240   0x0001d240   0x0000000c   Code   RO         3555    i.nrf_saadc_int_disable  nrfx_saadc.o
    0x0001d24c   0x0001d24c   0x0000000c   Code   RO         3556    i.nrf_saadc_int_enable  nrfx_saadc.o
    0x0001d258   0x0001d258   0x0000000c   Code   RO         3558    i.nrf_saadc_task_trigger  nrfx_saadc.o
    0x0001d264   0x0001d264   0x00000018   Code   RO         5926    i.nrf_sdh_ble_app_ram_start_get  nrf_sdh_ble.o
    0x0001d27c   0x0001d27c   0x000000b2   Code   RO         5927    i.nrf_sdh_ble_default_cfg_set  nrf_sdh_ble.o
    0x0001d32e   0x0001d32e   0x00000002   PAD
    0x0001d330   0x0001d330   0x00000024   Code   RO         5928    i.nrf_sdh_ble_enable  nrf_sdh_ble.o
    0x0001d354   0x0001d354   0x00000074   Code   RO         5929    i.nrf_sdh_ble_evts_poll  nrf_sdh_ble.o
    0x0001d3c8   0x0001d3c8   0x00000084   Code   RO         5806    i.nrf_sdh_enable_request  nrf_sdh.o
    0x0001d44c   0x0001d44c   0x00000030   Code   RO         5807    i.nrf_sdh_evts_poll  nrf_sdh.o
    0x0001d47c   0x0001d47c   0x0000000c   Code   RO         5808    i.nrf_sdh_is_enabled  nrf_sdh.o
    0x0001d488   0x0001d488   0x00000054   Code   RO         5982    i.nrf_sdh_soc_evts_poll  nrf_sdh_soc.o
    0x0001d4dc   0x0001d4dc   0x00000006   Code   RO         5813    i.nrf_section_iter_get  nrf_sdh.o
    0x0001d4e2   0x0001d4e2   0x00000014   Code   RO         5290    i.nrf_section_iter_init  nrf_section_iter.o
    0x0001d4f6   0x0001d4f6   0x0000002e   Code   RO         5291    i.nrf_section_iter_item_set  nrf_section_iter.o
    0x0001d524   0x0001d524   0x0000002e   Code   RO         5292    i.nrf_section_iter_next  nrf_section_iter.o
    0x0001d552   0x0001d552   0x00000028   Code   RO         5325    i.nrf_sortlist_add  nrf_sortlist.o
    0x0001d57a   0x0001d57a   0x00000008   Code   RO         5327    i.nrf_sortlist_peek  nrf_sortlist.o
    0x0001d582   0x0001d582   0x00000018   Code   RO         5328    i.nrf_sortlist_pop  nrf_sortlist.o
    0x0001d59a   0x0001d59a   0x00000026   Code   RO         5329    i.nrf_sortlist_remove  nrf_sortlist.o
    0x0001d5c0   0x0001d5c0   0x00000014   Code   RO         3484    i.nrf_wdt_reload_request_set  nrfx_wdt.o
    0x0001d5d4   0x0001d5d4   0x00000014   Code   RO         2331    i.nrfx_clock_enable  nrfx_clock.o
    0x0001d5e8   0x0001d5e8   0x00000024   Code   RO         2334    i.nrfx_clock_init   nrfx_clock.o
    0x0001d60c   0x0001d60c   0x00000020   Code   RO         2337    i.nrfx_clock_lfclk_stop  nrfx_clock.o
    0x0001d62c   0x0001d62c   0x00000018   Code   RO         3559    i.nrfx_coredep_delay_us  nrfx_saadc.o
    0x0001d644   0x0001d644   0x00000018   Code   RO         4437    i.nrfx_coredep_delay_us  drv_rtc.o
    0x0001d65c   0x0001d65c   0x00000008   Code   RO         2339    i.nrfx_get_irq_number  nrfx_clock.o
    0x0001d664   0x0001d664   0x0000007c   Code   RO         3320    i.nrfx_nvmc_bytes_write  nrfx_nvmc.o
    0x0001d6e0   0x0001d6e0   0x00000038   Code   RO         3324    i.nrfx_nvmc_page_erase  nrfx_nvmc.o
    0x0001d718   0x0001d718   0x000000a4   Code   RO         2340    i.nrfx_power_clock_irq_init  nrfx_clock.o
    0x0001d7bc   0x0001d7bc   0x000000d8   Code   RO         3563    i.nrfx_saadc_channel_init  nrfx_saadc.o
    0x0001d894   0x0001d894   0x000000e8   Code   RO         3565    i.nrfx_saadc_init   nrfx_saadc.o
    0x0001d97c   0x0001d97c   0x000000fc   Code   RO         3569    i.nrfx_saadc_sample_convert  nrfx_saadc.o
    0x0001da78   0x0001da78   0x00000054   Code   RO         3485    i.nrfx_wdt_channel_alloc  nrfx_wdt.o
    0x0001dacc   0x0001dacc   0x0000001c   Code   RO         3487    i.nrfx_wdt_enable   nrfx_wdt.o
    0x0001dae8   0x0001dae8   0x00000020   Code   RO         3488    i.nrfx_wdt_feed     nrfx_wdt.o
    0x0001db08   0x0001db08   0x0000005c   Code   RO         3489    i.nrfx_wdt_init     nrfx_wdt.o
    0x0001db64   0x0001db64   0x00000010   Code   RO         3331    i.nvmc_erase_mode_set  nrfx_nvmc.o
    0x0001db74   0x0001db74   0x00000010   Code   RO         3332    i.nvmc_readonly_mode_set  nrfx_nvmc.o
    0x0001db84   0x0001db84   0x0000002c   Code   RO         3333    i.nvmc_word_write   nrfx_nvmc.o
    0x0001dbb0   0x0001dbb0   0x00000026   Code   RO         3334    i.nvmc_words_write  nrfx_nvmc.o
    0x0001dbd6   0x0001dbd6   0x00000002   PAD
    0x0001dbd8   0x0001dbd8   0x00000010   Code   RO         3335    i.nvmc_write_mode_set  nrfx_nvmc.o
    0x0001dbe8   0x0001dbe8   0x00000024   Code   RO          532    i.nvram_block_check  nvram.o
    0x0001dc0c   0x0001dc0c   0x0000002c   Code   RO          533    i.nvram_block_read  nvram.o
    0x0001dc38   0x0001dc38   0x00000088   Code   RO          534    i.nvram_block_set_default  nvram.o
    0x0001dcc0   0x0001dcc0   0x00000066   Code   RO          535    i.nvram_block_write  nvram.o
    0x0001dd26   0x0001dd26   0x00000058   Code   RO          536    i.nvram_init        nvram.o
    0x0001dd7e   0x0001dd7e   0x00000010   Code   RO           24    i.on_adv_evt        main.o
    0x0001dd8e   0x0001dd8e   0x00000002   PAD
    0x0001dd90   0x0001dd90   0x00000014   Code   RO         4093    i.on_compare1_evt   app_timer2.o
    0x0001dda4   0x0001dda4   0x00000020   Code   RO         4094    i.on_compare_evt    app_timer2.o
    0x0001ddc4   0x0001ddc4   0x00000030   Code   RO         1322    i.on_conn_params_update  ble_conn_params.o
    0x0001ddf4   0x0001ddf4   0x00000070   Code   RO         1323    i.on_connect        ble_conn_params.o
    0x0001de64   0x0001de64   0x0000000e   Code   RO         1156    i.on_connected      ble_advertising.o
    0x0001de72   0x0001de72   0x0000004a   Code   RO         1722    i.on_connected_evt  nrf_ble_gatt.o
    0x0001debc   0x0001debc   0x00000032   Code   RO         1324    i.on_disconnect     ble_conn_params.o
    0x0001deee   0x0001deee   0x00000032   Code   RO         1157    i.on_disconnected   ble_advertising.o
    0x0001df20   0x0001df20   0x00000018   Code   RO         1723    i.on_disconnected_evt  nrf_ble_gatt.o
    0x0001df38   0x0001df38   0x00000070   Code   RO         1724    i.on_exchange_mtu_request_evt  nrf_ble_gatt.o
    0x0001dfa8   0x0001dfa8   0x00000068   Code   RO         1725    i.on_exchange_mtu_rsp_evt  nrf_ble_gatt.o
    0x0001e010   0x0001e010   0x0000001c   Code   RO         4095    i.on_overflow_evt   app_timer2.o
    0x0001e02c   0x0001e02c   0x0000006a   Code   RO         1803    i.on_rw_authorize_request  nrf_ble_qwr.o
    0x0001e096   0x0001e096   0x00000040   Code   RO         1158    i.on_terminated     ble_advertising.o
    0x0001e0d6   0x0001e0d6   0x00000002   Code   RO         1804    i.on_user_mem_release  nrf_ble_qwr.o
    0x0001e0d8   0x0001e0d8   0x00000020   Code   RO         1805    i.on_user_mem_request  nrf_ble_qwr.o
    0x0001e0f8   0x0001e0f8   0x00000058   Code   RO         1325    i.on_write          ble_conn_params.o
    0x0001e150   0x0001e150   0x00000024   Code   RO         3336    i.partial_word_create  nrfx_nvmc.o
    0x0001e174   0x0001e174   0x00000016   Code   RO         1159    i.phy_is_valid      ble_advertising.o
    0x0001e18a   0x0001e18a   0x0000001c   Code   RO           26    i.power_management_init  main.o
    0x0001e1a6   0x0001e1a6   0x00000002   PAD
    0x0001e1a8   0x0001e1a8   0x00000028   Code   RO         1447    i.record_activate   ble_conn_state.o
    0x0001e1d0   0x0001e1d0   0x00000020   Code   RO         1448    i.record_invalidate  ble_conn_state.o
    0x0001e1f0   0x0001e1f0   0x00000048   Code   RO         1449    i.record_purge_disconnected  ble_conn_state.o
    0x0001e238   0x0001e238   0x00000014   Code   RO         1450    i.record_set_disconnected  ble_conn_state.o
    0x0001e24c   0x0001e24c   0x0000003e   Code   RO         4096    i.rtc_irq           app_timer2.o
    0x0001e28a   0x0001e28a   0x00000002   PAD
    0x0001e28c   0x0001e28c   0x0000007c   Code   RO         4097    i.rtc_schedule      app_timer2.o
    0x0001e308   0x0001e308   0x000000a4   Code   RO         4098    i.rtc_update        app_timer2.o
    0x0001e3ac   0x0001e3ac   0x00000098   Code   RO         5814    i.sd_nvic_EnableIRQ  nrf_sdh.o
    0x0001e444   0x0001e444   0x00000068   Code   RO         4337    i.sd_nvic_critical_region_enter  app_util_platform.o
    0x0001e4ac   0x0001e4ac   0x00000068   Code   RO         1974    i.sd_state_evt_handler  nrf_drv_clock.o
    0x0001e514   0x0001e514   0x0000003c   Code   RO         5815    i.sdh_request_observer_notify  nrf_sdh.o
    0x0001e550   0x0001e550   0x00000034   Code   RO         5816    i.sdh_state_observer_notify  nrf_sdh.o
    0x0001e584   0x0001e584   0x00000018   Code   RO         1326    i.send_error_evt    ble_conn_params.o
    0x0001e59c   0x0001e59c   0x00000096   Code   RO         1004    i.service_data_encode  ble_advdata.o
    0x0001e632   0x0001e632   0x00000002   PAD
    0x0001e634   0x0001e634   0x000000c4   Code   RO           27    i.services_init     main.o
    0x0001e6f8   0x0001e6f8   0x00000024   Code   RO         1160    i.set_adv_mode_directed  ble_advertising.o
    0x0001e71c   0x0001e71c   0x00000024   Code   RO         1161    i.set_adv_mode_directed_high_duty  ble_advertising.o
    0x0001e740   0x0001e740   0x0000004e   Code   RO         1162    i.set_adv_mode_fast  ble_advertising.o
    0x0001e78e   0x0001e78e   0x0000004e   Code   RO         1163    i.set_adv_mode_slow  ble_advertising.o
    0x0001e7dc   0x0001e7dc   0x000000be   Code   RO         1651    i.set_security_req  ble_srv_common.o
    0x0001e89a   0x0001e89a   0x00000002   PAD
    0x0001e89c   0x0001e89c   0x0000000c   Code   RO         1899    i.set_wattr_flg     ble_diy_inf.o
    0x0001e8a8   0x0001e8a8   0x0000001c   Code   RO         1975    i.soc_evt_handler   nrf_drv_clock.o
    0x0001e8c4   0x0001e8c4   0x0000001e   Code   RO         5818    i.softdevices_evt_irq_enable  nrf_sdh.o
    0x0001e8e2   0x0001e8e2   0x00000014   Code   RO         4099    i.sorted_list_stop_all  app_timer2.o
    0x0001e8f6   0x0001e8f6   0x00000002   PAD
    0x0001e8f8   0x0001e8f8   0x00000018   Code   RO         4100    i.sortlist_pop      app_timer2.o
    0x0001e910   0x0001e910   0x00000004   Code   RO           28    i.sys_restart_timeout_handle  main.o
    0x0001e914   0x0001e914   0x0000000a   Code   RO         4438    i.ticks_sub         drv_rtc.o
    0x0001e91e   0x0001e91e   0x00000002   PAD
    0x0001e920   0x0001e920   0x0000006c   Code   RO         4101    i.timer_expire      app_timer2.o
    0x0001e98c   0x0001e98c   0x00000094   Code   RO         4102    i.timer_req_process  app_timer2.o
    0x0001ea20   0x0001ea20   0x00000040   Code   RO         4103    i.timer_req_schedule  app_timer2.o
    0x0001ea60   0x0001ea60   0x0000001c   Code   RO           29    i.timers_init       main.o
    0x0001ea7c   0x0001ea7c   0x00000036   Code   RO         1005    i.tx_power_level_encode  ble_advdata.o
    0x0001eab2   0x0001eab2   0x0000000c   Code   RO         1652    i.uint16_decode     ble_srv_common.o
    0x0001eabe   0x0001eabe   0x0000000c   Code   RO         1006    i.uint16_encode     ble_advdata.o
    0x0001eaca   0x0001eaca   0x0000001e   Code   RO         1164    i.use_whitelist     ble_advertising.o
    0x0001eae8   0x0001eae8   0x0000002c   Code   RO         1806    i.user_mem_reply    nrf_ble_qwr.o
    0x0001eb14   0x0001eb14   0x0000004e   Code   RO         1007    i.uuid_list_encode  ble_advdata.o
    0x0001eb62   0x0001eb62   0x000000d6   Code   RO         1008    i.uuid_list_sized_encode  ble_advdata.o
    0x0001ec38   0x0001ec38   0x00000044   Code   RO          635    i.vbat_init         vbat.o
    0x0001ec7c   0x0001ec7c   0x00000090   Code   RO          636    i.vbat_read_value   vbat.o
    0x0001ed0c   0x0001ed0c   0x00000008   Code   RO         1165    i.whitelist_has_entries  ble_advertising.o
    0x0001ed14   0x0001ed14   0x0000000c   PAD
    0x0001ed20   0x0001ed20   0x000000b0   Data   RO           37    .constdata          main.o
    0x0001edd0   0x0001edd0   0x00000014   Data   RO          537    .constdata          nvram.o
    0x0001ede4   0x0001ede4   0x00000008   Data   RO          704    .constdata          boards.o
    0x0001edec   0x0001edec   0x0000002c   Data   RO          819    .constdata          bsp.o
    0x0001ee18   0x0001ee18   0x0000000e   Data   RO         1726    .constdata          nrf_ble_gatt.o
    0x0001ee26   0x0001ee26   0x00000002   PAD
    0x0001ee28   0x0001ee28   0x0000003e   Data   RO         2532    .constdata          nrfx_gpiote.o
    0x0001ee66   0x0001ee66   0x0000000a   PAD
    0x0001ee70   0x0001ee70   0x000000aa   Data   RO         3573    .constdata          nrfx_saadc.o
    0x0001ef1a   0x0001ef1a   0x00000002   PAD
    0x0001ef1c   0x0001ef1c   0x00000014   Data   RO         4105    .constdata          app_timer2.o
    0x0001ef30   0x0001ef30   0x00000006   Data   RO         4439    .constdata          drv_rtc.o
    0x0001ef36   0x0001ef36   0x00000002   PAD
    0x0001ef38   0x0001ef38   0x00000024   Data   RO         5157    .constdata          nrf_pwr_mgmt.o
    0x0001ef5c   0x0001ef5c   0x00000058   Data   RO         5819    .constdata          nrf_sdh.o
    0x0001efb4   0x0001efb4   0x00000030   Data   RO         5931    .constdata          nrf_sdh_ble.o
    0x0001efe4   0x0001efe4   0x0000001c   Data   RO         5983    .constdata          nrf_sdh_soc.o
    0x0001f000   0x0001f000   0x00000020   Data   RO         6208    Region$$Table       anon$$obj.o
    0x0001f020   0x0001f020   0x00000008   Data   RO         1453    sdh_ble_observers0  ble_conn_state.o
    0x0001f028   0x0001f028   0x00000010   Data   RO           39    sdh_ble_observers1  main.o
    0x0001f038   0x0001f038   0x00000008   Data   RO         1331    sdh_ble_observers1  ble_conn_params.o
    0x0001f040   0x0001f040   0x00000008   Data   RO         1902    sdh_ble_observers1  ble_diy_inf.o
    0x0001f048   0x0001f048   0x00000008   Data   RO           40    sdh_ble_observers2  main.o
    0x0001f050   0x0001f050   0x00000008   Data   RO           41    sdh_ble_observers3  main.o
    0x0001f058   0x0001f058   0x00000008   Data   RO         1978    sdh_soc_observers0  nrf_drv_clock.o
    0x0001f060   0x0001f060   0x00000008   Data   RO         5933    sdh_stack_observers0  nrf_sdh_ble.o
    0x0001f068   0x0001f068   0x00000008   Data   RO         5984    sdh_stack_observers0  nrf_sdh_soc.o
    0x0001f070   0x0001f070   0x00000008   Data   RO         1979    sdh_state_observers0  nrf_drv_clock.o


    Execution Region RW_IRAM1 (Exec base: 0x200022c8, Load base: 0x0001f078, Size: 0x00001020, Max: 0x00003d38, ABSOLUTE, COMPRESSED[0x00000080])

    Exec Addr    Load Addr    Size         Type   Attr      Idx    E Section Name        Object

    0x200022c8   COMPRESSED   0x00000031   Data   RW           38    .data               main.o
    0x200022f9   COMPRESSED   0x0000000d   Data   RW          637    .data               vbat.o
    0x20002306   COMPRESSED   0x00000002   PAD
    0x20002308   COMPRESSED   0x00000015   Data   RW          820    .data               bsp.o
    0x2000231d   COMPRESSED   0x00000001   PAD
    0x2000231e   COMPRESSED   0x00000008   Data   RW         1330    .data               ble_conn_params.o
    0x20002326   COMPRESSED   0x00000045   Data   RW         1861    .data               ble_dev_inf.o
    0x2000236b   COMPRESSED   0x00000001   PAD
    0x2000236c   COMPRESSED   0x00000034   Data   RW         1901    .data               ble_diy_inf.o
    0x200023a0   COMPRESSED   0x00000008   Data   RW         2342    .data               nrfx_clock.o
    0x200023a8   COMPRESSED   0x00000008   Data   RW         2804    .data               nrfx_prs.o
    0x200023b0   COMPRESSED   0x00000002   Data   RW         3491    .data               nrfx_wdt.o
    0x200023b2   COMPRESSED   0x00000006   PAD
    0x200023b8   COMPRESSED   0x00000024   Data   RW         4106    .data               app_timer2.o
    0x200023dc   COMPRESSED   0x0000000c   Data   RW         4440    .data               drv_rtc.o
    0x200023e8   COMPRESSED   0x00000009   Data   RW         5158    .data               nrf_pwr_mgmt.o
    0x200023f1   COMPRESSED   0x00000003   Data   RW         5820    .data               nrf_sdh.o
    0x200023f4   COMPRESSED   0x00000001   Data   RW         5932    .data               nrf_sdh_ble.o
    0x200023f5   COMPRESSED   0x00000003   PAD
    0x200023f8   COMPRESSED   0x00000004   Data   RW         6065    .data               system_nrf52810.o
    0x200023fc   COMPRESSED   0x00000004   PAD
    0x20002400        -       0x00000477   Zero   RW           36    .bss                main.o
    0x20002877   COMPRESSED   0x00000001   PAD
    0x20002878        -       0x00000070   Zero   RW          818    .bss                bsp.o
    0x200028e8        -       0x00000050   Zero   RW         1329    .bss                ble_conn_params.o
    0x20002938        -       0x0000007c   Zero   RW         1452    .bss                ble_conn_state.o
    0x200029b4        -       0x00000010   Zero   RW         1900    .bss                ble_diy_inf.o
    0x200029c4        -       0x00000014   Zero   RW         1976    .bss                nrf_drv_clock.o
    0x200029d8        -       0x0000005c   Zero   RW         2531    .bss                nrfx_gpiote.o
    0x20002a34        -       0x00000030   Zero   RW         3572    .bss                nrfx_saadc.o
    0x20002a64        -       0x00000068   Zero   RW         4104    .bss                app_timer2.o
    0x20002acc        -       0x0000000c   Zero   RW         4338    .bss                app_util_platform.o
    0x20002ad8        -       0x0000000c   Zero   RW         5156    .bss                nrf_pwr_mgmt.o
    0x20002ae4   COMPRESSED   0x00000004   PAD
    0x20002ae8        -       0x00000800   Zero   RW         6040    STACK               arm_startup_nrf52810.o


==============================================================================

Image component sizes


      Code (inc. data)   RO Data    RW Data    ZI Data      Debug   Object Name

         0          0          0          0          0      23168   app_button.o
        28          0          0          0          0       2361   app_error.o
        92         10          0          0          0      28077   app_error_weak.o
      1122        124         20         36        104      17291   app_timer2.o
       200         24          0          0         12      10038   app_util_platform.o
        84         22        512          0       2048        872   arm_startup_nrf52810.o
      1756          0          0          0          0      97488   ble_advdata.o
      1564          6          0          0          0      25771   ble_advertising.o
       628         30          8          8         80      11764   ble_conn_params.o
       438         26          8          0        124       7227   ble_conn_state.o
       760         56          0         69          0       4307   ble_dev_inf.o
      1468        132          8         52         16       8406   ble_diy_inf.o
         0          0          0          0          0       1136   ble_link_ctx_manager.o
       676          6          0          0          0      40841   ble_srv_common.o
       270         20          8          0          0       9679   boards.o
      1172         74         44         21        112      15045   bsp.o
        50          0          0          0          0       1107   crc.o
       886         34          6         12          0      46249   drv_rtc.o
      1778        176        208         49       1143     155160   main.o
       352          0          0          0          0       5505   nrf_atfifo.o
        90          0          0          0          0       2860   nrf_atflags.o
       270          0          0          0          0       3153   nrf_atomic.o
       488         10         14          0          0       6874   nrf_ble_gatt.o
       390          0          0          0          0       7157   nrf_ble_qwr.o
       364         48         16          0         20      39210   nrf_drv_clock.o
        86         18         36          9         12       7502   nrf_pwr_mgmt.o
       556         56         88          3          0      35340   nrf_sdh.o
       354         18         56          1          0       5397   nrf_sdh_ble.o
        84          4         36          0          0       2456   nrf_sdh_soc.o
       112          0          0          0          0       2576   nrf_section_iter.o
       110          0          0          0          0       3340   nrf_sortlist.o
       400         34          0          8          0      40814   nrfx_clock.o
       764         30         62          0         92      51395   nrfx_gpiote.o
       404         26          0          0          0       9707   nrfx_nvmc.o
        16          6          0          8          0       1862   nrfx_prs.o
      1304         76        170          0         48      21921   nrfx_saadc.o
         0          0          0          0          0       3432   nrfx_uart.o
       256         44          0          2          0       7027   nrfx_wdt.o
       406         34         20          0          0      72709   nvram.o
      1588        172          0          4          0       8767   system_nrf52810.o
       212         30          0         13          0       9686   vbat.o

    ----------------------------------------------------------------------
     21620       1346       1368        308       3820     854677   Object Totals
         0          0         32          0          0          0   (incl. Generated)
        42          0         16         13          9          0   (incl. Padding)

    ----------------------------------------------------------------------

      Code (inc. data)   RO Data    RW Data    ZI Data      Debug   Library Member Name

        86          0          0          0          0          0   __dczerorl2.o
         0          0          0          0          0          0   entry.o
         0          0          0          0          0          0   entry10a.o
         0          0          0          0          0          0   entry11a.o
         4          0          0          0          0          0   entry12b.o
         8          4          0          0          0          0   entry2.o
         4          0          0          0          0          0   entry5.o
         0          0          0          0          0          0   entry7b.o
         0          0          0          0          0          0   entry8b.o
         8          4          0          0          0          0   entry9a.o
        30          0          0          0          0          0   handlers.o
        36          8          0          0          0         68   init.o
         0          0          0          0          0          0   iusefp.o
        30          0          0          0          0         68   llshl.o
        36          0          0          0          0         68   llsshr.o
        32          0          0          0          0         68   llushr.o
        36          0          0          0          0         68   memcpya.o
        36          0          0          0          0        108   memseta.o
        98          0          0          0          0         92   uldiv.o
        56          0          0          0          0         88   d2f.o
       334          0          0          0          0        148   dadd.o
       222          0          0          0          0        100   ddiv.o
       186          0          0          0          0        176   depilogue.o
        50          0          0          0          0         76   dfixui.o
        34          0          0          0          0         76   dflti.o
       228          0          0          0          0         96   dmul.o
       110          0          0          0          0        168   fepilogue.o
        40          0          0          0          0         68   ffixui.o

    ----------------------------------------------------------------------
      1708         16          0          0          0       1536   Library Totals
         4          0          0          0          0          0   (incl. Padding)

    ----------------------------------------------------------------------

      Code (inc. data)   RO Data    RW Data    ZI Data      Debug   Library Name

       444         16          0          0          0        540   mc_w.l
      1260          0          0          0          0        996   mf_w.l

    ----------------------------------------------------------------------
      1708         16          0          0          0       1536   Library Totals

    ----------------------------------------------------------------------

==============================================================================


      Code (inc. data)   RO Data    RW Data    ZI Data      Debug   

     23328       1362       1368        308       3820     841625   Grand Totals
     23328       1362       1368        128       3820     841625   ELF Image Totals (compressed)
     23328       1362       1368        128          0          0   ROM Totals

==============================================================================

    Total RO  Size (Code + RO Data)                24696 (  24.12kB)
    Total RW  Size (RW Data + ZI Data)              4128 (   4.03kB)
    Total ROM Size (Code + RO Data + RW Data)      24824 (  24.24kB)

==============================================================================

