Component: ARM Compiler 5.06 update 7 (build 960) Tool: armlink [4d3601]

==============================================================================

Section Cross References

    main.o(i.adv_updata_timeout_handle) refers to rand.o(.text) for rand
    main.o(i.adv_updata_timeout_handle) refers to uldiv.o(.text) for __aeabi_uldivmod
    main.o(i.adv_updata_timeout_handle) refers to app_timer2.o(i.app_timer_start) for app_timer_start
    main.o(i.adv_updata_timeout_handle) refers to main.o(.constdata) for adv_updata_id
    main.o(i.adv_updata_timeout_handle) refers to main.o(.data) for app_process_events
    main.o(i.advertising_init) refers to memseta.o(.text) for __aeabi_memclr4
    main.o(i.advertising_init) refers to ble_advertising.o(i.ble_advertising_init) for ble_advertising_init
    main.o(i.advertising_init) refers to app_error.o(i.app_error_handler_bare) for app_error_handler_bare
    main.o(i.advertising_init) refers to ble_advertising.o(i.ble_advertising_conn_cfg_tag_set) for ble_advertising_conn_cfg_tag_set
    main.o(i.advertising_init) refers to main.o(.data) for m_beacon_info
    main.o(i.advertising_init) refers to main.o(i.on_adv_evt) for on_adv_evt
    main.o(i.advertising_init) refers to main.o(.bss) for m_advertising
    main.o(i.advertising_start) refers to ble_advertising.o(i.ble_advertising_start) for ble_advertising_start
    main.o(i.advertising_start) refers to app_error.o(i.app_error_handler_bare) for app_error_handler_bare
    main.o(i.advertising_start) refers to main.o(.bss) for m_advertising
    main.o(i.app_advertising_data_update) refers to memseta.o(.text) for __aeabi_memclr4
    main.o(i.app_advertising_data_update) refers to main.o(i.NVIC_SystemReset) for NVIC_SystemReset
    main.o(i.app_advertising_data_update) refers to ble_advertising.o(i.ble_advertising_modes_config_set) for ble_advertising_modes_config_set
    main.o(i.app_advertising_data_update) refers to ble_advertising.o(i.ble_advertising_advdata_update) for ble_advertising_advdata_update
    main.o(i.app_advertising_data_update) refers to app_error.o(i.app_error_handler_bare) for app_error_handler_bare
    main.o(i.app_advertising_data_update) refers to ble_advertising.o(i.ble_advertising_start) for ble_advertising_start
    main.o(i.app_advertising_data_update) refers to main.o(.data) for seq_count
    main.o(i.app_advertising_data_update) refers to main.o(.bss) for m_advertising
    main.o(i.app_sys_event_handle) refers to main.o(i.app_advertising_data_update) for app_advertising_data_update
    main.o(i.app_sys_event_handle) refers to main.o(.data) for app_process_events
    main.o(i.app_sys_event_handle) refers to main.o(.bss) for m_advertising
    main.o(i.assert_nrf_callback) refers to app_error_handler_keil.o(.emb_text) for app_error_handler
    main.o(i.ble_evt_handler) refers to bsp.o(i.bsp_indication_set) for bsp_indication_set
    main.o(i.ble_evt_handler) refers to app_error.o(i.app_error_handler_bare) for app_error_handler_bare
    main.o(i.ble_evt_handler) refers to nrf_ble_qwr.o(i.nrf_ble_qwr_conn_handle_assign) for nrf_ble_qwr_conn_handle_assign
    main.o(i.ble_evt_handler) refers to ble_diy_inf.o(i.set_wattr_flg) for set_wattr_flg
    main.o(i.ble_evt_handler) refers to ble_diy_inf.o(i.get_wattr_flg) for get_wattr_flg
    main.o(i.ble_evt_handler) refers to memseta.o(.text) for __aeabi_memclr
    main.o(i.ble_evt_handler) refers to memcpya.o(.text) for __aeabi_memcpy
    main.o(i.ble_evt_handler) refers to crc.o(i.crc8) for crc8
    main.o(i.ble_evt_handler) refers to nvram.o(i.nvram_block_write) for nvram_block_write
    main.o(i.ble_evt_handler) refers to main.o(i.NVIC_SystemReset) for NVIC_SystemReset
    main.o(i.ble_evt_handler) refers to main.o(.data) for m_conn_handle
    main.o(i.ble_evt_handler) refers to main.o(.bss) for m_qwr
    main.o(i.ble_stack_init) refers to nrf_sdh.o(i.nrf_sdh_enable_request) for nrf_sdh_enable_request
    main.o(i.ble_stack_init) refers to app_error.o(i.app_error_handler_bare) for app_error_handler_bare
    main.o(i.ble_stack_init) refers to nrf_sdh_ble.o(i.nrf_sdh_ble_default_cfg_set) for nrf_sdh_ble_default_cfg_set
    main.o(i.ble_stack_init) refers to nrf_sdh_ble.o(i.nrf_sdh_ble_enable) for nrf_sdh_ble_enable
    main.o(i.bsp_event_handler) refers to bsp.o(i.bsp_indication_set) for bsp_indication_set
    main.o(i.bsp_event_handler) refers to main.o(.data) for adv_on
    main.o(i.buttons_init) refers to bsp.o(i.bsp_init) for bsp_init
    main.o(i.buttons_init) refers to app_error.o(i.app_error_handler_bare) for app_error_handler_bare
    main.o(i.buttons_init) refers to bsp.o(i.bsp_event_to_button_action_assign) for bsp_event_to_button_action_assign
    main.o(i.buttons_init) refers to main.o(i.bsp_event_handler) for bsp_event_handler
    main.o(i.conn_params_error_handler) refers to app_error.o(i.app_error_handler_bare) for app_error_handler_bare
    main.o(i.conn_params_init) refers to memseta.o(.text) for __aeabi_memclr4
[...]
    m_ble_evt_observer                       0x0001fa00   Data           8  ble_conn_state.o(sdh_ble_observers0)
    sdh_ble_observers1                       0x0001fa08   Section       16  main.o(sdh_ble_observers1)
    __tagsym$$used                           0x0001fa08   Number         0  main.o(sdh_ble_observers1)
    m_gatt_obs                               0x0001fa08   Data           8  main.o(sdh_ble_observers1)
    __tagsym$$used                           0x0001fa10   Number         0  main.o(sdh_ble_observers1)
    m_advertising_ble_obs                    0x0001fa10   Data           8  main.o(sdh_ble_observers1)
    sdh_ble_observers1                       0x0001fa18   Section        8  ble_conn_params.o(sdh_ble_observers1)
    __tagsym$$used                           0x0001fa18   Number         0  ble_conn_params.o(sdh_ble_observers1)
    m_ble_observer                           0x0001fa18   Data           8  ble_conn_params.o(sdh_ble_observers1)
    sdh_ble_observers1                       0x0001fa20   Section        8  ble_diy_inf.o(sdh_ble_observers1)
    __tagsym$$used                           0x0001fa20   Number         0  ble_diy_inf.o(sdh_ble_observers1)
    m_diy_obs                                0x0001fa20   Data           8  ble_diy_inf.o(sdh_ble_observers1)
    sdh_ble_observers2                       0x0001fa28   Section        8  main.o(sdh_ble_observers2)
    __tagsym$$used                           0x0001fa28   Number         0  main.o(sdh_ble_observers2)
    m_qwr_obs                                0x0001fa28   Data           8  main.o(sdh_ble_observers2)
    sdh_ble_observers3                       0x0001fa30   Section        8  main.o(sdh_ble_observers3)
    __tagsym$$used                           0x0001fa30   Number         0  main.o(sdh_ble_observers3)
    m_ble_observer                           0x0001fa30   Data           8  main.o(sdh_ble_observers3)
    sdh_soc_observers0                       0x0001fa38   Section        8  nrf_drv_clock.o(sdh_soc_observers0)
    __tagsym$$used                           0x0001fa38   Number         0  nrf_drv_clock.o(sdh_soc_observers0)
    m_soc_evt_observer                       0x0001fa38   Data           8  nrf_drv_clock.o(sdh_soc_observers0)
    sdh_stack_observers0                     0x0001fa40   Section        8  nrf_sdh_ble.o(sdh_stack_observers0)
    __tagsym$$used                           0x0001fa40   Number         0  nrf_sdh_ble.o(sdh_stack_observers0)
    m_nrf_sdh_ble_evts_poll                  0x0001fa40   Data           8  nrf_sdh_ble.o(sdh_stack_observers0)
    sdh_stack_observers0                     0x0001fa48   Section        8  nrf_sdh_soc.o(sdh_stack_observers0)
    __tagsym$$used                           0x0001fa48   Number         0  nrf_sdh_soc.o(sdh_stack_observers0)
    m_nrf_sdh_soc_evts_poll                  0x0001fa48   Data           8  nrf_sdh_soc.o(sdh_stack_observers0)
    sdh_state_observers0                     0x0001fa50   Section        8  nrf_drv_clock.o(sdh_state_observers0)
    __tagsym$$used                           0x0001fa50   Number         0  nrf_drv_clock.o(sdh_state_observers0)
    m_sd_state_observer                      0x0001fa50   Data           8  nrf_drv_clock.o(sdh_state_observers0)
    .data                                    0x200022c8   Section       54  main.o(.data)
    vbat                                     0x200022ca   Data           2  main.o(.data)
    m_conn_handle                            0x200022cc   Data           2  main.o(.data)
    seq_count                                0x200022ce   Data           1  main.o(.data)
    vol_16                                   0x200022d0   Data           2  main.o(.data)
    adv_on                                   0x200022d2   Data           1  main.o(.data)
    m_beacon_info                            0x200022d3   Data          27  main.o(.data)
    sec76_count                              0x200022fd   Data           1  main.o(.data)
    .data                                    0x200022fe   Section       13  vbat.o(.data)
    .data                                    0x2000230c   Section       21  bsp.o(.data)
    m_stable_state                           0x2000230c   Data           1  bsp.o(.data)
    m_leds_clear                             0x2000230d   Data           1  bsp.o(.data)
    m_indication_type                        0x20002310   Data           4  bsp.o(.data)
    m_alert_on                               0x20002314   Data           1  bsp.o(.data)
    m_registered_callback                    0x20002318   Data           4  bsp.o(.data)
    m_events_list                            0x2000231c   Data           3  bsp.o(.data)
    current_long_push_pin_no                 0x2000231f   Data           1  bsp.o(.data)
    release_event_at_push                    0x20002320   Data           1  bsp.o(.data)
    .data                                    0x20002322   Section        8  ble_conn_params.o(.data)
    m_preferred_conn_params                  0x20002322   Data           8  ble_conn_params.o(.data)
    .data                                    0x2000232a   Section       69  ble_dev_inf.o(.data)
    mac_address                              0x2000232a   Data           6  ble_dev_inf.o(.data)
    fw_release_time                          0x20002330   Data          10  ble_dev_inf.o(.data)
    serial_number                            0x2000233a   Data          13  ble_dev_inf.o(.data)
    firmware_rev                             0x20002347   Data          15  ble_dev_inf.o(.data)
    hardware_rev                             0x20002356   Data          15  ble_dev_inf.o(.data)
    manufacture_date                         0x20002365   Data          10  ble_dev_inf.o(.data)
    .data                                    0x20002370   Section       52  ble_diy_inf.o(.data)
    char1                                    0x20002370   Data           2  ble_diy_inf.o(.data)
    char3                                    0x20002372   Data           1  ble_diy_inf.o(.data)
    char4                                    0x20002373   Data           2  ble_diy_inf.o(.data)
    char5                                    0x20002375   Data           2  ble_diy_inf.o(.data)
    char6                                    0x20002377   Data           2  ble_diy_inf.o(.data)
    char7                                    0x20002379   Data           1  ble_diy_inf.o(.data)
    char60                                   0x2000237a   Data           1  ble_diy_inf.o(.data)
    key_done                                 0x2000237b   Data           1  ble_diy_inf.o(.data)
    w_attr                                   0x2000237c   Data           1  ble_diy_inf.o(.data)
    m_diy_link_ctx_storage_ctx_data_pool     0x20002380   Data           4  ble_diy_inf.o(.data)
    m_diy_link_ctx_storage                   0x20002384   Data           8  ble_diy_inf.o(.data)
    m_diy                                    0x2000238c   Data          24  ble_diy_inf.o(.data)
    .data                                    0x200023a4   Section        8  nrfx_clock.o(.data)
    m_clock_cb                               0x200023a4   Data           8  nrfx_clock.o(.data)
    .data                                    0x200023ac   Section        8  nrfx_prs.o(.data)
    m_prs_box_2                              0x200023ac   Data           8  nrfx_prs.o(.data)
    .data                                    0x200023b4   Section        2  nrfx_wdt.o(.data)
    m_state                                  0x200023b4   Data           1  nrfx_wdt.o(.data)
    m_alloc_index                            0x200023b5   Data           1  nrfx_wdt.o(.data)
    .data                                    0x200023b8   Section       24  app_button.o(.data)
    mp_buttons                               0x200023b8   Data           4  app_button.o(.data)
    m_button_count                           0x200023bc   Data           1  app_button.o(.data)
    m_detection_delay                        0x200023c0   Data           4  app_button.o(.data)
    m_pin_active                             0x200023c8   Data           8  app_button.o(.data)
    .data                                    0x200023d0   Section       36  app_timer2.o(.data)
    m_rtc_inst                               0x200023d0   Data           8  app_timer2.o(.data)
    mp_active_timer                          0x200023d8   Data           4  app_timer2.o(.data)
    m_global_active                          0x200023dc   Data           1  app_timer2.o(.data)
    m_base_counter                           0x200023e0   Data           8  app_timer2.o(.data)
    m_stamp64                                0x200023e8   Data           8  app_timer2.o(.data)
    m_app_timer_sortlist_sortlist_cb         0x200023f0   Data           4  app_timer2.o(.data)
    .data                                    0x200023f4   Section       12  drv_rtc.o(.data)
    m_handlers                               0x200023f4   Data           4  drv_rtc.o(.data)
    m_cb                                     0x200023f8   Data           8  drv_rtc.o(.data)
    .data                                    0x20002400   Section        9  nrf_pwr_mgmt.o(.data)
    m_pwr_mgmt_evt                           0x20002400   Data           1  nrf_pwr_mgmt.o(.data)
    m_sysoff_mtx                             0x20002404   Data           4  nrf_pwr_mgmt.o(.data)
    m_shutdown_started                       0x20002408   Data           1  nrf_pwr_mgmt.o(.data)
    .data                                    0x20002409   Section        3  nrf_sdh.o(.data)
    m_nrf_sdh_enabled                        0x20002409   Data           1  nrf_sdh.o(.data)
    m_nrf_sdh_suspended                      0x2000240a   Data           1  nrf_sdh.o(.data)
    m_nrf_sdh_continue                       0x2000240b   Data           1  nrf_sdh.o(.data)
    .data                                    0x2000240c   Section        1  nrf_sdh_ble.o(.data)
    m_stack_is_enabled                       0x2000240c   Data           1  nrf_sdh_ble.o(.data)
    .data                                    0x20002410   Section        4  system_nrf52810.o(.data)
    __tagsym$$used                           0x20002410   Number         0  system_nrf52810.o(.data)
    .data                                    0x20002414   Section        4  rand.o(.data)
    _rand_state                              0x20002414   Data           4  rand.o(.data)
    .bss                                     0x20002418   Section     1143  main.o(.bss)
    m_gatt                                   0x20002418   Data          16  main.o(.bss)
    m_qwr                                    0x20002428   Data          12  main.o(.bss)
    m_advertising                            0x20002434   Data         248  main.o(.bss)
    adv_updata_id_data                       0x20002530   Data          32  main.o(.bss)
    sys_restart_timeout_id_data              0x20002550   Data          32  main.o(.bss)
    data_array                               0x20002596   Data         200  main.o(.bss)
    data_res                                 0x2000265e   Data          49  main.o(.bss)
    rx_buf                                   0x2000268f   Data         256  main.o(.bss)
    tx_buf                                   0x2000278f   Data         256  main.o(.bss)
    .bss                                     0x20002890   Section       96  bsp.o(.bss)
    m_bsp_leds_tmr_data                      0x20002890   Data          32  bsp.o(.bss)
    m_bsp_alert_tmr_data                     0x200028b0   Data          32  bsp.o(.bss)
    m_bsp_button_tmr_data                    0x200028d0   Data          32  bsp.o(.bss)
    .bss                                     0x200028f0   Section       80  ble_conn_params.o(.bss)
    m_timer_data                             0x200028f0   Data          32  ble_conn_params.o(.bss)
    m_conn_params_instances                  0x20002910   Data          20  ble_conn_params.o(.bss)
    m_conn_params_config                     0x20002924   Data          28  ble_conn_params.o(.bss)
    .bss                                     0x20002940   Section      124  ble_conn_state.o(.bss)
    m_bcs                                    0x20002940   Data         124  ble_conn_state.o(.bss)
    .bss                                     0x200029bc   Section       16  ble_diy_inf.o(.bss)
    char2                                    0x200029bc   Data          16  ble_diy_inf.o(.bss)
    .bss                                     0x200029cc   Section       20  nrf_drv_clock.o(.bss)
    m_clock_cb                               0x200029cc   Data          20  nrf_drv_clock.o(.bss)
    .bss                                     0x200029e0   Section       92  nrfx_gpiote.o(.bss)
    m_cb                                     0x200029e0   Data          92  nrfx_gpiote.o(.bss)
    .bss                                     0x20002a3c   Section       48  nrfx_saadc.o(.bss)
    m_cb                                     0x20002a3c   Data          48  nrfx_saadc.o(.bss)
    .bss                                     0x20002a70   Section       48  app_button.o(.bss)
    m_detection_delay_timer_id_data          0x20002a70   Data          32  app_button.o(.bss)
    m_pin_states                             0x20002a90   Data          16  app_button.o(.bss)
    .bss                                     0x20002aa0   Section      104  app_timer2.o(.bss)
    m_req_fifo_data                          0x20002aa0   Data          88  app_timer2.o(.bss)
    m_req_fifo_inst                          0x20002af8   Data          16  app_timer2.o(.bss)
    .bss                                     0x20002b08   Section       12  app_util_platform.o(.bss)
    .bss                                     0x20002b14   Section       12  nrf_pwr_mgmt.o(.bss)
    m_handlers_iter                          0x20002b14   Data          12  nrf_pwr_mgmt.o(.bss)
    STACK                                    0x20002b20   Section     2048  arm_startup_nrf52810.o(STACK)

    Global Symbols

    Symbol Name                              Value     Ov Type        Size  Object(Section)

    BuildAttributes$$THM_ISAv4$E$P$D$K$B$S$7EM$PE$A:L22UL41UL21$X:L11$S22US41US21$IEEE1$IW$USESV6$~STKCKD$USESV7$~SHL$OTIME$ROPI$EBA8$MICROLIB$REQ8$EABIv2 0x00000000   Number         0  anon$$obj.o ABSOLUTE
    __ARM_use_no_argv                        0x00000000   Number         0  main.o ABSOLUTE
    __arm_fini_                               - Undefined Weak Reference
    __cpp_initialize__aeabi_                  - Undefined Weak Reference
    __cxa_finalize                            - Undefined Weak Reference
    _clock_init                               - Undefined Weak Reference
    _microlib_exit                            - Undefined Weak Reference
    pwr_mgmt_data0$$Base                      - Undefined Reference
    pwr_mgmt_data0$$Limit                     - Undefined Reference
    pwr_mgmt_data1$$Base                      - Undefined Reference
    pwr_mgmt_data1$$Limit                     - Undefined Reference
    pwr_mgmt_data2$$Base                      - Undefined Reference
    pwr_mgmt_data2$$Limit                     - Undefined Reference
    sdh_req_observers0$$Base                  - Undefined Reference
    sdh_req_observers0$$Limit                 - Undefined Reference
    sdh_req_observers1$$Base                  - Undefined Reference
    sdh_req_observers1$$Limit                 - Undefined Reference
    sdh_soc_observers1$$Base                  - Undefined Reference
    sdh_soc_observers1$$Limit                 - Undefined Reference
    sdh_stack_observers1$$Base                - Undefined Reference
    sdh_stack_observers1$$Limit               - Undefined Reference
    sdh_state_observers1$$Base                - Undefined Reference
    sdh_state_observers1$$Limit               - Undefined Reference
    __Vectors_Size                           0x00000200   Number         0  arm_startup_nrf52810.o ABSOLUTE
    __Vectors                                0x00019000   Data           4  arm_startup_nrf52810.o(RESET)
    __Vectors_End                            0x00019200   Data           0  arm_startup_nrf52810.o(RESET)
    __main                                   0x00019201   Thumb Code     0  entry.o(.ARM.Collect$$$$00000000)
    _main_stk                                0x00019201   Thumb Code     0  entry2.o(.ARM.Collect$$$$00000001)
    _main_scatterload                        0x00019205   Thumb Code     0  entry5.o(.ARM.Collect$$$$00000004)
    __main_after_scatterload                 0x00019209   Thumb Code     0  entry5.o(.ARM.Collect$$$$00000004)
    _main_clock                              0x00019209   Thumb Code     0  entry7b.o(.ARM.Collect$$$$00000008)
    _main_cpp_init                           0x00019209   Thumb Code     0  entry8b.o(.ARM.Collect$$$$0000000A)
    _main_init                               0x00019209   Thumb Code     0  entry9a.o(.ARM.Collect$$$$0000000B)
    __rt_lib_shutdown_fini                   0x00019211   Thumb Code     0  entry12b.o(.ARM.Collect$$$$0000000E)
    __rt_final_cpp                           0x00019215   Thumb Code     0  entry10a.o(.ARM.Collect$$$$0000000F)
    __rt_final_exit                          0x00019215   Thumb Code     0  entry11a.o(.ARM.Collect$$$$00000011)
    __asm___12_nrf_atfifo_c_51f461e1__nrf_atfifo_wspace_req 0x00019219   Thumb Code    56  nrf_atfifo.o(.emb_text)
    __asm___12_nrf_atfifo_c_51f461e1__nrf_atfifo_wspace_close 0x00019251   Thumb Code    18  nrf_atfifo.o(.emb_text)
    __asm___12_nrf_atfifo_c_51f461e1__nrf_atfifo_rspace_req 0x00019263   Thumb Code    58  nrf_atfifo.o(.emb_text)
    __asm___12_nrf_atfifo_c_51f461e1__nrf_atfifo_rspace_close 0x0001929d   Thumb Code    18  nrf_atfifo.o(.emb_text)
    __asm___12_nrf_atfifo_c_51f461e1__nrf_atfifo_space_clear 0x000192af   Thumb Code    50  nrf_atfifo.o(.emb_text)
    __asm___12_nrf_atomic_c_85ca2469__nrf_atomic_internal_mov 0x000192e1   Thumb Code    24  nrf_atomic.o(.emb_text)
    __asm___12_nrf_atomic_c_85ca2469__nrf_atomic_internal_orr 0x000192f9   Thumb Code    26  nrf_atomic.o(.emb_text)
    __asm___12_nrf_atomic_c_85ca2469__nrf_atomic_internal_and 0x00019313   Thumb Code    26  nrf_atomic.o(.emb_text)
    __asm___12_nrf_atomic_c_85ca2469__nrf_atomic_internal_eor 0x0001932d   Thumb Code    26  nrf_atomic.o(.emb_text)
    __asm___12_nrf_atomic_c_85ca2469__nrf_atomic_internal_add 0x00019347   Thumb Code    26  nrf_atomic.o(.emb_text)
    __asm___12_nrf_atomic_c_85ca2469__nrf_atomic_internal_sub 0x00019361   Thumb Code    26  nrf_atomic.o(.emb_text)
    __asm___12_nrf_atomic_c_85ca2469__nrf_atomic_internal_cmp_exch 0x0001937b   Thumb Code    42  nrf_atomic.o(.emb_text)
    __asm___12_nrf_atomic_c_85ca2469__nrf_atomic_internal_sub_hs 0x000193a5   Thumb Code    30  nrf_atomic.o(.emb_text)
    Reset_Handler                            0x000193c5   Thumb Code    42  arm_startup_nrf52810.o(.text)
    NMI_Handler                              0x000193ef   Thumb Code     2  arm_startup_nrf52810.o(.text)
    HardFault_Handler                        0x000193f1   Thumb Code     2  arm_startup_nrf52810.o(.text)
    MemoryManagement_Handler                 0x000193f3   Thumb Code     2  arm_startup_nrf52810.o(.text)
    BusFault_Handler                         0x000193f5   Thumb Code     2  arm_startup_nrf52810.o(.text)
    UsageFault_Handler                       0x000193f7   Thumb Code     2  arm_startup_nrf52810.o(.text)
    SVC_Handler                              0x000193f9   Thumb Code     2  arm_startup_nrf52810.o(.text)
    DebugMon_Handler                         0x000193fb   Thumb Code     2  arm_startup_nrf52810.o(.text)
    PendSV_Handler                           0x000193fd   Thumb Code     2  arm_startup_nrf52810.o(.text)
    SysTick_Handler                          0x000193ff   Thumb Code     2  arm_startup_nrf52810.o(.text)
    CCM_AAR_IRQHandler                       0x00019401   Thumb Code     0  arm_startup_nrf52810.o(.text)
    COMP_IRQHandler                          0x00019401   Thumb Code     0  arm_startup_nrf52810.o(.text)
    ECB_IRQHandler                           0x00019401   Thumb Code     0  arm_startup_nrf52810.o(.text)
    PDM_IRQHandler                           0x00019401   Thumb Code     0  arm_startup_nrf52810.o(.text)
    PWM0_IRQHandler                          0x00019401   Thumb Code     0  arm_startup_nrf52810.o(.text)
    QDEC_IRQHandler                          0x00019401   Thumb Code     0  arm_startup_nrf52810.o(.text)
    RADIO_IRQHandler                         0x00019401   Thumb Code     0  arm_startup_nrf52810.o(.text)
    RNG_IRQHandler                           0x00019401   Thumb Code     0  arm_startup_nrf52810.o(.text)
    RTC0_IRQHandler                          0x00019401   Thumb Code     0  arm_startup_nrf52810.o(.text)
    SPIM0_SPIS0_SPI0_IRQHandler              0x00019401   Thumb Code     0  arm_startup_nrf52810.o(.text)
    SWI0_EGU0_IRQHandler                     0x00019401   Thumb Code     0  arm_startup_nrf52810.o(.text)
    SWI1_EGU1_IRQHandler                     0x00019401   Thumb Code     0  arm_startup_nrf52810.o(.text)
    SWI3_IRQHandler                          0x00019401   Thumb Code     0  arm_startup_nrf52810.o(.text)
    SWI4_IRQHandler                          0x00019401   Thumb Code     0  arm_startup_nrf52810.o(.text)
    SWI5_IRQHandler                          0x00019401   Thumb Code     0  arm_startup_nrf52810.o(.text)
    TEMP_IRQHandler                          0x00019401   Thumb Code     0  arm_startup_nrf52810.o(.text)
    TIMER0_IRQHandler                        0x00019401   Thumb Code     0  arm_startup_nrf52810.o(.text)
    TIMER1_IRQHandler                        0x00019401   Thumb Code     0  arm_startup_nrf52810.o(.text)
    TIMER2_IRQHandler                        0x00019401   Thumb Code     0  arm_startup_nrf52810.o(.text)
    TWIM0_TWIS0_TWI0_IRQHandler              0x00019401   Thumb Code     0  arm_startup_nrf52810.o(.text)
    WDT_IRQHandler                           0x00019401   Thumb Code     0  arm_startup_nrf52810.o(.text)
    __aeabi_uldivmod                         0x00019419   Thumb Code    98  uldiv.o(.text)
    __aeabi_llsl                             0x0001947b   Thumb Code    30  llshl.o(.text)
    _ll_shift_l                              0x0001947b   Thumb Code     0  llshl.o(.text)
    rand                                     0x00019499   Thumb Code    20  rand.o(.text)
    srand                                    0x000194ad   Thumb Code     6  rand.o(.text)
    __aeabi_memcpy                           0x000194bd   Thumb Code    36  memcpya.o(.text)
    __aeabi_memcpy4                          0x000194bd   Thumb Code     0  memcpya.o(.text)
    __aeabi_memcpy8                          0x000194bd   Thumb Code     0  memcpya.o(.text)
    __aeabi_memset                           0x000194e1   Thumb Code    14  memseta.o(.text)
    __aeabi_memset4                          0x000194e1   Thumb Code     0  memseta.o(.text)
    __aeabi_memset8                          0x000194e1   Thumb Code     0  memseta.o(.text)
    __aeabi_memclr                           0x000194ef   Thumb Code     4  memseta.o(.text)
    __aeabi_memclr4                          0x000194ef   Thumb Code     0  memseta.o(.text)
    __aeabi_memclr8                          0x000194ef   Thumb Code     0  memseta.o(.text)
    _memset$wrapper                          0x000194f3   Thumb Code    18  memseta.o(.text)
    __aeabi_dadd                             0x00019505   Thumb Code   322  dadd.o(.text)
    __aeabi_dsub                             0x00019647   Thumb Code     6  dadd.o(.text)
    __aeabi_drsub                            0x0001964d   Thumb Code     6  dadd.o(.text)
    __aeabi_dmul                             0x00019653   Thumb Code   228  dmul.o(.text)
    __aeabi_ddiv                             0x00019737   Thumb Code   222  ddiv.o(.text)
    __aeabi_i2d                              0x00019815   Thumb Code    34  dflti.o(.text)
    __aeabi_f2uiz                            0x00019837   Thumb Code    40  ffixui.o(.text)
    __aeabi_d2uiz                            0x0001985f   Thumb Code    50  dfixui.o(.text)
    __aeabi_d2f                              0x00019891   Thumb Code    56  d2f.o(.text)
    __aeabi_llsr                             0x000198c9   Thumb Code    32  llushr.o(.text)
    _ll_ushift_r                             0x000198c9   Thumb Code     0  llushr.o(.text)
    __aeabi_lasr                             0x000198e9   Thumb Code    36  llsshr.o(.text)
    _ll_sshift_r                             0x000198e9   Thumb Code     0  llsshr.o(.text)
    __I$use$fp                               0x0001990d   Thumb Code     0  iusefp.o(.text)
    _float_round                             0x0001990d   Thumb Code    18  fepilogue.o(.text)
    _float_epilogue                          0x0001991f   Thumb Code    92  fepilogue.o(.text)
    _double_round                            0x0001997b   Thumb Code    30  depilogue.o(.text)
    _double_epilogue                         0x00019999   Thumb Code   156  depilogue.o(.text)
    __scatterload                            0x00019a35   Thumb Code    28  init.o(.text)
    __scatterload_rt2                        0x00019a35   Thumb Code     0  init.o(.text)
    __decompress                             0x00019a59   Thumb Code     0  __dczerorl2.o(.text)
    __decompress1                            0x00019a59   Thumb Code    86  __dczerorl2.o(.text)
    GPIOTE_IRQHandler                        0x00019ab1   Thumb Code   528  nrfx_gpiote.o(i.GPIOTE_IRQHandler)
    POWER_CLOCK_IRQHandler                   0x00019d0d   Thumb Code    80  nrfx_clock.o(i.POWER_CLOCK_IRQHandler)
    RTC1_IRQHandler                          0x00019d61   Thumb Code    14  drv_rtc.o(i.RTC1_IRQHandler)
    SAADC_IRQHandler                         0x00019d79   Thumb Code   456  nrfx_saadc.o(i.SAADC_IRQHandler)
    SWI2_IRQHandler                          0x00019f45   Thumb Code     8  nrf_sdh.o(i.SWI2_IRQHandler)
    SystemCoreClockUpdate                    0x00019f4d   Thumb Code     8  system_nrf52810.o(i.SystemCoreClockUpdate)
    SystemInit                               0x00019f5d   Thumb Code   578  system_nrf52810.o(i.SystemInit)
    UARTE0_UART0_IRQHandler                  0x0001a1e9   Thumb Code    10  nrfx_prs.o(i.UARTE0_UART0_IRQHandler)
    __scatterload_copy                       0x0001a1f9   Thumb Code    14  handlers.o(i.__scatterload_copy)
    __scatterload_null                       0x0001a207   Thumb Code     2  handlers.o(i.__scatterload_null)
    __scatterload_zeroinit                   0x0001a209   Thumb Code    14  handlers.o(i.__scatterload_zeroinit)
    adv_updata_timeout_handle                0x0001a2f1   Thumb Code    76  main.o(i.adv_updata_timeout_handle)
    app_button_enable                        0x0001a521   Thumb Code    34  app_button.o(i.app_button_enable)
    app_button_init                          0x0001a54d   Thumb Code   140  app_button.o(i.app_button_init)
    app_error_fault_handler                  0x0001a5fd   Thumb Code    82  app_error_weak.o(i.app_error_fault_handler)
    app_error_handler_bare                   0x0001a659   Thumb Code    28  app_error.o(i.app_error_handler_bare)
    app_timer_cnt_get                        0x0001a6c1   Thumb Code    10  app_timer2.o(i.app_timer_cnt_get)
    app_timer_create                         0x0001a6d1   Thumb Code    32  app_timer2.o(i.app_timer_create)
    app_timer_init                           0x0001a6f1   Thumb Code    78  app_timer2.o(i.app_timer_init)
    app_timer_start                          0x0001a75d   Thumb Code    54  app_timer2.o(i.app_timer_start)
    app_timer_stop                           0x0001a793   Thumb Code    20  app_timer2.o(i.app_timer_stop)
    app_util_critical_region_enter           0x0001a7a7   Thumb Code    12  app_util_platform.o(i.app_util_critical_region_enter)
    app_util_critical_region_exit            0x0001a7b5   Thumb Code    62  app_util_platform.o(i.app_util_critical_region_exit)
    ble_advdata_encode                       0x0001a84f   Thumb Code   364  ble_advdata.o(i.ble_advdata_encode)
    ble_advdata_parse                        0x0001a9bb   Thumb Code    40  ble_advdata.o(i.ble_advdata_parse)
    ble_advdata_search                       0x0001a9e3   Thumb Code    78  ble_advdata.o(i.ble_advdata_search)
    ble_advertising_advdata_update           0x0001aa31   Thumb Code   196  ble_advertising.o(i.ble_advertising_advdata_update)
    ble_advertising_conn_cfg_tag_set         0x0001aaf5   Thumb Code     6  ble_advertising.o(i.ble_advertising_conn_cfg_tag_set)
    ble_advertising_init                     0x0001aafb   Thumb Code   256  ble_advertising.o(i.ble_advertising_init)
    ble_advertising_modes_config_set         0x0001abfb   Thumb Code    18  ble_advertising.o(i.ble_advertising_modes_config_set)
    ble_advertising_on_ble_evt               0x0001ac0d   Thumb Code    60  ble_advertising.o(i.ble_advertising_on_ble_evt)
    ble_advertising_start                    0x0001ac49   Thumb Code   382  ble_advertising.o(i.ble_advertising_start)
    ble_dev_inf_init                         0x0001adc9   Thumb Code   512  ble_dev_inf.o(i.ble_dev_inf_init)
    ble_dev_inf_set_parameter                0x0001afe1   Thumb Code   198  ble_dev_inf.o(i.ble_dev_inf_set_parameter)
    ble_diy_inf_init                         0x0001b139   Thumb Code   756  ble_diy_inf.o(i.ble_diy_inf_init)
    ble_diy_inf_on_ble_evt                   0x0001b451   Thumb Code    36  ble_diy_inf.o(i.ble_diy_inf_on_ble_evt)
    ble_diy_inf_set_parameter                0x0001b475   Thumb Code   208  ble_diy_inf.o(i.ble_diy_inf_set_parameter)
    ble_srv_is_notification_enabled          0x0001b939   Thumb Code    18  ble_srv_common.o(i.ble_srv_is_notification_enabled)
    bsp_board_init                           0x0001b9cd   Thumb Code    26  boards.o(i.bsp_board_init)
    bsp_board_led_invert                     0x0001b9e9   Thumb Code    44  boards.o(i.bsp_board_led_invert)
    bsp_board_led_off                        0x0001ba19   Thumb Code    16  boards.o(i.bsp_board_led_off)
    bsp_board_led_on                         0x0001ba2d   Thumb Code    16  boards.o(i.bsp_board_led_on)
    bsp_board_led_state_get                  0x0001ba41   Thumb Code    42  boards.o(i.bsp_board_led_state_get)
    bsp_board_leds_off                       0x0001baa1   Thumb Code    20  boards.o(i.bsp_board_leds_off)
    bsp_board_leds_on                        0x0001bab5   Thumb Code    20  boards.o(i.bsp_board_leds_on)
    bsp_board_pin_to_button_idx              0x0001bac9   Thumb Code    32  boards.o(i.bsp_board_pin_to_button_idx)
    bsp_event_handler                        0x0001bbb1   Thumb Code    48  main.o(i.bsp_event_handler)
    bsp_event_to_button_action_assign        0x0001bbe5   Thumb Code    64  bsp.o(i.bsp_event_to_button_action_assign)
    bsp_indication_set                       0x0001bc29   Thumb Code    28  bsp.o(i.bsp_indication_set)
    bsp_init                                 0x0001bc49   Thumb Code   104  bsp.o(i.bsp_init)
    characteristic_add                       0x0001c1b9   Thumb Code   456  ble_srv_common.o(i.characteristic_add)
    conn_handle_list_get                     0x0001c427   Thumb Code    60  ble_conn_state.o(i.conn_handle_list_get)
    crc8                                     0x0001c579   Thumb Code    50  crc.o(i.crc8)
    drv_rtc_compare_disable                  0x0001c60d   Thumb Code    22  drv_rtc.o(i.drv_rtc_compare_disable)
    drv_rtc_compare_pending                  0x0001c623   Thumb Code    26  drv_rtc.o(i.drv_rtc_compare_pending)
    drv_rtc_compare_set                      0x0001c63d   Thumb Code    92  drv_rtc.o(i.drv_rtc_compare_set)
    drv_rtc_counter_get                      0x0001c699   Thumb Code    12  drv_rtc.o(i.drv_rtc_counter_get)
    drv_rtc_init                             0x0001c6a5   Thumb Code   164  drv_rtc.o(i.drv_rtc_init)
    drv_rtc_irq_trigger                      0x0001c759   Thumb Code    28  drv_rtc.o(i.drv_rtc_irq_trigger)
    drv_rtc_overflow_enable                  0x0001c779   Thumb Code    18  drv_rtc.o(i.drv_rtc_overflow_enable)
    drv_rtc_overflow_pending                 0x0001c78b   Thumb Code    16  drv_rtc.o(i.drv_rtc_overflow_pending)
    drv_rtc_start                            0x0001c79b   Thumb Code    14  drv_rtc.o(i.drv_rtc_start)
    drv_rtc_stop                             0x0001c7a9   Thumb Code    14  drv_rtc.o(i.drv_rtc_stop)
    drv_rtc_windowed_compare_set             0x0001c7b7   Thumb Code   260  drv_rtc.o(i.drv_rtc_windowed_compare_set)
    evt_handle                               0x0001cc89   Thumb Code   234  app_button.o(i.evt_handle)
    get_current_handle                       0x0001cea1   Thumb Code     6  main.o(i.get_current_handle)
    get_wattr_flg                            0x0001cee9   Thumb Code     6  ble_diy_inf.o(i.get_wattr_flg)
    main                                     0x0001d075   Thumb Code   220  main.o(i.main)
    nrf_atfifo_init                          0x0001d2cf   Thumb Code    40  nrf_atfifo.o(i.nrf_atfifo_init)
    nrf_atfifo_item_alloc                    0x0001d2f7   Thumb Code    28  nrf_atfifo.o(i.nrf_atfifo_item_alloc)
    nrf_atfifo_item_free                     0x0001d313   Thumb Code    28  nrf_atfifo.o(i.nrf_atfifo_item_free)
    nrf_atfifo_item_get                      0x0001d32f   Thumb Code    28  nrf_atfifo.o(i.nrf_atfifo_item_get)
    nrf_atfifo_item_put                      0x0001d34b   Thumb Code    28  nrf_atfifo.o(i.nrf_atfifo_item_put)
    nrf_atflags_clear                        0x0001d367   Thumb Code    30  nrf_atflags.o(i.nrf_atflags_clear)
    nrf_atflags_get                          0x0001d385   Thumb Code    30  nrf_atflags.o(i.nrf_atflags_get)
    nrf_atflags_set                          0x0001d3a3   Thumb Code    30  nrf_atflags.o(i.nrf_atflags_set)
    nrf_atomic_u32_and                       0x0001d3c1   Thumb Code    22  nrf_atomic.o(i.nrf_atomic_u32_and)
    nrf_atomic_u32_or                        0x0001d3d7   Thumb Code    22  nrf_atomic.o(i.nrf_atomic_u32_or)
    nrf_ble_gatt_on_ble_evt                  0x0001d419   Thumb Code   158  nrf_ble_gatt.o(i.nrf_ble_gatt_on_ble_evt)
    nrf_ble_qwr_conn_handle_assign           0x0001d4b7   Thumb Code    32  nrf_ble_qwr.o(i.nrf_ble_qwr_conn_handle_assign)
    nrf_ble_qwr_init                         0x0001d4d7   Thumb Code    50  nrf_ble_qwr.o(i.nrf_ble_qwr_init)
    nrf_ble_qwr_on_ble_evt                   0x0001d509   Thumb Code   124  nrf_ble_qwr.o(i.nrf_ble_qwr_on_ble_evt)
    nrf_drv_clock_init                       0x0001d5ed   Thumb Code    54  nrf_drv_clock.o(i.nrf_drv_clock_init)
    nrf_drv_clock_lfclk_release              0x0001d62d   Thumb Code    42  nrf_drv_clock.o(i.nrf_drv_clock_lfclk_release)
    nrf_pwr_mgmt_init                        0x0001d7b9   Thumb Code    46  nrf_pwr_mgmt.o(i.nrf_pwr_mgmt_init)
    nrf_pwr_mgmt_run                         0x0001d7f9   Thumb Code    22  nrf_pwr_mgmt.o(i.nrf_pwr_mgmt_run)
    nrf_sdh_ble_app_ram_start_get            0x0001d8d5   Thumb Code    18  nrf_sdh_ble.o(i.nrf_sdh_ble_app_ram_start_get)
    nrf_sdh_ble_default_cfg_set              0x0001d8ed   Thumb Code   178  nrf_sdh_ble.o(i.nrf_sdh_ble_default_cfg_set)
    nrf_sdh_ble_enable                       0x0001d9a1   Thumb Code    32  nrf_sdh_ble.o(i.nrf_sdh_ble_enable)
    nrf_sdh_enable_request                   0x0001da39   Thumb Code   112  nrf_sdh.o(i.nrf_sdh_enable_request)
    nrf_sdh_evts_poll                        0x0001dabd   Thumb Code    44  nrf_sdh.o(i.nrf_sdh_evts_poll)
    nrf_sdh_is_enabled                       0x0001daed   Thumb Code     6  nrf_sdh.o(i.nrf_sdh_is_enabled)
    nrf_section_iter_init                    0x0001db53   Thumb Code    20  nrf_section_iter.o(i.nrf_section_iter_init)
    nrf_section_iter_next                    0x0001db95   Thumb Code    46  nrf_section_iter.o(i.nrf_section_iter_next)
    nrf_sortlist_add                         0x0001dbc3   Thumb Code    40  nrf_sortlist.o(i.nrf_sortlist_add)
    nrf_sortlist_peek                        0x0001dbeb   Thumb Code     8  nrf_sortlist.o(i.nrf_sortlist_peek)
    nrf_sortlist_pop                         0x0001dbf3   Thumb Code    24  nrf_sortlist.o(i.nrf_sortlist_pop)
    nrf_sortlist_remove                      0x0001dc0b   Thumb Code    38  nrf_sortlist.o(i.nrf_sortlist_remove)
    nrfx_clock_enable                        0x0001dc45   Thumb Code    16  nrfx_clock.o(i.nrfx_clock_enable)
    nrfx_clock_init                          0x0001dc59   Thumb Code    30  nrfx_clock.o(i.nrfx_clock_init)
    nrfx_clock_lfclk_stop                    0x0001dc7d   Thumb Code    26  nrfx_clock.o(i.nrfx_clock_lfclk_stop)
    nrfx_gpiote_in_event_enable              0x0001dcd5   Thumb Code   164  nrfx_gpiote.o(i.nrfx_gpiote_in_event_enable)
    nrfx_gpiote_in_init                      0x0001dd81   Thumb Code   232  nrfx_gpiote.o(i.nrfx_gpiote_in_init)
    nrfx_gpiote_in_is_set                    0x0001de75   Thumb Code    20  nrfx_gpiote.o(i.nrfx_gpiote_in_is_set)
    nrfx_gpiote_init                         0x0001de89   Thumb Code   160  nrfx_gpiote.o(i.nrfx_gpiote_init)
    nrfx_gpiote_is_init                      0x0001df35   Thumb Code    16  nrfx_gpiote.o(i.nrfx_gpiote_is_init)
    nrfx_nvmc_bytes_write                    0x0001df49   Thumb Code   124  nrfx_nvmc.o(i.nrfx_nvmc_bytes_write)
    nrfx_nvmc_page_erase                     0x0001dfc5   Thumb Code    48  nrfx_nvmc.o(i.nrfx_nvmc_page_erase)
    nrfx_saadc_channel_init                  0x0001e0a1   Thumb Code   208  nrfx_saadc.o(i.nrfx_saadc_channel_init)
    nrfx_saadc_init                          0x0001e179   Thumb Code   216  nrfx_saadc.o(i.nrfx_saadc_init)
    nrfx_saadc_sample_convert                0x0001e261   Thumb Code   246  nrfx_saadc.o(i.nrfx_saadc_sample_convert)
    nrfx_wdt_channel_alloc                   0x0001e35d   Thumb Code    74  nrfx_wdt.o(i.nrfx_wdt_channel_alloc)
    nrfx_wdt_enable                          0x0001e3b1   Thumb Code    18  nrfx_wdt.o(i.nrfx_wdt_enable)
    nrfx_wdt_feed                            0x0001e3cd   Thumb Code    26  nrfx_wdt.o(i.nrfx_wdt_feed)
    nrfx_wdt_init                            0x0001e3ed   Thumb Code    84  nrfx_wdt.o(i.nrfx_wdt_init)
    nvram_block_read                         0x0001e4f1   Thumb Code    44  nvram.o(i.nvram_block_read)
    nvram_block_write                        0x0001e5a5   Thumb Code   102  nvram.o(i.nvram_block_write)
    nvram_init                               0x0001e60b   Thumb Code    88  nvram.o(i.nvram_init)
    set_wattr_flg                            0x0001f1f5   Thumb Code     6  ble_diy_inf.o(i.set_wattr_flg)
    vbat_init                                0x0001f635   Thumb Code    60  vbat.o(i.vbat_init)
    vbat_read_value                          0x0001f679   Thumb Code   122  vbat.o(i.vbat_read_value)
    tx_power_table                           0x0001f714   Data          16  main.o(.constdata)
    tx_interval_table                        0x0001f724   Data          72  main.o(.constdata)
    D_FRT                                    0x0001f76c   Data          10  main.o(.constdata)
    D_FR                                     0x0001f776   Data          14  main.o(.constdata)
    D_CKey                                   0x0001f784   Data          16  main.o(.constdata)
    major                                    0x0001f7c0   Data           2  nvram.o(.constdata)
    minor                                    0x0001f7c2   Data           2  nvram.o(.constdata)
    uuid                                     0x0001f7c4   Data          16  nvram.o(.constdata)
    m_ram_start                              0x0001f9c0   Data           4  nrf_sdh_ble.o(.constdata)
    Region$$Table$$Base                      0x0001f9e0   Number         0  anon$$obj.o(Region$$Table)
    Region$$Table$$Limit                     0x0001fa00   Number         0  anon$$obj.o(Region$$Table)
    sdh_ble_observers0$$Base                 0x0001fa00   Number         0  ble_conn_state.o(sdh_ble_observers0)
    sdh_ble_observers0$$Limit                0x0001fa08   Number         0  ble_conn_state.o(sdh_ble_observers0)
    sdh_ble_observers1$$Base                 0x0001fa08   Number         0  main.o(sdh_ble_observers1)
    sdh_ble_observers1$$Limit                0x0001fa28   Number         0  ble_diy_inf.o(sdh_ble_observers1)
    sdh_ble_observers2$$Base                 0x0001fa28   Number         0  main.o(sdh_ble_observers2)
    sdh_ble_observers2$$Limit                0x0001fa30   Number         0  main.o(sdh_ble_observers2)
    sdh_ble_observers3$$Base                 0x0001fa30   Number         0  main.o(sdh_ble_observers3)
    sdh_ble_observers3$$Limit                0x0001fa38   Number         0  main.o(sdh_ble_observers3)
    sdh_soc_observers0$$Base                 0x0001fa38   Number         0  nrf_drv_clock.o(sdh_soc_observers0)
    sdh_soc_observers0$$Limit                0x0001fa40   Number         0  nrf_drv_clock.o(sdh_soc_observers0)
    sdh_stack_observers0$$Base               0x0001fa40   Number         0  nrf_sdh_ble.o(sdh_stack_observers0)
    sdh_stack_observers0$$Limit              0x0001fa50   Number         0  nrf_sdh_soc.o(sdh_stack_observers0)
    sdh_state_observers0$$Base               0x0001fa50   Number         0  nrf_drv_clock.o(sdh_state_observers0)
    sdh_state_observers0$$Limit              0x0001fa58   Number         0  nrf_drv_clock.o(sdh_state_observers0)
    Image$$RW_IRAM1$$Base                    0x200022c8   Number         0  anon$$obj.o ABSOLUTE
    app_process_events                       0x200022c8   Data           1  main.o(.data)
    w_data_ptr                               0x200022ee   Data           1  main.o(.data)
    r_data_ptr                               0x200022ef   Data           1  main.o(.data)
    overflow                                 0x200022f0   Data           1  main.o(.data)
    wdt_config                               0x200022f4   Data           8  main.o(.data)
    wdt_channel_id                           0x200022fc   Data           1  main.o(.data)
    saadc_config                             0x200022fe   Data           4  vbat.o(.data)
    saadc_channel_config                     0x20002302   Data           9  vbat.o(.data)
    SystemCoreClock                          0x20002410   Data           4  system_nrf52810.o(.data)
    sys_inf                                  0x20002570   Data          38  main.o(.bss)
    nrf_nvic_state                           0x20002b08   Data          12  app_util_platform.o(.bss)
    __initial_sp                             0x20003320   Data           0  arm_startup_nrf52810.o(STACK)



==============================================================================

Memory Map of the image

  Image Entry point : 0x00019201

  Load Region LR_IROM1 (Base: 0x00019000, Size: 0x00006ba8, Max: 0x00017000, ABSOLUTE, COMPRESSED[0x00006ad8])

    Execution Region ER_IROM1 (Exec base: 0x00019000, Load base: 0x00019000, Size: 0x00006a58, Max: 0x00017000, ABSOLUTE)

    Exec Addr    Load Addr    Size         Type   Attr      Idx    E Section Name        Object

    0x00019000   0x00019000   0x00000200   Data   RO         6047    RESET               arm_startup_nrf52810.o
    0x00019200   0x00019200   0x00000000   Code   RO         6153  * .ARM.Collect$$$$00000000  mc_w.l(entry.o)
    0x00019200   0x00019200   0x00000004   Code   RO         6189    .ARM.Collect$$$$00000001  mc_w.l(entry2.o)
    0x00019204   0x00019204   0x00000004   Code   RO         6192    .ARM.Collect$$$$00000004  mc_w.l(entry5.o)
    0x00019208   0x00019208   0x00000000   Code   RO         6194    .ARM.Collect$$$$00000008  mc_w.l(entry7b.o)
    0x00019208   0x00019208   0x00000000   Code   RO         6196    .ARM.Collect$$$$0000000A  mc_w.l(entry8b.o)
    0x00019208   0x00019208   0x00000008   Code   RO         6197    .ARM.Collect$$$$0000000B  mc_w.l(entry9a.o)
    0x00019210   0x00019210   0x00000004   Code   RO         6204    .ARM.Collect$$$$0000000E  mc_w.l(entry12b.o)
    0x00019214   0x00019214   0x00000000   Code   RO         6199    .ARM.Collect$$$$0000000F  mc_w.l(entry10a.o)
    0x00019214   0x00019214   0x00000000   Code   RO         6201    .ARM.Collect$$$$00000011  mc_w.l(entry11a.o)
    0x00019214   0x00019214   0x00000004   Code   RO         6190    .ARM.Collect$$$$00002712  mc_w.l(entry2.o)
    0x00019218   0x00019218   0x000000c8   Code   RO         4662    .emb_text           nrf_atfifo.o
    0x000192e0   0x000192e0   0x000000e2   Code   RO         4801    .emb_text           nrf_atomic.o
    0x000193c2   0x000193c2   0x00000002   PAD
    0x000193c4   0x000193c4   0x00000054   Code   RO         6048    .text               arm_startup_nrf52810.o
    0x00019418   0x00019418   0x00000062   Code   RO         6156    .text               mc_w.l(uldiv.o)
    0x0001947a   0x0001947a   0x0000001e   Code   RO         6158    .text               mc_w.l(llshl.o)
    0x00019498   0x00019498   0x00000024   Code   RO         6160    .text               mc_w.l(rand.o)
    0x000194bc   0x000194bc   0x00000024   Code   RO         6163    .text               mc_w.l(memcpya.o)
    0x000194e0   0x000194e0   0x00000024   Code   RO         6165    .text               mc_w.l(memseta.o)
    0x00019504   0x00019504   0x0000014e   Code   RO         6175    .text               mf_w.l(dadd.o)
    0x00019652   0x00019652   0x000000e4   Code   RO         6177    .text               mf_w.l(dmul.o)
    0x00019736   0x00019736   0x000000de   Code   RO         6179    .text               mf_w.l(ddiv.o)
    0x00019814   0x00019814   0x00000022   Code   RO         6181    .text               mf_w.l(dflti.o)
    0x00019836   0x00019836   0x00000028   Code   RO         6183    .text               mf_w.l(ffixui.o)
    0x0001985e   0x0001985e   0x00000032   Code   RO         6185    .text               mf_w.l(dfixui.o)
    0x00019890   0x00019890   0x00000038   Code   RO         6187    .text               mf_w.l(d2f.o)
    0x000198c8   0x000198c8   0x00000020   Code   RO         6205    .text               mc_w.l(llushr.o)
    0x000198e8   0x000198e8   0x00000024   Code   RO         6207    .text               mc_w.l(llsshr.o)
    0x0001990c   0x0001990c   0x00000000   Code   RO         6209    .text               mc_w.l(iusefp.o)
    0x0001990c   0x0001990c   0x0000006e   Code   RO         6210    .text               mf_w.l(fepilogue.o)
    0x0001997a   0x0001997a   0x000000ba   Code   RO         6212    .text               mf_w.l(depilogue.o)
    0x00019a34   0x00019a34   0x00000024   Code   RO         6214    .text               mc_w.l(init.o)
    0x00019a58   0x00019a58   0x00000056   Code   RO         6224    .text               mc_w.l(__dczerorl2.o)
    0x00019aae   0x00019aae   0x00000002   PAD
    0x00019ab0   0x00019ab0   0x0000021c   Code   RO         2486    i.GPIOTE_IRQHandler  nrfx_gpiote.o
    0x00019ccc   0x00019ccc   0x00000040   Code   RO            4    i.NVIC_SystemReset  main.o
    0x00019d0c   0x00019d0c   0x00000054   Code   RO         2326    i.POWER_CLOCK_IRQHandler  nrfx_clock.o
    0x00019d60   0x00019d60   0x00000018   Code   RO         4413    i.RTC1_IRQHandler   drv_rtc.o
    0x00019d78   0x00019d78   0x000001cc   Code   RO         3555    i.SAADC_IRQHandler  nrfx_saadc.o
    0x00019f44   0x00019f44   0x00000008   Code   RO         5808    i.SWI2_IRQHandler   nrf_sdh.o
    0x00019f4c   0x00019f4c   0x00000010   Code   RO         6055    i.SystemCoreClockUpdate  system_nrf52810.o
    0x00019f5c   0x00019f5c   0x0000028c   Code   RO         6056    i.SystemInit        system_nrf52810.o
    0x0001a1e8   0x0001a1e8   0x00000010   Code   RO         2804    i.UARTE0_UART0_IRQHandler  nrfx_prs.o
    0x0001a1f8   0x0001a1f8   0x0000000e   Code   RO         6218    i.__scatterload_copy  mc_w.l(handlers.o)
    0x0001a206   0x0001a206   0x00000002   Code   RO         6219    i.__scatterload_null  mc_w.l(handlers.o)
    0x0001a208   0x0001a208   0x0000000e   Code   RO         6220    i.__scatterload_zeroinit  mc_w.l(handlers.o)
    0x0001a216   0x0001a216   0x00000002   PAD
    0x0001a218   0x0001a218   0x00000038   Code   RO         5809    i.__sd_nvic_app_accessible_irq  nrf_sdh.o
    0x0001a250   0x0001a250   0x0000000c   Code   RO         4335    i.__sd_nvic_irq_disable  app_util_platform.o
    0x0001a25c   0x0001a25c   0x00000018   Code   RO         1149    i.addr_is_valid     ble_advertising.o
    0x0001a274   0x0001a274   0x00000058   Code   RO         1150    i.adv_mode_next_avail_get  ble_advertising.o
    0x0001a2cc   0x0001a2cc   0x00000012   Code   RO         1151    i.adv_mode_next_get  ble_advertising.o
    0x0001a2de   0x0001a2de   0x00000012   Code   RO         1152    i.adv_set_data_size_max_get  ble_advertising.o
    0x0001a2f0   0x0001a2f0   0x00000058   Code   RO            5    i.adv_updata_timeout_handle  main.o
    0x0001a348   0x0001a348   0x000000a0   Code   RO            6    i.advertising_init  main.o
    0x0001a3e8   0x0001a3e8   0x0000000c   Code   RO          811    i.alert_timer_handler  bsp.o
    0x0001a3f4   0x0001a3f4   0x0000012c   Code   RO            8    i.app_advertising_data_update  main.o
    0x0001a520   0x0001a520   0x0000002c   Code   RO         3713    i.app_button_enable  app_button.o
    0x0001a54c   0x0001a54c   0x000000b0   Code   RO         3714    i.app_button_init   app_button.o
    0x0001a5fc   0x0001a5fc   0x0000005c   Code   RO         3901    i.app_error_fault_handler  app_error_weak.o
    0x0001a658   0x0001a658   0x0000001c   Code   RO         3841    i.app_error_handler_bare  app_error.o
    0x0001a674   0x0001a674   0x0000004c   Code   RO            9    i.app_sys_event_handle  main.o
    0x0001a6c0   0x0001a6c0   0x00000010   Code   RO         4088    i.app_timer_cnt_get  app_timer2.o
    0x0001a6d0   0x0001a6d0   0x00000020   Code   RO         4089    i.app_timer_create  app_timer2.o
    0x0001a6f0   0x0001a6f0   0x0000006c   Code   RO         4090    i.app_timer_init    app_timer2.o
    0x0001a75c   0x0001a75c   0x00000036   Code   RO         4093    i.app_timer_start   app_timer2.o
    0x0001a792   0x0001a792   0x00000014   Code   RO         4094    i.app_timer_stop    app_timer2.o
    0x0001a7a6   0x0001a7a6   0x0000000c   Code   RO         4336    i.app_util_critical_region_enter  app_util_platform.o
    0x0001a7b2   0x0001a7b2   0x00000002   PAD
    0x0001a7b4   0x0001a7b4   0x00000048   Code   RO         4337    i.app_util_critical_region_exit  app_util_platform.o
    0x0001a7fc   0x0001a7fc   0x00000052   Code   RO          998    i.appearance_encode  ble_advdata.o
    0x0001a84e   0x0001a84e   0x0000016c   Code   RO         1000    i.ble_advdata_encode  ble_advdata.o
    0x0001a9ba   0x0001a9ba   0x00000028   Code   RO         1002    i.ble_advdata_parse  ble_advdata.o
    0x0001a9e2   0x0001a9e2   0x0000004e   Code   RO         1003    i.ble_advdata_search  ble_advdata.o
    0x0001aa30   0x0001aa30   0x000000c4   Code   RO         1153    i.ble_advertising_advdata_update  ble_advertising.o
    0x0001aaf4   0x0001aaf4   0x00000006   Code   RO         1154    i.ble_advertising_conn_cfg_tag_set  ble_advertising.o
    0x0001aafa   0x0001aafa   0x00000100   Code   RO         1155    i.ble_advertising_init  ble_advertising.o
    0x0001abfa   0x0001abfa   0x00000012   Code   RO         1156    i.ble_advertising_modes_config_set  ble_advertising.o
    0x0001ac0c   0x0001ac0c   0x0000003c   Code   RO         1157    i.ble_advertising_on_ble_evt  ble_advertising.o
    0x0001ac48   0x0001ac48   0x0000017e   Code   RO         1160    i.ble_advertising_start  ble_advertising.o
    0x0001adc6   0x0001adc6   0x00000002   PAD
    0x0001adc8   0x0001adc8   0x00000218   Code   RO         1864    i.ble_dev_inf_init  ble_dev_inf.o
    0x0001afe0   0x0001afe0   0x000000e0   Code   RO         1865    i.ble_dev_inf_set_parameter  ble_dev_inf.o
    0x0001b0c0   0x0001b0c0   0x00000076   Code   RO         1006    i.ble_device_addr_encode  ble_advdata.o
    0x0001b136   0x0001b136   0x00000002   PAD
    0x0001b138   0x0001b138   0x00000318   Code   RO         1899    i.ble_diy_inf_init  ble_diy_inf.o
    0x0001b450   0x0001b450   0x00000024   Code   RO         1900    i.ble_diy_inf_on_ble_evt  ble_diy_inf.o
    0x0001b474   0x0001b474   0x000000f0   Code   RO         1901    i.ble_diy_inf_set_parameter  ble_diy_inf.o
    0x0001b564   0x0001b564   0x00000164   Code   RO           11    i.ble_evt_handler   main.o
    0x0001b6c8   0x0001b6c8   0x00000040   Code   RO         1326    i.ble_evt_handler   ble_conn_params.o
    0x0001b708   0x0001b708   0x000000b8   Code   RO         1448    i.ble_evt_handler   ble_conn_state.o
    0x0001b7c0   0x0001b7c0   0x00000178   Code   RO         1902    i.ble_gatts_evt_write_handler  ble_diy_inf.o
    0x0001b938   0x0001b938   0x00000012   Code   RO         1652    i.ble_srv_is_notification_enabled  ble_srv_common.o
    0x0001b94a   0x0001b94a   0x00000056   Code   RO           12    i.ble_stack_init    main.o
    0x0001b9a0   0x0001b9a0   0x0000002c   Code   RO          698    i.bsp_board_buttons_init  boards.o
    0x0001b9cc   0x0001b9cc   0x0000001a   Code   RO          699    i.bsp_board_init    boards.o
    0x0001b9e6   0x0001b9e6   0x00000002   PAD
    0x0001b9e8   0x0001b9e8   0x00000030   Code   RO          701    i.bsp_board_led_invert  boards.o
    0x0001ba18   0x0001ba18   0x00000014   Code   RO          702    i.bsp_board_led_off  boards.o
    0x0001ba2c   0x0001ba2c   0x00000014   Code   RO          703    i.bsp_board_led_on  boards.o
    0x0001ba40   0x0001ba40   0x00000030   Code   RO          704    i.bsp_board_led_state_get  boards.o
    0x0001ba70   0x0001ba70   0x00000030   Code   RO          705    i.bsp_board_leds_init  boards.o
    0x0001baa0   0x0001baa0   0x00000014   Code   RO          706    i.bsp_board_leds_off  boards.o
    0x0001bab4   0x0001bab4   0x00000014   Code   RO          707    i.bsp_board_leds_on  boards.o
    0x0001bac8   0x0001bac8   0x00000024   Code   RO          708    i.bsp_board_pin_to_button_idx  boards.o
    0x0001baec   0x0001baec   0x000000c4   Code   RO          812    i.bsp_button_event_handler  bsp.o
    0x0001bbb0   0x0001bbb0   0x00000034   Code   RO           13    i.bsp_event_handler  main.o
    0x0001bbe4   0x0001bbe4   0x00000044   Code   RO          816    i.bsp_event_to_button_action_assign  bsp.o
    0x0001bc28   0x0001bc28   0x00000020   Code   RO          817    i.bsp_indication_set  bsp.o
    0x0001bc48   0x0001bc48   0x0000008c   Code   RO          818    i.bsp_init          bsp.o
    0x0001bcd4   0x0001bcd4   0x000003a8   Code   RO          819    i.bsp_led_indication  bsp.o
    0x0001c07c   0x0001c07c   0x0000002c   Code   RO         3716    i.button_get        app_button.o
    0x0001c0a8   0x0001c0a8   0x0000000e   Code   RO          822    i.button_timer_handler  bsp.o
    0x0001c0b6   0x0001c0b6   0x00000002   PAD
    0x0001c0b8   0x0001c0b8   0x00000044   Code   RO           14    i.buttons_init      main.o
    0x0001c0fc   0x0001c0fc   0x00000020   Code   RO         2487    i.channel_free      nrfx_gpiote.o
    0x0001c11c   0x0001c11c   0x00000010   Code   RO         2488    i.channel_handler_get  nrfx_gpiote.o
    0x0001c12c   0x0001c12c   0x00000080   Code   RO         2489    i.channel_port_alloc  nrfx_gpiote.o
    0x0001c1ac   0x0001c1ac   0x0000000c   Code   RO         2490    i.channel_port_get  nrfx_gpiote.o
    0x0001c1b8   0x0001c1b8   0x000001c8   Code   RO         1654    i.characteristic_add  ble_srv_common.o
    0x0001c380   0x0001c380   0x00000030   Code   RO         1960    i.clock_clk_started_notify  nrf_drv_clock.o
    0x0001c3b0   0x0001c3b0   0x00000028   Code   RO         1961    i.clock_irq_handler  nrf_drv_clock.o
    0x0001c3d8   0x0001c3d8   0x00000026   Code   RO         4096    i.compare_func      app_timer2.o
    0x0001c3fe   0x0001c3fe   0x00000028   Code   RO         1162    i.config_is_valid   ble_advertising.o
    0x0001c426   0x0001c426   0x0000003c   Code   RO         1449    i.conn_handle_list_get  ble_conn_state.o
    0x0001c462   0x0001c462   0x0000005a   Code   RO         1007    i.conn_int_check    ble_advdata.o
    0x0001c4bc   0x0001c4bc   0x00000068   Code   RO         1008    i.conn_int_encode   ble_advdata.o
    0x0001c524   0x0001c524   0x00000054   Code   RO         1327    i.conn_params_negotiation  ble_conn_params.o
    0x0001c578   0x0001c578   0x00000032   Code   RO         6018    i.crc8              crc.o
    0x0001c5aa   0x0001c5aa   0x00000002   PAD
    0x0001c5ac   0x0001c5ac   0x00000060   Code   RO         3717    i.detection_delay_timeout_handler  app_button.o
    0x0001c60c   0x0001c60c   0x00000016   Code   RO         4414    i.drv_rtc_compare_disable  drv_rtc.o
    0x0001c622   0x0001c622   0x0000001a   Code   RO         4416    i.drv_rtc_compare_pending  drv_rtc.o
    0x0001c63c   0x0001c63c   0x0000005c   Code   RO         4417    i.drv_rtc_compare_set  drv_rtc.o
    0x0001c698   0x0001c698   0x0000000c   Code   RO         4418    i.drv_rtc_counter_get  drv_rtc.o
    0x0001c6a4   0x0001c6a4   0x000000b4   Code   RO         4419    i.drv_rtc_init      drv_rtc.o
    0x0001c758   0x0001c758   0x00000020   Code   RO         4420    i.drv_rtc_irq_trigger  drv_rtc.o
    0x0001c778   0x0001c778   0x00000012   Code   RO         4422    i.drv_rtc_overflow_enable  drv_rtc.o
    0x0001c78a   0x0001c78a   0x00000010   Code   RO         4423    i.drv_rtc_overflow_pending  drv_rtc.o
    0x0001c79a   0x0001c79a   0x0000000e   Code   RO         4424    i.drv_rtc_start     drv_rtc.o
    0x0001c7a8   0x0001c7a8   0x0000000e   Code   RO         4425    i.drv_rtc_stop      drv_rtc.o
    0x0001c7b6   0x0001c7b6   0x00000104   Code   RO         4430    i.drv_rtc_windowed_compare_set  drv_rtc.o
    0x0001c8ba   0x0001c8ba   0x00000002   PAD
    0x0001c8bc   0x0001c8bc   0x0000001c   Code   RO         6057    i.errata_103        system_nrf52810.o
    0x0001c8d8   0x0001c8d8   0x00000054   Code   RO         6058    i.errata_108        system_nrf52810.o
    0x0001c92c   0x0001c92c   0x00000054   Code   RO         6059    i.errata_12         system_nrf52810.o
    0x0001c980   0x0001c980   0x0000007c   Code   RO         6060    i.errata_136        system_nrf52810.o
    0x0001c9fc   0x0001c9fc   0x00000030   Code   RO         6061    i.errata_16         system_nrf52810.o
    0x0001ca2c   0x0001ca2c   0x00000020   Code   RO         6062    i.errata_182        system_nrf52810.o
    0x0001ca4c   0x0001ca4c   0x00000028   Code   RO         6063    i.errata_217        system_nrf52810.o
    0x0001ca74   0x0001ca74   0x0000007c   Code   RO         6064    i.errata_31         system_nrf52810.o
    0x0001caf0   0x0001caf0   0x00000030   Code   RO         6065    i.errata_32         system_nrf52810.o
    0x0001cb20   0x0001cb20   0x0000007c   Code   RO         6066    i.errata_36         system_nrf52810.o
    0x0001cb9c   0x0001cb9c   0x00000030   Code   RO         6067    i.errata_37         system_nrf52810.o
    0x0001cbcc   0x0001cbcc   0x00000030   Code   RO         6068    i.errata_57         system_nrf52810.o
    0x0001cbfc   0x0001cbfc   0x00000058   Code   RO         6069    i.errata_66         system_nrf52810.o
    0x0001cc54   0x0001cc54   0x00000018   Code   RO         4431    i.evt_disable       drv_rtc.o
    0x0001cc6c   0x0001cc6c   0x0000001c   Code   RO         4432    i.evt_enable        drv_rtc.o
    0x0001cc88   0x0001cc88   0x000000f0   Code   RO         3718    i.evt_handle        app_button.o
    0x0001cd78   0x0001cd78   0x0000001c   Code   RO         4433    i.evt_pending       drv_rtc.o
    0x0001cd94   0x0001cd94   0x0000001e   Code   RO         1450    i.flag_toggle       ble_conn_state.o
    0x0001cdb2   0x0001cdb2   0x00000036   Code   RO         1009    i.flags_encode      ble_advdata.o
    0x0001cde8   0x0001cde8   0x0000002a   Code   RO         1163    i.flags_set         ble_advertising.o
    0x0001ce12   0x0001ce12   0x0000000e   Code   RO         3317    i.flash_page_size_get  nrfx_nvmc.o
    0x0001ce20   0x0001ce20   0x00000080   Code   RO           17    i.gap_params_init   main.o
    0x0001cea0   0x0001cea0   0x0000000c   Code   RO           20    i.get_current_handle  main.o
    0x0001ceac   0x0001ceac   0x0000003c   Code   RO         4097    i.get_now           app_timer2.o
    0x0001cee8   0x0001cee8   0x0000000c   Code   RO         1903    i.get_wattr_flg     ble_diy_inf.o
    0x0001cef4   0x0001cef4   0x00000048   Code   RO         3719    i.gpiote_event_handler  app_button.o
    0x0001cf3c   0x0001cf3c   0x00000008   Code   RO           21    i.idle_state_handle  main.o
    0x0001cf44   0x0001cf44   0x0000002c   Code   RO         1328    i.instance_get      ble_conn_params.o
    0x0001cf70   0x0001cf70   0x00000072   Code   RO         1329    i.is_conn_params_ok  ble_conn_params.o
    0x0001cfe2   0x0001cfe2   0x0000001a   Code   RO         3319    i.is_page_aligned_check  nrfx_nvmc.o
    0x0001cffc   0x0001cffc   0x0000000c   Code   RO         1964    i.item_dequeue      nrf_drv_clock.o
    0x0001d008   0x0001d008   0x00000028   Code   RO          823    i.leds_off          bsp.o
    0x0001d030   0x0001d030   0x00000020   Code   RO          824    i.leds_timer_handler  bsp.o
    0x0001d050   0x0001d050   0x00000014   Code   RO         1966    i.lfclk_stop        nrf_drv_clock.o
    0x0001d064   0x0001d064   0x00000010   Code   RO         1721    i.link_init         nrf_ble_gatt.o
    0x0001d074   0x0001d074   0x0000011c   Code   RO           22    i.main              main.o
    0x0001d190   0x0001d190   0x00000076   Code   RO         1010    i.manuf_specific_data_encode  ble_advdata.o
    0x0001d206   0x0001d206   0x000000c8   Code   RO         1011    i.name_encode       ble_advdata.o
    0x0001d2ce   0x0001d2ce   0x00000028   Code   RO         4666    i.nrf_atfifo_init   nrf_atfifo.o
    0x0001d2f6   0x0001d2f6   0x0000001c   Code   RO         4667    i.nrf_atfifo_item_alloc  nrf_atfifo.o
    0x0001d312   0x0001d312   0x0000001c   Code   RO         4668    i.nrf_atfifo_item_free  nrf_atfifo.o
    0x0001d32e   0x0001d32e   0x0000001c   Code   RO         4669    i.nrf_atfifo_item_get  nrf_atfifo.o
    0x0001d34a   0x0001d34a   0x0000001c   Code   RO         4670    i.nrf_atfifo_item_put  nrf_atfifo.o
    0x0001d366   0x0001d366   0x0000001e   Code   RO         4735    i.nrf_atflags_clear  nrf_atflags.o
    0x0001d384   0x0001d384   0x0000001e   Code   RO         4740    i.nrf_atflags_get   nrf_atflags.o
    0x0001d3a2   0x0001d3a2   0x0000001e   Code   RO         4742    i.nrf_atflags_set   nrf_atflags.o
    0x0001d3c0   0x0001d3c0   0x00000016   Code   RO         4807    i.nrf_atomic_u32_and  nrf_atomic.o
    0x0001d3d6   0x0001d3d6   0x00000016   Code   RO         4816    i.nrf_atomic_u32_or  nrf_atomic.o
    0x0001d3ec   0x0001d3ec   0x00000016   Code   RO         2491    i.nrf_bitmask_bit_is_set  nrfx_gpiote.o
    0x0001d402   0x0001d402   0x00000016   Code   RO         2492    i.nrf_bitmask_bit_set  nrfx_gpiote.o
    0x0001d418   0x0001d418   0x0000009e   Code   RO         1726    i.nrf_ble_gatt_on_ble_evt  nrf_ble_gatt.o
    0x0001d4b6   0x0001d4b6   0x00000020   Code   RO         1805    i.nrf_ble_qwr_conn_handle_assign  nrf_ble_qwr.o
    0x0001d4d6   0x0001d4d6   0x00000032   Code   RO         1806    i.nrf_ble_qwr_init  nrf_ble_qwr.o
    0x0001d508   0x0001d508   0x0000007c   Code   RO         1807    i.nrf_ble_qwr_on_ble_evt  nrf_ble_qwr.o
    0x0001d584   0x0001d584   0x00000012   Code   RO         2327    i.nrf_clock_event_check  nrfx_clock.o
    0x0001d596   0x0001d596   0x00000012   Code   RO         2328    i.nrf_clock_event_clear  nrfx_clock.o
    0x0001d5a8   0x0001d5a8   0x0000000c   Code   RO         2329    i.nrf_clock_int_disable  nrfx_clock.o
    0x0001d5b4   0x0001d5b4   0x00000008   Code   RO         2331    i.nrf_clock_task_trigger  nrfx_clock.o
    0x0001d5bc   0x0001d5bc   0x00000030   Code   RO           23    i.nrf_delay_ms      main.o
    0x0001d5ec   0x0001d5ec   0x00000040   Code   RO         1972    i.nrf_drv_clock_init  nrf_drv_clock.o
    0x0001d62c   0x0001d62c   0x00000030   Code   RO         1976    i.nrf_drv_clock_lfclk_release  nrf_drv_clock.o
    0x0001d65c   0x0001d65c   0x00000028   Code   RO          710    i.nrf_gpio_cfg      boards.o
    0x0001d684   0x0001d684   0x00000028   Code   RO         2493    i.nrf_gpio_cfg      nrfx_gpiote.o
    0x0001d6ac   0x0001d6ac   0x00000032   Code   RO         2495    i.nrf_gpio_cfg_sense_set  nrfx_gpiote.o
    0x0001d6de   0x0001d6de   0x00000018   Code   RO         2497    i.nrf_gpio_pin_read  nrfx_gpiote.o
    0x0001d6f6   0x0001d6f6   0x0000003a   Code   RO          711    i.nrf_gpio_pin_write  boards.o
    0x0001d730   0x0001d730   0x00000028   Code   RO         2499    i.nrf_gpio_ports_read  nrfx_gpiote.o
    0x0001d758   0x0001d758   0x0000000c   Code   RO         2500    i.nrf_gpiote_event_addr_get  nrfx_gpiote.o
    0x0001d764   0x0001d764   0x0000001c   Code   RO         2501    i.nrf_gpiote_event_clear  nrfx_gpiote.o
    0x0001d780   0x0001d780   0x00000016   Code   RO         2502    i.nrf_gpiote_event_is_set  nrfx_gpiote.o
    0x0001d796   0x0001d796   0x00000002   PAD
    0x0001d798   0x0001d798   0x0000000c   Code   RO         2503    i.nrf_gpiote_int_enable  nrfx_gpiote.o
    0x0001d7a4   0x0001d7a4   0x00000006   Code   RO         3320    i.nrf_nvmc_mode_set  nrfx_nvmc.o
    0x0001d7aa   0x0001d7aa   0x0000000c   Code   RO         3321    i.nrf_nvmc_ready_check  nrfx_nvmc.o
    0x0001d7b6   0x0001d7b6   0x00000002   PAD
    0x0001d7b8   0x0001d7b8   0x00000040   Code   RO         5157    i.nrf_pwr_mgmt_init  nrf_pwr_mgmt.o
    0x0001d7f8   0x0001d7f8   0x00000016   Code   RO         5158    i.nrf_pwr_mgmt_run  nrf_pwr_mgmt.o
    0x0001d80e   0x0001d80e   0x00000010   Code   RO           24    i.nrf_qwr_error_handler  main.o
    0x0001d81e   0x0001d81e   0x0000000a   Code   RO         4434    i.nrf_rtc_cc_set    drv_rtc.o
    0x0001d828   0x0001d828   0x00000008   Code   RO         4435    i.nrf_rtc_counter_get  drv_rtc.o
    0x0001d830   0x0001d830   0x0000000e   Code   RO         4436    i.nrf_rtc_event_clear  drv_rtc.o
    0x0001d83e   0x0001d83e   0x00000006   Code   RO         4437    i.nrf_rtc_event_disable  drv_rtc.o
    0x0001d844   0x0001d844   0x00000006   Code   RO         4438    i.nrf_rtc_event_enable  drv_rtc.o
    0x0001d84a   0x0001d84a   0x00000006   Code   RO         4439    i.nrf_rtc_int_disable  drv_rtc.o
    0x0001d850   0x0001d850   0x00000006   Code   RO         4440    i.nrf_rtc_int_enable  drv_rtc.o
    0x0001d856   0x0001d856   0x00000006   Code   RO         4441    i.nrf_rtc_task_trigger  drv_rtc.o
    0x0001d85c   0x0001d85c   0x00000010   Code   RO         3556    i.nrf_saadc_buffer_init  nrfx_saadc.o
    0x0001d86c   0x0001d86c   0x00000018   Code   RO         3557    i.nrf_saadc_channel_input_set  nrfx_saadc.o
    0x0001d884   0x0001d884   0x00000014   Code   RO         3558    i.nrf_saadc_event_check  nrfx_saadc.o
    0x0001d898   0x0001d898   0x00000018   Code   RO         3559    i.nrf_saadc_event_clear  nrfx_saadc.o
    0x0001d8b0   0x0001d8b0   0x0000000c   Code   RO         3560    i.nrf_saadc_int_disable  nrfx_saadc.o
    0x0001d8bc   0x0001d8bc   0x0000000c   Code   RO         3561    i.nrf_saadc_int_enable  nrfx_saadc.o
    0x0001d8c8   0x0001d8c8   0x0000000c   Code   RO         3563    i.nrf_saadc_task_trigger  nrfx_saadc.o
    0x0001d8d4   0x0001d8d4   0x00000018   Code   RO         5931    i.nrf_sdh_ble_app_ram_start_get  nrf_sdh_ble.o
    0x0001d8ec   0x0001d8ec   0x000000b2   Code   RO         5932    i.nrf_sdh_ble_default_cfg_set  nrf_sdh_ble.o
    0x0001d99e   0x0001d99e   0x00000002   PAD
    0x0001d9a0   0x0001d9a0   0x00000024   Code   RO         5933    i.nrf_sdh_ble_enable  nrf_sdh_ble.o
    0x0001d9c4   0x0001d9c4   0x00000074   Code   RO         5934    i.nrf_sdh_ble_evts_poll  nrf_sdh_ble.o
    0x0001da38   0x0001da38   0x00000084   Code   RO         5811    i.nrf_sdh_enable_request  nrf_sdh.o
    0x0001dabc   0x0001dabc   0x00000030   Code   RO         5812    i.nrf_sdh_evts_poll  nrf_sdh.o
    0x0001daec   0x0001daec   0x0000000c   Code   RO         5813    i.nrf_sdh_is_enabled  nrf_sdh.o
    0x0001daf8   0x0001daf8   0x00000054   Code   RO         5987    i.nrf_sdh_soc_evts_poll  nrf_sdh_soc.o
    0x0001db4c   0x0001db4c   0x00000006   Code   RO         5818    i.nrf_section_iter_get  nrf_sdh.o
    0x0001db52   0x0001db52   0x00000014   Code   RO         5295    i.nrf_section_iter_init  nrf_section_iter.o
    0x0001db66   0x0001db66   0x0000002e   Code   RO         5296    i.nrf_section_iter_item_set  nrf_section_iter.o
    0x0001db94   0x0001db94   0x0000002e   Code   RO         5297    i.nrf_section_iter_next  nrf_section_iter.o
    0x0001dbc2   0x0001dbc2   0x00000028   Code   RO         5330    i.nrf_sortlist_add  nrf_sortlist.o
    0x0001dbea   0x0001dbea   0x00000008   Code   RO         5332    i.nrf_sortlist_peek  nrf_sortlist.o
    0x0001dbf2   0x0001dbf2   0x00000018   Code   RO         5333    i.nrf_sortlist_pop  nrf_sortlist.o
    0x0001dc0a   0x0001dc0a   0x00000026   Code   RO         5334    i.nrf_sortlist_remove  nrf_sortlist.o
    0x0001dc30   0x0001dc30   0x00000014   Code   RO         3489    i.nrf_wdt_reload_request_set  nrfx_wdt.o
    0x0001dc44   0x0001dc44   0x00000014   Code   RO         2336    i.nrfx_clock_enable  nrfx_clock.o
    0x0001dc58   0x0001dc58   0x00000024   Code   RO         2339    i.nrfx_clock_init   nrfx_clock.o
    0x0001dc7c   0x0001dc7c   0x00000020   Code   RO         2342    i.nrfx_clock_lfclk_stop  nrfx_clock.o
    0x0001dc9c   0x0001dc9c   0x00000018   Code   RO         3564    i.nrfx_coredep_delay_us  nrfx_saadc.o
    0x0001dcb4   0x0001dcb4   0x00000018   Code   RO         4442    i.nrfx_coredep_delay_us  drv_rtc.o
    0x0001dccc   0x0001dccc   0x00000008   Code   RO         2344    i.nrfx_get_irq_number  nrfx_clock.o
    0x0001dcd4   0x0001dcd4   0x000000ac   Code   RO         2510    i.nrfx_gpiote_in_event_enable  nrfx_gpiote.o
    0x0001dd80   0x0001dd80   0x000000f4   Code   RO         2511    i.nrfx_gpiote_in_init  nrfx_gpiote.o
    0x0001de74   0x0001de74   0x00000014   Code   RO         2512    i.nrfx_gpiote_in_is_set  nrfx_gpiote.o
    0x0001de88   0x0001de88   0x000000ac   Code   RO         2514    i.nrfx_gpiote_init  nrfx_gpiote.o
    0x0001df34   0x0001df34   0x00000014   Code   RO         2515    i.nrfx_gpiote_is_init  nrfx_gpiote.o
    0x0001df48   0x0001df48   0x0000007c   Code   RO         3325    i.nrfx_nvmc_bytes_write  nrfx_nvmc.o
    0x0001dfc4   0x0001dfc4   0x00000038   Code   RO         3329    i.nrfx_nvmc_page_erase  nrfx_nvmc.o
    0x0001dffc   0x0001dffc   0x000000a4   Code   RO         2345    i.nrfx_power_clock_irq_init  nrfx_clock.o
    0x0001e0a0   0x0001e0a0   0x000000d8   Code   RO         3568    i.nrfx_saadc_channel_init  nrfx_saadc.o
    0x0001e178   0x0001e178   0x000000e8   Code   RO         3570    i.nrfx_saadc_init   nrfx_saadc.o
    0x0001e260   0x0001e260   0x000000fc   Code   RO         3574    i.nrfx_saadc_sample_convert  nrfx_saadc.o
    0x0001e35c   0x0001e35c   0x00000054   Code   RO         3490    i.nrfx_wdt_channel_alloc  nrfx_wdt.o
    0x0001e3b0   0x0001e3b0   0x0000001c   Code   RO         3492    i.nrfx_wdt_enable   nrfx_wdt.o
    0x0001e3cc   0x0001e3cc   0x00000020   Code   RO         3493    i.nrfx_wdt_feed     nrfx_wdt.o
    0x0001e3ec   0x0001e3ec   0x0000005c   Code   RO         3494    i.nrfx_wdt_init     nrfx_wdt.o
    0x0001e448   0x0001e448   0x00000010   Code   RO         3336    i.nvmc_erase_mode_set  nrfx_nvmc.o
    0x0001e458   0x0001e458   0x00000010   Code   RO         3337    i.nvmc_readonly_mode_set  nrfx_nvmc.o
    0x0001e468   0x0001e468   0x0000002c   Code   RO         3338    i.nvmc_word_write   nrfx_nvmc.o
    0x0001e494   0x0001e494   0x00000026   Code   RO         3339    i.nvmc_words_write  nrfx_nvmc.o
    0x0001e4ba   0x0001e4ba   0x00000002   PAD
    0x0001e4bc   0x0001e4bc   0x00000010   Code   RO         3340    i.nvmc_write_mode_set  nrfx_nvmc.o
    0x0001e4cc   0x0001e4cc   0x00000024   Code   RO          540    i.nvram_block_check  nvram.o
    0x0001e4f0   0x0001e4f0   0x0000002c   Code   RO          541    i.nvram_block_read  nvram.o
    0x0001e51c   0x0001e51c   0x00000088   Code   RO          542    i.nvram_block_set_default  nvram.o
    0x0001e5a4   0x0001e5a4   0x00000066   Code   RO          543    i.nvram_block_write  nvram.o
    0x0001e60a   0x0001e60a   0x00000058   Code   RO          544    i.nvram_init        nvram.o
    0x0001e662   0x0001e662   0x00000010   Code   RO           25    i.on_adv_evt        main.o
    0x0001e672   0x0001e672   0x00000002   PAD
    0x0001e674   0x0001e674   0x00000014   Code   RO         4098    i.on_compare1_evt   app_timer2.o
    0x0001e688   0x0001e688   0x00000020   Code   RO         4099    i.on_compare_evt    app_timer2.o
    0x0001e6a8   0x0001e6a8   0x00000030   Code   RO         1330    i.on_conn_params_update  ble_conn_params.o
    0x0001e6d8   0x0001e6d8   0x00000070   Code   RO         1331    i.on_connect        ble_conn_params.o
    0x0001e748   0x0001e748   0x0000000e   Code   RO         1164    i.on_connected      ble_advertising.o
    0x0001e756   0x0001e756   0x0000004a   Code   RO         1727    i.on_connected_evt  nrf_ble_gatt.o
    0x0001e7a0   0x0001e7a0   0x00000032   Code   RO         1332    i.on_disconnect     ble_conn_params.o
    0x0001e7d2   0x0001e7d2   0x00000032   Code   RO         1165    i.on_disconnected   ble_advertising.o
    0x0001e804   0x0001e804   0x00000018   Code   RO         1728    i.on_disconnected_evt  nrf_ble_gatt.o
    0x0001e81c   0x0001e81c   0x00000070   Code   RO         1729    i.on_exchange_mtu_request_evt  nrf_ble_gatt.o
    0x0001e88c   0x0001e88c   0x00000068   Code   RO         1730    i.on_exchange_mtu_rsp_evt  nrf_ble_gatt.o
    0x0001e8f4   0x0001e8f4   0x0000001c   Code   RO         4100    i.on_overflow_evt   app_timer2.o
    0x0001e910   0x0001e910   0x0000006a   Code   RO         1808    i.on_rw_authorize_request  nrf_ble_qwr.o
    0x0001e97a   0x0001e97a   0x00000040   Code   RO         1166    i.on_terminated     ble_advertising.o
    0x0001e9ba   0x0001e9ba   0x00000002   Code   RO         1809    i.on_user_mem_release  nrf_ble_qwr.o
    0x0001e9bc   0x0001e9bc   0x00000020   Code   RO         1810    i.on_user_mem_request  nrf_ble_qwr.o
    0x0001e9dc   0x0001e9dc   0x00000058   Code   RO         1333    i.on_write          ble_conn_params.o
    0x0001ea34   0x0001ea34   0x00000024   Code   RO         3341    i.partial_word_create  nrfx_nvmc.o
    0x0001ea58   0x0001ea58   0x00000016   Code   RO         1167    i.phy_is_valid      ble_advertising.o
    0x0001ea6e   0x0001ea6e   0x00000002   PAD
    0x0001ea70   0x0001ea70   0x00000014   Code   RO         2531    i.pin_configured_set  nrfx_gpiote.o
    0x0001ea84   0x0001ea84   0x0000001c   Code   RO         2532    i.pin_in_use_by_gpiote  nrfx_gpiote.o
    0x0001eaa0   0x0001eaa0   0x00000018   Code   RO         2533    i.pin_in_use_by_port  nrfx_gpiote.o
    0x0001eab8   0x0001eab8   0x00000020   Code   RO         2534    i.pin_in_use_by_te  nrfx_gpiote.o
    0x0001ead8   0x0001ead8   0x0000000c   Code   RO         2535    i.pin_in_use_clear  nrfx_gpiote.o
    0x0001eae4   0x0001eae4   0x0000001c   Code   RO           27    i.power_management_init  main.o
    0x0001eb00   0x0001eb00   0x00000028   Code   RO         1452    i.record_activate   ble_conn_state.o
    0x0001eb28   0x0001eb28   0x00000020   Code   RO         1453    i.record_invalidate  ble_conn_state.o
    0x0001eb48   0x0001eb48   0x00000048   Code   RO         1454    i.record_purge_disconnected  ble_conn_state.o
    0x0001eb90   0x0001eb90   0x00000014   Code   RO         1455    i.record_set_disconnected  ble_conn_state.o
    0x0001eba4   0x0001eba4   0x0000003e   Code   RO         4101    i.rtc_irq           app_timer2.o
    0x0001ebe2   0x0001ebe2   0x00000002   PAD
    0x0001ebe4   0x0001ebe4   0x0000007c   Code   RO         4102    i.rtc_schedule      app_timer2.o
    0x0001ec60   0x0001ec60   0x000000a4   Code   RO         4103    i.rtc_update        app_timer2.o
    0x0001ed04   0x0001ed04   0x00000098   Code   RO         5819    i.sd_nvic_EnableIRQ  nrf_sdh.o
    0x0001ed9c   0x0001ed9c   0x00000068   Code   RO         4342    i.sd_nvic_critical_region_enter  app_util_platform.o
    0x0001ee04   0x0001ee04   0x00000068   Code   RO         1979    i.sd_state_evt_handler  nrf_drv_clock.o
    0x0001ee6c   0x0001ee6c   0x0000003c   Code   RO         5820    i.sdh_request_observer_notify  nrf_sdh.o
    0x0001eea8   0x0001eea8   0x00000034   Code   RO         5821    i.sdh_state_observer_notify  nrf_sdh.o
    0x0001eedc   0x0001eedc   0x00000018   Code   RO         1334    i.send_error_evt    ble_conn_params.o
    0x0001eef4   0x0001eef4   0x00000096   Code   RO         1012    i.service_data_encode  ble_advdata.o
    0x0001ef8a   0x0001ef8a   0x00000002   PAD
    0x0001ef8c   0x0001ef8c   0x000000c4   Code   RO           28    i.services_init     main.o
    0x0001f050   0x0001f050   0x00000024   Code   RO         1168    i.set_adv_mode_directed  ble_advertising.o
    0x0001f074   0x0001f074   0x00000024   Code   RO         1169    i.set_adv_mode_directed_high_duty  ble_advertising.o
    0x0001f098   0x0001f098   0x0000004e   Code   RO         1170    i.set_adv_mode_fast  ble_advertising.o
    0x0001f0e6   0x0001f0e6   0x0000004e   Code   RO         1171    i.set_adv_mode_slow  ble_advertising.o
    0x0001f134   0x0001f134   0x000000be   Code   RO         1656    i.set_security_req  ble_srv_common.o
    0x0001f1f2   0x0001f1f2   0x00000002   PAD
    0x0001f1f4   0x0001f1f4   0x0000000c   Code   RO         1904    i.set_wattr_flg     ble_diy_inf.o
    0x0001f200   0x0001f200   0x0000001c   Code   RO         1980    i.soc_evt_handler   nrf_drv_clock.o
    0x0001f21c   0x0001f21c   0x0000001e   Code   RO         5823    i.softdevices_evt_irq_enable  nrf_sdh.o
    0x0001f23a   0x0001f23a   0x00000014   Code   RO         4104    i.sorted_list_stop_all  app_timer2.o
    0x0001f24e   0x0001f24e   0x00000002   PAD
    0x0001f250   0x0001f250   0x00000018   Code   RO         4105    i.sortlist_pop      app_timer2.o
    0x0001f268   0x0001f268   0x00000020   Code   RO         3720    i.state_get         app_button.o
    0x0001f288   0x0001f288   0x00000048   Code   RO         3721    i.state_set         app_button.o
    0x0001f2d0   0x0001f2d0   0x0000000a   Code   RO         4443    i.ticks_sub         drv_rtc.o
    0x0001f2da   0x0001f2da   0x00000002   PAD
    0x0001f2dc   0x0001f2dc   0x0000006c   Code   RO         4106    i.timer_expire      app_timer2.o
    0x0001f348   0x0001f348   0x00000094   Code   RO         4107    i.timer_req_process  app_timer2.o
    0x0001f3dc   0x0001f3dc   0x00000040   Code   RO         4108    i.timer_req_schedule  app_timer2.o
    0x0001f41c   0x0001f41c   0x00000020   Code   RO         3722    i.timer_start       app_button.o
    0x0001f43c   0x0001f43c   0x0000001c   Code   RO           30    i.timers_init       main.o
    0x0001f458   0x0001f458   0x00000036   Code   RO         1013    i.tx_power_level_encode  ble_advdata.o
    0x0001f48e   0x0001f48e   0x0000000c   Code   RO         1657    i.uint16_decode     ble_srv_common.o
    0x0001f49a   0x0001f49a   0x0000000c   Code   RO         1014    i.uint16_encode     ble_advdata.o
    0x0001f4a6   0x0001f4a6   0x0000001e   Code   RO         1172    i.use_whitelist     ble_advertising.o
    0x0001f4c4   0x0001f4c4   0x0000002c   Code   RO         1811    i.user_mem_reply    nrf_ble_qwr.o
    0x0001f4f0   0x0001f4f0   0x0000001e   Code   RO         3723    i.usr_event         app_button.o
    0x0001f50e   0x0001f50e   0x0000004e   Code   RO         1015    i.uuid_list_encode  ble_advdata.o
    0x0001f55c   0x0001f55c   0x000000d6   Code   RO         1016    i.uuid_list_sized_encode  ble_advdata.o
    0x0001f632   0x0001f632   0x00000002   PAD
    0x0001f634   0x0001f634   0x00000044   Code   RO          643    i.vbat_init         vbat.o
    0x0001f678   0x0001f678   0x00000090   Code   RO          644    i.vbat_read_value   vbat.o
    0x0001f708   0x0001f708   0x00000008   Code   RO         1173    i.whitelist_has_entries  ble_advertising.o
    0x0001f710   0x0001f710   0x000000b0   Data   RO           38    .constdata          main.o
    0x0001f7c0   0x0001f7c0   0x00000014   Data   RO          545    .constdata          nvram.o
    0x0001f7d4   0x0001f7d4   0x00000003   Data   RO          712    .constdata          boards.o
    0x0001f7d7   0x0001f7d7   0x00000001   PAD
    0x0001f7d8   0x0001f7d8   0x00000014   Data   RO          827    .constdata          bsp.o
    0x0001f7ec   0x0001f7ec   0x0000000e   Data   RO         1731    .constdata          nrf_ble_gatt.o
    0x0001f7fa   0x0001f7fa   0x00000002   PAD
    0x0001f7fc   0x0001f7fc   0x0000003e   Data   RO         2537    .constdata          nrfx_gpiote.o
    0x0001f83a   0x0001f83a   0x00000006   PAD
    0x0001f840   0x0001f840   0x000000aa   Data   RO         3578    .constdata          nrfx_saadc.o
    0x0001f8ea   0x0001f8ea   0x00000002   PAD
    0x0001f8ec   0x0001f8ec   0x00000007   Data   RO         3725    .constdata          app_button.o
    0x0001f8f3   0x0001f8f3   0x00000001   PAD
    0x0001f8f4   0x0001f8f4   0x00000014   Data   RO         4110    .constdata          app_timer2.o
    0x0001f908   0x0001f908   0x00000008   PAD
    0x0001f910   0x0001f910   0x00000006   Data   RO         4444    .constdata          drv_rtc.o
    0x0001f916   0x0001f916   0x00000002   PAD
    0x0001f918   0x0001f918   0x00000024   Data   RO         5162    .constdata          nrf_pwr_mgmt.o
    0x0001f93c   0x0001f93c   0x00000058   Data   RO         5824    .constdata          nrf_sdh.o
    0x0001f994   0x0001f994   0x00000030   Data   RO         5936    .constdata          nrf_sdh_ble.o
    0x0001f9c4   0x0001f9c4   0x0000001c   Data   RO         5988    .constdata          nrf_sdh_soc.o
    0x0001f9e0   0x0001f9e0   0x00000020   Data   RO         6216    Region$$Table       anon$$obj.o
    0x0001fa00   0x0001fa00   0x00000008   Data   RO         1458    sdh_ble_observers0  ble_conn_state.o
    0x0001fa08   0x0001fa08   0x00000010   Data   RO           40    sdh_ble_observers1  main.o
    0x0001fa18   0x0001fa18   0x00000008   Data   RO         1339    sdh_ble_observers1  ble_conn_params.o
    0x0001fa20   0x0001fa20   0x00000008   Data   RO         1907    sdh_ble_observers1  ble_diy_inf.o
    0x0001fa28   0x0001fa28   0x00000008   Data   RO           41    sdh_ble_observers2  main.o
    0x0001fa30   0x0001fa30   0x00000008   Data   RO           42    sdh_ble_observers3  main.o
    0x0001fa38   0x0001fa38   0x00000008   Data   RO         1983    sdh_soc_observers0  nrf_drv_clock.o
    0x0001fa40   0x0001fa40   0x00000008   Data   RO         5938    sdh_stack_observers0  nrf_sdh_ble.o
    0x0001fa48   0x0001fa48   0x00000008   Data   RO         5989    sdh_stack_observers0  nrf_sdh_soc.o
    0x0001fa50   0x0001fa50   0x00000008   Data   RO         1984    sdh_state_observers0  nrf_drv_clock.o


    Execution Region RW_IRAM1 (Exec base: 0x200022c8, Load base: 0x0001fa58, Size: 0x00001058, Max: 0x00003d38, ABSOLUTE, COMPRESSED[0x00000080])

    Exec Addr    Load Addr    Size         Type   Attr      Idx    E Section Name        Object

    0x200022c8   COMPRESSED   0x00000036   Data   RW           39    .data               main.o
    0x200022fe   COMPRESSED   0x0000000d   Data   RW          645    .data               vbat.o
    0x2000230b   COMPRESSED   0x00000001   PAD
    0x2000230c   COMPRESSED   0x00000015   Data   RW          828    .data               bsp.o
    0x20002321   COMPRESSED   0x00000001   PAD
    0x20002322   COMPRESSED   0x00000008   Data   RW         1338    .data               ble_conn_params.o
    0x2000232a   COMPRESSED   0x00000045   Data   RW         1866    .data               ble_dev_inf.o
    0x2000236f   COMPRESSED   0x00000001   PAD
    0x20002370   COMPRESSED   0x00000034   Data   RW         1906    .data               ble_diy_inf.o
    0x200023a4   COMPRESSED   0x00000008   Data   RW         2347    .data               nrfx_clock.o
    0x200023ac   COMPRESSED   0x00000008   Data   RW         2809    .data               nrfx_prs.o
    0x200023b4   COMPRESSED   0x00000002   Data   RW         3496    .data               nrfx_wdt.o
    0x200023b6   COMPRESSED   0x00000002   PAD
    0x200023b8   COMPRESSED   0x00000018   Data   RW         3726    .data               app_button.o
    0x200023d0   COMPRESSED   0x00000024   Data   RW         4111    .data               app_timer2.o
    0x200023f4   COMPRESSED   0x0000000c   Data   RW         4445    .data               drv_rtc.o
    0x20002400   COMPRESSED   0x00000009   Data   RW         5163    .data               nrf_pwr_mgmt.o
    0x20002409   COMPRESSED   0x00000003   Data   RW         5825    .data               nrf_sdh.o
    0x2000240c   COMPRESSED   0x00000001   Data   RW         5937    .data               nrf_sdh_ble.o
    0x2000240d   COMPRESSED   0x00000003   PAD
    0x20002410   COMPRESSED   0x00000004   Data   RW         6070    .data               system_nrf52810.o
    0x20002414   COMPRESSED   0x00000004   Data   RW         6161    .data               mc_w.l(rand.o)
    0x20002418        -       0x00000477   Zero   RW           37    .bss                main.o
    0x2000288f   COMPRESSED   0x00000001   PAD
    0x20002890        -       0x00000060   Zero   RW          826    .bss                bsp.o
    0x200028f0        -       0x00000050   Zero   RW         1337    .bss                ble_conn_params.o
    0x20002940        -       0x0000007c   Zero   RW         1457    .bss                ble_conn_state.o
    0x200029bc        -       0x00000010   Zero   RW         1905    .bss                ble_diy_inf.o
    0x200029cc        -       0x00000014   Zero   RW         1981    .bss                nrf_drv_clock.o
    0x200029e0        -       0x0000005c   Zero   RW         2536    .bss                nrfx_gpiote.o
    0x20002a3c        -       0x00000030   Zero   RW         3577    .bss                nrfx_saadc.o
    0x20002a6c   COMPRESSED   0x00000004   PAD
    0x20002a70        -       0x00000030   Zero   RW         3724    .bss                app_button.o
    0x20002aa0        -       0x00000068   Zero   RW         4109    .bss                app_timer2.o
    0x20002b08        -       0x0000000c   Zero   RW         4343    .bss                app_util_platform.o
    0x20002b14        -       0x0000000c   Zero   RW         5161    .bss                nrf_pwr_mgmt.o
    0x20002b20        -       0x00000800   Zero   RW         6045    STACK               arm_startup_nrf52810.o


==============================================================================

Image component sizes


      Code (inc. data)   RO Data    RW Data    ZI Data      Debug   Object Name

       838        102          7         24         48      44579   app_button.o
        28          0          0          0          0       2361   app_error.o
        92         10          0          0          0      28077   app_error_weak.o
      1122        124         20         36        104      17291   app_timer2.o
       200         24          0          0         12      10038   app_util_platform.o
        84         22        512          0       2048        872   arm_startup_nrf52810.o
      1756          0          0          0          0      97488   ble_advdata.o
      1564          6          0          0          0      25771   ble_advertising.o
       628         30          8          8         80      11764   ble_conn_params.o
       438         26          8          0        124       7227   ble_conn_state.o
       760         56          0         69          0       4307   ble_dev_inf.o
      1468        132          8         52         16       8406   ble_diy_inf.o
         0          0          0          0          0       1136   ble_link_ctx_manager.o
       676          6          0          0          0      40841   ble_srv_common.o
       428         32          3          0          0      12336   boards.o
      1470        120         20         21         96      18256   bsp.o
        50          0          0          0          0       1107   crc.o
       886         34          6         12          0      46249   drv_rtc.o
      2014        202        208         54       1143     158963   main.o
       352          0          0          0          0       5505   nrf_atfifo.o
        90          0          0          0          0       2860   nrf_atflags.o
       270          0          0          0          0       3153   nrf_atomic.o
       488         10         14          0          0       6874   nrf_ble_gatt.o
       390          0          0          0          0       7157   nrf_ble_qwr.o
       364         48         16          0         20      39210   nrf_drv_clock.o
        86         18         36          9         12       7502   nrf_pwr_mgmt.o
       556         56         88          3          0      35340   nrf_sdh.o
       354         18         56          1          0       5397   nrf_sdh_ble.o
        84          4         36          0          0       2456   nrf_sdh_soc.o
       112          0          0          0          0       2576   nrf_section_iter.o
       110          0          0          0          0       3340   nrf_sortlist.o
       400         34          0          8          0      40814   nrfx_clock.o
      1744        112         62          0         92      60051   nrfx_gpiote.o
       404         26          0          0          0       9707   nrfx_nvmc.o
        16          6          0          8          0       1862   nrfx_prs.o
      1304         76        170          0         48      21921   nrfx_saadc.o
         0          0          0          0          0       3432   nrfx_uart.o
       256         44          0          2          0       7027   nrfx_wdt.o
       406         34         20          0          0      72709   nvram.o
      1588        172          0          4          0       8767   system_nrf52810.o
       212         30          0         13          0       9686   vbat.o

    ----------------------------------------------------------------------
     24128       1614       1352        332       3848     894415   Object Totals
         0          0         32          0          0          0   (incl. Generated)
        40          0         22          8          5          0   (incl. Padding)

    ----------------------------------------------------------------------

      Code (inc. data)   RO Data    RW Data    ZI Data      Debug   Library Member Name

        86          0          0          0          0          0   __dczerorl2.o
         0          0          0          0          0          0   entry.o
         0          0          0          0          0          0   entry10a.o
         0          0          0          0          0          0   entry11a.o
         4          0          0          0          0          0   entry12b.o
         8          4          0          0          0          0   entry2.o
         4          0          0          0          0          0   entry5.o
         0          0          0          0          0          0   entry7b.o
         0          0          0          0          0          0   entry8b.o
         8          4          0          0          0          0   entry9a.o
        30          0          0          0          0          0   handlers.o
        36          8          0          0          0         68   init.o
         0          0          0          0          0          0   iusefp.o
        30          0          0          0          0         68   llshl.o
        36          0          0          0          0         68   llsshr.o
        32          0          0          0          0         68   llushr.o
        36          0          0          0          0         68   memcpya.o
        36          0          0          0          0        108   memseta.o
        36         10          0          4          0        136   rand.o
        98          0          0          0          0         92   uldiv.o
        56          0          0          0          0         88   d2f.o
       334          0          0          0          0        148   dadd.o
       222          0          0          0          0        100   ddiv.o
       186          0          0          0          0        176   depilogue.o
        50          0          0          0          0         76   dfixui.o
        34          0          0          0          0         76   dflti.o
       228          0          0          0          0         96   dmul.o
       110          0          0          0          0        168   fepilogue.o
        40          0          0          0          0         68   ffixui.o

    ----------------------------------------------------------------------
      1744         26          0          4          0       1672   Library Totals
         4          0          0          0          0          0   (incl. Padding)

    ----------------------------------------------------------------------

      Code (inc. data)   RO Data    RW Data    ZI Data      Debug   Library Name

       480         26          0          4          0        676   mc_w.l
      1260          0          0          0          0        996   mf_w.l

    ----------------------------------------------------------------------
      1744         26          0          4          0       1672   Library Totals

    ----------------------------------------------------------------------

==============================================================================


      Code (inc. data)   RO Data    RW Data    ZI Data      Debug   

     25872       1640       1352        336       3848     879627   Grand Totals
     25872       1640       1352        128       3848     879627   ELF Image Totals (compressed)
     25872       1640       1352        128          0          0   ROM Totals

==============================================================================

    Total RO  Size (Code + RO Data)                27224 (  26.59kB)
    Total RW  Size (RW Data + ZI Data)              4184 (   4.09kB)
    Total ROM Size (Code + RO Data + RW Data)      27352 (  26.71kB)

==============================================================================

